Archive member included to satisfy reference by file (symbol)

/usr/local/gcc-arm-none-eabi-6_2-2016q4/bin/../lib/gcc/arm-none-eabi/6.2.1/../../../../arm-none-eabi/lib/thumb/v6-m/libc_nano.a(lib_a-exit.o)
                              /usr/local/gcc-arm-none-eabi-6_2-2016q4/bin/../lib/gcc/arm-none-eabi/6.2.1/../../../../arm-none-eabi/lib/thumb/v6-m/crt0.o (exit)
/usr/local/gcc-arm-none-eabi-6_2-2016q4/bin/../lib/gcc/arm-none-eabi/6.2.1/../../../../arm-none-eabi/lib/thumb/v6-m/libc_nano.a(lib_a-impure.o)
                              /usr/local/gcc-arm-none-eabi-6_2-2016q4/bin/../lib/gcc/arm-none-eabi/6.2.1/../../../../arm-none-eabi/lib/thumb/v6-m/libc_nano.a(lib_a-exit.o) (_global_impure_ptr)
/usr/local/gcc-arm-none-eabi-6_2-2016q4/bin/../lib/gcc/arm-none-eabi/6.2.1/../../../../arm-none-eabi/lib/thumb/v6-m/libc_nano.a(lib_a-init.o)
                              /usr/local/gcc-arm-none-eabi-6_2-2016q4/bin/../lib/gcc/arm-none-eabi/6.2.1/../../../../arm-none-eabi/lib/thumb/v6-m/crt0.o (__libc_init_array)
/usr/local/gcc-arm-none-eabi-6_2-2016q4/bin/../lib/gcc/arm-none-eabi/6.2.1/../../../../arm-none-eabi/lib/thumb/v6-m/libc_nano.a(lib_a-memcpy-stub.o)
                              build/beacon.o (memcpy)
/usr/local/gcc-arm-none-eabi-6_2-2016q4/bin/../lib/gcc/arm-none-eabi/6.2.1/../../../../arm-none-eabi/lib/thumb/v6-m/libc_nano.a(lib_a-memset.o)
                              /usr/local/gcc-arm-none-eabi-6_2-2016q4/bin/../lib/gcc/arm-none-eabi/6.2.1/../../../../arm-none-eabi/lib/thumb/v6-m/crt0.o (memset)
/usr/local/gcc-arm-none-eabi-6_2-2016q4/bin/../lib/gcc/arm-none-eabi/6.2.1/../../../../arm-none-eabi/lib/thumb/v6-m/libc_nano.a(lib_a-rand.o)
                              build/main.o (srand)
/usr/local/gcc-arm-none-eabi-6_2-2016q4/bin/../lib/gcc/arm-none-eabi/6.2.1/../../../../arm-none-eabi/lib/thumb/v6-m/libc_nano.a(lib_a-snprintf.o)
                              build/beacon.o (snprintf)
/usr/local/gcc-arm-none-eabi-6_2-2016q4/bin/../lib/gcc/arm-none-eabi/6.2.1/../../../../arm-none-eabi/lib/thumb/v6-m/libc_nano.a(lib_a-malloc.o)
                              /usr/local/gcc-arm-none-eabi-6_2-2016q4/bin/../lib/gcc/arm-none-eabi/6.2.1/../../../../arm-none-eabi/lib/thumb/v6-m/libc_nano.a(lib_a-rand.o) (malloc)
/usr/local/gcc-arm-none-eabi-6_2-2016q4/bin/../lib/gcc/arm-none-eabi/6.2.1/../../../../arm-none-eabi/lib/thumb/v6-m/libc_nano.a(lib_a-nano-freer.o)
                              /usr/local/gcc-arm-none-eabi-6_2-2016q4/bin/../lib/gcc/arm-none-eabi/6.2.1/../../../../arm-none-eabi/lib/thumb/v6-m/libc_nano.a(lib_a-malloc.o) (_free_r)
/usr/local/gcc-arm-none-eabi-6_2-2016q4/bin/../lib/gcc/arm-none-eabi/6.2.1/../../../../arm-none-eabi/lib/thumb/v6-m/libc_nano.a(lib_a-nano-mallocr.o)
                              /usr/local/gcc-arm-none-eabi-6_2-2016q4/bin/../lib/gcc/arm-none-eabi/6.2.1/../../../../arm-none-eabi/lib/thumb/v6-m/libc_nano.a(lib_a-malloc.o) (_malloc_r)
/usr/local/gcc-arm-none-eabi-6_2-2016q4/bin/../lib/gcc/arm-none-eabi/6.2.1/../../../../arm-none-eabi/lib/thumb/v6-m/libc_nano.a(lib_a-nano-svfprintf.o)
                              /usr/local/gcc-arm-none-eabi-6_2-2016q4/bin/../lib/gcc/arm-none-eabi/6.2.1/../../../../arm-none-eabi/lib/thumb/v6-m/libc_nano.a(lib_a-snprintf.o) (_svfprintf_r)
/usr/local/gcc-arm-none-eabi-6_2-2016q4/bin/../lib/gcc/arm-none-eabi/6.2.1/../../../../arm-none-eabi/lib/thumb/v6-m/libc_nano.a(lib_a-nano-vfprintf_i.o)
                              /usr/local/gcc-arm-none-eabi-6_2-2016q4/bin/../lib/gcc/arm-none-eabi/6.2.1/../../../../arm-none-eabi/lib/thumb/v6-m/libc_nano.a(lib_a-nano-svfprintf.o) (_printf_i)
/usr/local/gcc-arm-none-eabi-6_2-2016q4/bin/../lib/gcc/arm-none-eabi/6.2.1/../../../../arm-none-eabi/lib/thumb/v6-m/libc_nano.a(lib_a-sbrkr.o)
                              /usr/local/gcc-arm-none-eabi-6_2-2016q4/bin/../lib/gcc/arm-none-eabi/6.2.1/../../../../arm-none-eabi/lib/thumb/v6-m/libc_nano.a(lib_a-nano-mallocr.o) (_sbrk_r)
/usr/local/gcc-arm-none-eabi-6_2-2016q4/bin/../lib/gcc/arm-none-eabi/6.2.1/../../../../arm-none-eabi/lib/thumb/v6-m/libc_nano.a(lib_a-memchr-stub.o)
                              /usr/local/gcc-arm-none-eabi-6_2-2016q4/bin/../lib/gcc/arm-none-eabi/6.2.1/../../../../arm-none-eabi/lib/thumb/v6-m/libc_nano.a(lib_a-nano-svfprintf.o) (memchr)
/usr/local/gcc-arm-none-eabi-6_2-2016q4/bin/../lib/gcc/arm-none-eabi/6.2.1/../../../../arm-none-eabi/lib/thumb/v6-m/libc_nano.a(lib_a-memmove.o)
                              /usr/local/gcc-arm-none-eabi-6_2-2016q4/bin/../lib/gcc/arm-none-eabi/6.2.1/../../../../arm-none-eabi/lib/thumb/v6-m/libc_nano.a(lib_a-nano-svfprintf.o) (memmove)
/usr/local/gcc-arm-none-eabi-6_2-2016q4/bin/../lib/gcc/arm-none-eabi/6.2.1/../../../../arm-none-eabi/lib/thumb/v6-m/libc_nano.a(lib_a-mlock.o)
                              /usr/local/gcc-arm-none-eabi-6_2-2016q4/bin/../lib/gcc/arm-none-eabi/6.2.1/../../../../arm-none-eabi/lib/thumb/v6-m/libc_nano.a(lib_a-nano-freer.o) (__malloc_lock)
[...]
Memory Configuration

Name             Origin             Length             Attributes
RAM              0x0000000020000000 0x0000000000002000 xrw
FLASH            0x0000000008000000 0x0000000000010000 xr
*default*        0x0000000000000000 0xffffffffffffffff

Linker script and memory map

LOAD /usr/local/gcc-arm-none-eabi-6_2-2016q4/bin/../lib/gcc/arm-none-eabi/6.2.1/thumb/v6-m/crti.o
LOAD /usr/local/gcc-arm-none-eabi-6_2-2016q4/bin/../lib/gcc/arm-none-eabi/6.2.1/thumb/v6-m/crtbegin.o
LOAD /usr/local/gcc-arm-none-eabi-6_2-2016q4/bin/../lib/gcc/arm-none-eabi/6.2.1/../../../../arm-none-eabi/lib/thumb/v6-m/crt0.o
LOAD build/als.o
LOAD build/beacon.o
LOAD build/board_id.o
LOAD build/color.o
LOAD build/crc.o
LOAD build/iprintf.o
LOAD build/ir.o
LOAD build/led.o
LOAD build/lighting.o
LOAD build/main.o
LOAD build/pattern.o
LOAD build/platform_hw.o
LOAD build/power.o
LOAD build/stm32f0xx_hal_msp.o
LOAD build/stm32f0xx_it.o
LOAD build/system_stm32f0xx.o
LOAD build/tables.o
LOAD build/terrible_timer.o
LOAD build/test.o
LOAD build/test_patterns.o
LOAD build/version.o
LOAD build/stm32f0xx_hal.o
LOAD build/stm32f0xx_hal_adc.o
LOAD build/stm32f0xx_hal_adc_ex.o
LOAD build/stm32f0xx_hal_cortex.o
LOAD build/stm32f0xx_hal_dma.o
LOAD build/stm32f0xx_hal_flash.o
LOAD build/stm32f0xx_hal_flash_ex.o
LOAD build/stm32f0xx_hal_gpio.o
LOAD build/stm32f0xx_hal_i2c.o
LOAD build/stm32f0xx_hal_i2c_ex.o
LOAD build/stm32f0xx_hal_pwr.o
LOAD build/stm32f0xx_hal_pwr_ex.o
LOAD build/stm32f0xx_hal_rcc.o
LOAD build/stm32f0xx_hal_rcc_ex.o
LOAD build/stm32f0xx_hal_spi.o
LOAD build/stm32f0xx_hal_spi_ex.o
LOAD build/stm32f0xx_hal_tim.o
LOAD build/stm32f0xx_hal_tim_ex.o
LOAD build/stm32f0xx_hal_uart.o
LOAD build/stm32f0xx_hal_uart_ex.o
LOAD build/yabi.o
LOAD build/startup_stm32f051x8.o
LOAD /usr/local/gcc-arm-none-eabi-6_2-2016q4/bin/../lib/gcc/arm-none-eabi/6.2.1/../../../../arm-none-eabi/lib/thumb/v6-m/libc_nano.a
LOAD /usr/local/gcc-arm-none-eabi-6_2-2016q4/bin/../lib/gcc/arm-none-eabi/6.2.1/../../../../arm-none-eabi/lib/thumb/v6-m/libnosys.a
LOAD /usr/local/gcc-arm-none-eabi-6_2-2016q4/bin/../lib/gcc/arm-none-eabi/6.2.1/../../../../arm-none-eabi/lib/thumb/v6-m/libm.a
START GROUP
LOAD /usr/local/gcc-arm-none-eabi-6_2-2016q4/bin/../lib/gcc/arm-none-eabi/6.2.1/thumb/v6-m/libgcc.a
LOAD /usr/local/gcc-arm-none-eabi-6_2-2016q4/bin/../lib/gcc/arm-none-eabi/6.2.1/../../../../arm-none-eabi/lib/thumb/v6-m/libc_nano.a
END GROUP
START GROUP
LOAD /usr/local/gcc-arm-none-eabi-6_2-2016q4/bin/../lib/gcc/arm-none-eabi/6.2.1/thumb/v6-m/libgcc.a
LOAD /usr/local/gcc-arm-none-eabi-6_2-2016q4/bin/../lib/gcc/arm-none-eabi/6.2.1/../../../../arm-none-eabi/lib/thumb/v6-m/libc_nano.a
END GROUP
LOAD /usr/local/gcc-arm-none-eabi-6_2-2016q4/bin/../lib/gcc/arm-none-eabi/6.2.1/thumb/v6-m/crtend.o
LOAD /usr/local/gcc-arm-none-eabi-6_2-2016q4/bin/../lib/gcc/arm-none-eabi/6.2.1/thumb/v6-m/crtn.o
                0x0000000020002000                _estack = 0x20002000
                0x0000000000000200                _Min_Heap_Size = 0x200
                0x0000000000000400                _Min_Stack_Size = 0x400

.isr_vector     0x0000000008000000       0xc0
                0x0000000008000000                . = ALIGN (0x4)
 *(.isr_vector)
 .isr_vector    0x0000000008000000       0xc0 build/startup_stm32f051x8.o
                0x0000000008000000                g_pfnVectors
                0x00000000080000c0                . = ALIGN (0x4)

.text           0x00000000080000c0     0xc4ec
                0x00000000080000c0                . = ALIGN (0x4)
 *(.text)
 .text          0x00000000080000c0       0x60 /usr/local/gcc-arm-none-eabi-6_2-2016q4/bin/../lib/gcc/arm-none-eabi/6.2.1/thumb/v6-m/crtbegin.o
 .text          0x0000000008000120      0x114 /usr/local/gcc-arm-none-eabi-6_2-2016q4/bin/../lib/gcc/arm-none-eabi/6.2.1/thumb/v6-m/libgcc.a(_udivsi3.o)
                0x0000000008000120                __udivsi3
                0x0000000008000120                __aeabi_uidiv
                0x000000000800022c                __aeabi_uidivmod
 .text          0x0000000008000234      0x1d4 /usr/local/gcc-arm-none-eabi-6_2-2016q4/bin/../lib/gcc/arm-none-eabi/6.2.1/thumb/v6-m/libgcc.a(_divsi3.o)
                0x0000000008000234                __aeabi_idiv
                0x0000000008000234                __divsi3
                0x0000000008000400                __aeabi_idivmod
 .text          0x0000000008000408        0x4 /usr/local/gcc-arm-none-eabi-6_2-2016q4/bin/../lib/gcc/arm-none-eabi/6.2.1/thumb/v6-m/libgcc.a(_dvmd_tls.o)
                0x0000000008000408                __aeabi_ldiv0
                0x0000000008000408                __aeabi_idiv0
 .text          0x000000000800040c       0x7c /usr/local/gcc-arm-none-eabi-6_2-2016q4/bin/../lib/gcc/arm-none-eabi/6.2.1/thumb/v6-m/libgcc.a(_arm_cmpdf2.o)
                0x000000000800040c                __aeabi_cdrcmple
                0x000000000800041c                __aeabi_cdcmple
                0x000000000800041c                __aeabi_cdcmpeq
                0x000000000800042c                __aeabi_dcmpeq
                0x0000000008000438                __aeabi_dcmplt
                0x000000000800044c                __aeabi_dcmple
                0x0000000008000460                __aeabi_dcmpgt
                0x0000000008000474                __aeabi_dcmpge
 .text          0x0000000008000488       0x74 /usr/local/gcc-arm-none-eabi-6_2-2016q4/bin/../lib/gcc/arm-none-eabi/6.2.1/thumb/v6-m/libgcc.a(_arm_cmpsf2.o)
                0x0000000008000488                __aeabi_cfrcmple
                0x0000000008000490                __aeabi_cfcmple
                0x0000000008000490                __aeabi_cfcmpeq
                0x00000000080004a0                __aeabi_fcmpeq
                0x00000000080004ac                __aeabi_fcmplt
                0x00000000080004c0                __aeabi_fcmple
                0x00000000080004d4                __aeabi_fcmpgt
                0x00000000080004e8                __aeabi_fcmpge
 .text          0x00000000080004fc       0x54 /usr/local/gcc-arm-none-eabi-6_2-2016q4/bin/../lib/gcc/arm-none-eabi/6.2.1/thumb/v6-m/libgcc.a(_muldi3.o)
                0x00000000080004fc                __aeabi_lmul
                0x00000000080004fc                __muldi3
 .text          0x0000000008000550       0x30 /usr/local/gcc-arm-none-eabi-6_2-2016q4/bin/../lib/gcc/arm-none-eabi/6.2.1/thumb/v6-m/libgcc.a(_fixunssfsi.o)
                0x0000000008000550                __aeabi_f2uiz
                0x0000000008000550                __fixunssfsi
 .text          0x0000000008000580       0x3c /usr/local/gcc-arm-none-eabi-6_2-2016q4/bin/../lib/gcc/arm-none-eabi/6.2.1/thumb/v6-m/libgcc.a(_fixunsdfsi.o)
                0x0000000008000580                __fixunsdfsi
                0x0000000008000580                __aeabi_d2uiz
 .text          0x00000000080005bc      0x324 /usr/local/gcc-arm-none-eabi-6_2-2016q4/bin/../lib/gcc/arm-none-eabi/6.2.1/thumb/v6-m/libgcc.a(addsf3.o)
                0x00000000080005bc                __aeabi_fadd
 .text          0x00000000080008e0      0x290 /usr/local/gcc-arm-none-eabi-6_2-2016q4/bin/../lib/gcc/arm-none-eabi/6.2.1/thumb/v6-m/libgcc.a(divsf3.o)
                0x00000000080008e0                __aeabi_fdiv
 .text          0x0000000008000b70       0x4c /usr/local/gcc-arm-none-eabi-6_2-2016q4/bin/../lib/gcc/arm-none-eabi/6.2.1/thumb/v6-m/libgcc.a(eqsf2.o)
                0x0000000008000b70                __nesf2
                0x0000000008000b70                __eqsf2
 .text          0x0000000008000bbc       0x80 /usr/local/gcc-arm-none-eabi-6_2-2016q4/bin/../lib/gcc/arm-none-eabi/6.2.1/thumb/v6-m/libgcc.a(gesf2.o)
                0x0000000008000bbc                __gtsf2
                0x0000000008000bbc                __gesf2
 .text          0x0000000008000c3c       0x84 /usr/local/gcc-arm-none-eabi-6_2-2016q4/bin/../lib/gcc/arm-none-eabi/6.2.1/thumb/v6-m/libgcc.a(lesf2.o)
                0x0000000008000c3c                __lesf2
                0x0000000008000c3c                __ltsf2
 .text          0x0000000008000cc0      0x240 /usr/local/gcc-arm-none-eabi-6_2-2016q4/bin/../lib/gcc/arm-none-eabi/6.2.1/thumb/v6-m/libgcc.a(mulsf3.o)
                0x0000000008000cc0                __aeabi_fmul
 .text          0x0000000008000f00      0x338 /usr/local/gcc-arm-none-eabi-6_2-2016q4/bin/../lib/gcc/arm-none-eabi/6.2.1/thumb/v6-m/libgcc.a(subsf3.o)
                0x0000000008000f00                __aeabi_fsub
 .text          0x0000000008001238       0x40 /usr/local/gcc-arm-none-eabi-6_2-2016q4/bin/../lib/gcc/arm-none-eabi/6.2.1/thumb/v6-m/libgcc.a(fixsfsi.o)
                0x0000000008001238                __aeabi_f2iz
 .text          0x0000000008001278       0xa0 /usr/local/gcc-arm-none-eabi-6_2-2016q4/bin/../lib/gcc/arm-none-eabi/6.2.1/thumb/v6-m/libgcc.a(floatsisf.o)
                0x0000000008001278                __aeabi_i2f
 .text          0x0000000008001318       0x8c /usr/local/gcc-arm-none-eabi-6_2-2016q4/bin/../lib/gcc/arm-none-eabi/6.2.1/thumb/v6-m/libgcc.a(floatunsisf.o)
                0x0000000008001318                __aeabi_ui2f
 .text          0x00000000080013a4      0x620 /usr/local/gcc-arm-none-eabi-6_2-2016q4/bin/../lib/gcc/arm-none-eabi/6.2.1/thumb/v6-m/libgcc.a(adddf3.o)
                0x00000000080013a4                __aeabi_dadd
 .text          0x00000000080019c4      0x668 /usr/local/gcc-arm-none-eabi-6_2-2016q4/bin/../lib/gcc/arm-none-eabi/6.2.1/thumb/v6-m/libgcc.a(divdf3.o)
                0x00000000080019c4                __aeabi_ddiv
 .text          0x000000000800202c       0x74 /usr/local/gcc-arm-none-eabi-6_2-2016q4/bin/../lib/gcc/arm-none-eabi/6.2.1/thumb/v6-m/libgcc.a(eqdf2.o)
                0x000000000800202c                __eqdf2
                0x000000000800202c                __nedf2
 .text          0x00000000080020a0       0xc8 /usr/local/gcc-arm-none-eabi-6_2-2016q4/bin/../lib/gcc/arm-none-eabi/6.2.1/thumb/v6-m/libgcc.a(gedf2.o)
                0x00000000080020a0                __gtdf2
                0x00000000080020a0                __gedf2
 .text          0x0000000008002168       0xc4 /usr/local/gcc-arm-none-eabi-6_2-2016q4/bin/../lib/gcc/arm-none-eabi/6.2.1/thumb/v6-m/libgcc.a(ledf2.o)
                0x0000000008002168                __ltdf2
                0x0000000008002168                __ledf2
 .text          0x000000000800222c      0x500 /usr/local/gcc-arm-none-eabi-6_2-2016q4/bin/../lib/gcc/arm-none-eabi/6.2.1/thumb/v6-m/libgcc.a(muldf3.o)
                0x000000000800222c                __aeabi_dmul
 .text          0x000000000800272c      0x62c /usr/local/gcc-arm-none-eabi-6_2-2016q4/bin/../lib/gcc/arm-none-eabi/6.2.1/thumb/v6-m/libgcc.a(subdf3.o)
                0x000000000800272c                __aeabi_dsub
 .text          0x0000000008002d58       0x68 /usr/local/gcc-arm-none-eabi-6_2-2016q4/bin/../lib/gcc/arm-none-eabi/6.2.1/thumb/v6-m/libgcc.a(fixdfsi.o)
                0x0000000008002d58                __aeabi_d2iz
 .text          0x0000000008002dc0       0x84 /usr/local/gcc-arm-none-eabi-6_2-2016q4/bin/../lib/gcc/arm-none-eabi/6.2.1/thumb/v6-m/libgcc.a(floatsidf.o)
                0x0000000008002dc0                __aeabi_i2d
 .text          0x0000000008002e44       0xa4 /usr/local/gcc-arm-none-eabi-6_2-2016q4/bin/../lib/gcc/arm-none-eabi/6.2.1/thumb/v6-m/libgcc.a(extendsfdf2.o)
                0x0000000008002e44                __aeabi_f2d
 .text          0x0000000008002ee8      0x114 /usr/local/gcc-arm-none-eabi-6_2-2016q4/bin/../lib/gcc/arm-none-eabi/6.2.1/thumb/v6-m/libgcc.a(truncdfsf2.o)
                0x0000000008002ee8                __aeabi_d2f
 .text          0x0000000008002ffc       0x3c /usr/local/gcc-arm-none-eabi-6_2-2016q4/bin/../lib/gcc/arm-none-eabi/6.2.1/thumb/v6-m/libgcc.a(_clzsi2.o)
                0x0000000008002ffc                __clzsi2
 *(.text*)
 .text.als_Init
                0x0000000008003038       0x40 build/als.o
                0x0000000008003038                als_Init
 .text.als_StartReading
                0x0000000008003078       0x30 build/als.o
                0x0000000008003078                als_StartReading
 .text.als_GetLux
                0x00000000080030a8       0xa0 build/als.o
                0x00000000080030a8                als_GetLux
 .text._ADCConfig
                0x0000000008003148       0xb4 build/als.o
 .text.beacon_Init
                0x00000000080031fc        0xe build/beacon.o
                0x00000000080031fc                beacon_Init
 *fill*         0x000000000800320a        0x2 
 .text.beacon_Send
                0x000000000800320c       0x44 build/beacon.o
                0x000000000800320c                beacon_Send
 .text.beacon_HaveReceived
                0x0000000008003250       0xa8 build/beacon.o
                0x0000000008003250                beacon_HaveReceived
 .text.bid_GetID
                0x00000000080032f8       0x38 build/board_id.o
                0x00000000080032f8                bid_GetID
 .text.bid_GetIDCrc
                0x0000000008003330       0x24 build/board_id.o
                0x0000000008003330                bid_GetIDCrc
 .text.color_HSV2RGB
                0x0000000008003354      0x66c build/color.o
                0x0000000008003354                color_HSV2RGB
 .text.color_CIECorrect
                0x00000000080039c0       0x40 build/color.o
                0x00000000080039c0                color_CIECorrect
 .text.crc_CRC8
                0x0000000008003a00       0x9c build/crc.o
                0x0000000008003a00                crc_CRC8
 .text.iputc    0x0000000008003a9c       0x28 build/iprintf.o
 .text.change   0x0000000008003ac4       0x1c build/iprintf.o
 .text.iprintf  0x0000000008003ae0      0x1ce build/iprintf.o
                0x0000000008003ae0                iprintf
 *fill*         0x0000000008003cae        0x2 
 .text.TIM3_Init
                0x0000000008003cb0       0x7c build/ir.o
 .text.TIM17_Init
                0x0000000008003d2c      0x110 build/ir.o
 .text.delayTicks
                0x0000000008003e3c       0x64 build/ir.o
 .text.startIRPulseTimer
                0x0000000008003ea0       0x2c build/ir.o
 .text.stopIRPulseTimer
                0x0000000008003ecc       0x18 build/ir.o
 .text.HAL_TIM_PeriodElapsedCallback
                0x0000000008003ee4       0x4c build/ir.o
                0x0000000008003ee4                HAL_TIM_PeriodElapsedCallback
 .text.IRInit   0x0000000008003f30       0x74 build/ir.o
                0x0000000008003f30                IRInit
 .text.ir_TestInit
                0x0000000008003fa4       0x3c build/ir.o
                0x0000000008003fa4                ir_TestInit
 .text.ir_TestSetEnableTX
                0x0000000008003fe0       0x40 build/ir.o
                0x0000000008003fe0                ir_TestSetEnableTX
 .text.IRStartStop
                0x0000000008004020       0x38 build/ir.o
 .text.IRZero   0x0000000008004058       0x38 build/ir.o
 .text.IROne    0x0000000008004090       0x38 build/ir.o
 .text.IRTxByte
                0x00000000080040c8       0x40 build/ir.o
 .text.IRTxBuff
                0x0000000008004108       0xa8 build/ir.o
                0x0000000008004108                IRTxBuff
 .text.IRRxBit  0x00000000080041b0       0xd0 build/ir.o
 .text.IRBytesAvailable
                0x0000000008004280       0x38 build/ir.o
                0x0000000008004280                IRBytesAvailable
 .text.IRStartRx
                0x00000000080042b8       0x5c build/ir.o
 .text.IRStopRX
                0x0000000008004314       0x40 build/ir.o
 .text.IRDataReady
                0x0000000008004354       0x40 build/ir.o
                0x0000000008004354                IRDataReady
 .text.IRGetBuff
                0x0000000008004394       0x3c build/ir.o
                0x0000000008004394                IRGetBuff
 .text.IRStateMachine
                0x00000000080043d0      0x1c8 build/ir.o
 .text.HAL_GPIO_EXTI_Callback
                0x0000000008004598       0x2c build/ir.o
                0x0000000008004598                HAL_GPIO_EXTI_Callback
 .text.crc_update
                0x00000000080045c4       0xa8 build/ir.o
 .text.crc_init
                0x000000000800466c        0xc build/ir.o
 .text.crc_finalize
                0x0000000008004678       0x18 build/ir.o
 .text.led_Init
                0x0000000008004690       0x3c build/led.o
                0x0000000008004690                led_Init
 .text.led_TestInit
                0x00000000080046cc        0xe build/led.o
                0x00000000080046cc                led_TestInit
 *fill*         0x00000000080046da        0x2 
 .text._ConfigureLEDController
                0x00000000080046dc      0x114 build/led.o
 .text.led_ClearDisplay
                0x00000000080047f0       0x20 build/led.o
                0x00000000080047f0                led_ClearDisplay
 .text.led_SetGlobalBrightness
                0x0000000008004810       0x8c build/led.o
                0x0000000008004810                led_SetGlobalBrightness
 .text.led_Pause
                0x000000000800489c        0xe build/led.o
                0x000000000800489c                led_Pause
 .text.led_Resume
                0x00000000080048aa        0xe build/led.o
                0x00000000080048aa                led_Resume
 .text.led_DrawPixelLinear
                0x00000000080048b8       0xa8 build/led.o
                0x00000000080048b8                led_DrawPixelLinear
 .text.led_UpdateDisplay
                0x0000000008004960      0x13c build/led.o
                0x0000000008004960                led_UpdateDisplay
 .text.HAL_I2C_MasterTxCpltCallback
                0x0000000008004a9c       0x1c build/led.o
                0x0000000008004a9c                HAL_I2C_MasterTxCpltCallback
 .text.led_TestExEnableBank
                0x0000000008004ab8       0x6c build/led.o
                0x0000000008004ab8                led_TestExEnableBank
 .text.led_TestDrawPixel
                0x0000000008004b24       0xc0 build/led.o
                0x0000000008004b24                led_TestDrawPixel
 .text._WriteRow
                0x0000000008004be4       0x88 build/led.o
 .text._EnableChannel
                0x0000000008004c6c       0x8c build/led.o
 .text.led_TestRefresh
                0x0000000008004cf8       0x22 build/led.o
                0x0000000008004cf8                led_TestRefresh
 *fill*         0x0000000008004d1a        0x2 
 .text._ForceUpdateRow
                0x0000000008004d1c       0x5c build/led.o
 .text._ConfigureFrameClock
                0x0000000008004d78       0x48 build/led.o
 .text._configureMapping
                0x0000000008004dc0      0x150 build/led.o
 .text.led_MatrixStart
                0x0000000008004f10       0x18 build/led.o
                0x0000000008004f10                led_MatrixStart
 .text.led_MatrixStop
                0x0000000008004f28       0x18 build/led.o
                0x0000000008004f28                led_MatrixStop
 .text.lighting_Init
                0x0000000008004f40       0x28 build/lighting.o
                0x0000000008004f40                lighting_Init
 .text.lighting_Timeslice
                0x0000000008004f68       0xa0 build/lighting.o
                0x0000000008004f68                lighting_Timeslice
 .text.lighting_DrawPixelLinear
                0x0000000008005008       0xc0 build/lighting.o
                0x0000000008005008                lighting_DrawPixelLinear
 .text.lighting_DrawRing
                0x00000000080050c8       0x94 build/lighting.o
                0x00000000080050c8                lighting_DrawRing
 .text.setupYABI
                0x000000000800515c       0x64 build/lighting.o
 .text._yabiHwInit
                0x00000000080051c0       0x20 build/lighting.o
 .text._yabiSetChannelCB
                0x00000000080051e0       0x3c build/lighting.o
 .text._rolloverInterpolator
                0x000000000800521c      0x11c build/lighting.o
 .text.main     0x0000000008005338       0xb0 build/main.o
                0x0000000008005338                main
 .text.VersionToLEDs
                0x00000000080053e8       0xc8 build/main.o
 .text.main_DoButton
                0x00000000080054b0       0x64 build/main.o
                0x00000000080054b0                main_DoButton
 .text.pattern_Init
                0x0000000008005514       0x70 build/pattern.o
                0x0000000008005514                pattern_Init
 .text.pattern_DoSendBeacon
                0x0000000008005584       0x18 build/pattern.o
                0x0000000008005584                pattern_DoSendBeacon
 .text.pattern_Timeslice
                0x000000000800559c       0xa4 build/pattern.o
                0x000000000800559c                pattern_Timeslice
 .text.applyFrameLengthChanges
                0x0000000008005640       0xb0 build/pattern.o
 .text.applyJitterChanges
                0x00000000080056f0       0xa4 build/pattern.o
 .text.applyAnimationFrame
                0x0000000008005794       0xd8 build/pattern.o
 .text.handleAnimationFrame
                0x000000000800586c       0x70 build/pattern.o
 .text.getAnimationClockPeriod
                0x00000000080058dc       0x38 build/pattern.o
 .text.applyRampState
                0x0000000008005914      0x11c build/pattern.o
 .text.platformHW_Init
                0x0000000008005a30       0x26 build/platform_hw.o
                0x0000000008005a30                platformHW_Init
 .text.setKeepAlivePin
                0x0000000008005a56       0x30 build/platform_hw.o
 .text.SystemClock_Config
                0x0000000008005a86       0xdc build/platform_hw.o
 *fill*         0x0000000008005b62        0x2 
 .text.MX_USART1_UART_Init
                0x0000000008005b64       0x60 build/platform_hw.o
 .text.MX_USART2_UART_Init
                0x0000000008005bc4       0x60 build/platform_hw.o
 .text.MX_I2C1_Init
                0x0000000008005c24       0x70 build/platform_hw.o
 .text.MX_GPIO_Init
                0x0000000008005c94      0x1a8 build/platform_hw.o
 .text.Error_Handler
                0x0000000008005e3c       0x28 build/platform_hw.o
 .text.HAL_MspInit
                0x0000000008005e64       0x54 build/stm32f0xx_hal_msp.o
                0x0000000008005e64                HAL_MspInit
 .text.HAL_UART_MspInit
                0x0000000008005eb8       0xdc build/stm32f0xx_hal_msp.o
                0x0000000008005eb8                HAL_UART_MspInit
 .text.HAL_I2C_MspInit
                0x0000000008005f94       0x88 build/stm32f0xx_hal_msp.o
                0x0000000008005f94                HAL_I2C_MspInit
 .text.HAL_TIM_Base_MspInit
                0x000000000800601c      0x154 build/stm32f0xx_hal_msp.o
                0x000000000800601c                HAL_TIM_Base_MspInit
 .text.SysTick_Handler
                0x0000000008006170       0x12 build/stm32f0xx_it.o
                0x0000000008006170                SysTick_Handler
 *fill*         0x0000000008006182        0x2 
 .text.EXTI0_1_IRQHandler
                0x0000000008006184       0x48 build/stm32f0xx_it.o
                0x0000000008006184                EXTI0_1_IRQHandler
 .text.EXTI4_15_IRQHandler
                0x00000000080061cc       0x54 build/stm32f0xx_it.o
                0x00000000080061cc                EXTI4_15_IRQHandler
 .text.I2C1_IRQHandler
                0x0000000008006220       0x30 build/stm32f0xx_it.o
                0x0000000008006220                I2C1_IRQHandler
 .text.TIM14_IRQHandler
                0x0000000008006250       0x1c build/stm32f0xx_it.o
                0x0000000008006250                TIM14_IRQHandler
 .text.EXTI2_3_IRQHandler
                0x000000000800626c       0x30 build/stm32f0xx_it.o
                0x000000000800626c                EXTI2_3_IRQHandler
 .text.TIM3_IRQHandler
                0x000000000800629c       0x18 build/stm32f0xx_it.o
                0x000000000800629c                TIM3_IRQHandler
 .text.SystemInit
                0x00000000080062b4       0x88 build/system_stm32f0xx.o
                0x00000000080062b4                SystemInit
 .text.ttimer_Set
                0x000000000800633c       0x48 build/terrible_timer.o
                0x000000000800633c                ttimer_Set
 .text.ttimer_Adjust
                0x0000000008006384       0x1e build/terrible_timer.o
                0x0000000008006384                ttimer_Adjust
 .text.ttimer_Restart
                0x00000000080063a2       0x20 build/terrible_timer.o
                0x00000000080063a2                ttimer_Restart
 .text.ttimer_HasElapsed
                0x00000000080063c2       0x4c build/terrible_timer.o
                0x00000000080063c2                ttimer_HasElapsed
 *fill*         0x000000000800640e        0x2 
 .text.test_EnterTestMode
                0x0000000008006410       0x38 build/test.o
                0x0000000008006410                test_EnterTestMode
 .text._getModeIRPinState
                0x0000000008006448       0x64 build/test.o
 .text._TestIRTXRX
                0x00000000080064ac      0x12c build/test.o
 .text._ShowColorOnBank
                0x00000000080065d8       0x48 build/test.o
 .text._TestLED_R
                0x0000000008006620       0x38 build/test.o
 .text._TestLED_G
                0x0000000008006658       0x38 build/test.o
 .text._TestLED_B
                0x0000000008006690       0x38 build/test.o
 .text._ResetState
                0x00000000080066c8       0x3c build/test.o
 .text.test_DoTests
                0x0000000008006704      0x188 build/test.o
                0x0000000008006704                test_DoTests
 .text.test_UserButton
                0x000000000800688c       0x44 build/test.o
                0x000000000800688c                test_UserButton
 .text.test_DoTPButton
                0x00000000080068d0       0x54 build/test.o
                0x00000000080068d0                test_DoTPButton
 .text._SetTestStatusLEDs
                0x0000000008006924       0x92 build/test.o
 *fill*         0x00000000080069b6        0x2 
 .text._SetTestpoint
                0x00000000080069b8       0x70 build/test.o
 .text.TestPatterns_Button
                0x0000000008006a28       0x20 build/test_patterns.o
                0x0000000008006a28                TestPatterns_Button
 .text.HAL_Init
                0x0000000008006a48       0x28 build/stm32f0xx_hal.o
                0x0000000008006a48                HAL_Init
 .text.HAL_InitTick
                0x0000000008006a70       0x38 build/stm32f0xx_hal.o
                0x0000000008006a70                HAL_InitTick
 .text.HAL_IncTick
                0x0000000008006aa8       0x18 build/stm32f0xx_hal.o
                0x0000000008006aa8                HAL_IncTick
 .text.HAL_GetTick
                0x0000000008006ac0       0x14 build/stm32f0xx_hal.o
                0x0000000008006ac0                HAL_GetTick
 .text.HAL_Delay
                0x0000000008006ad4       0x2e build/stm32f0xx_hal.o
                0x0000000008006ad4                HAL_Delay
 *fill*         0x0000000008006b02        0x2 
 .text.HAL_ADC_Init
                0x0000000008006b04      0x27c build/stm32f0xx_hal_adc.o
                0x0000000008006b04                HAL_ADC_Init
 .text.HAL_ADC_MspInit
                0x0000000008006d80       0x10 build/stm32f0xx_hal_adc.o
                0x0000000008006d80                HAL_ADC_MspInit
 .text.HAL_ADC_Start
                0x0000000008006d90       0xa8 build/stm32f0xx_hal_adc.o
                0x0000000008006d90                HAL_ADC_Start
 .text.HAL_ADC_Stop
                0x0000000008006e38       0x84 build/stm32f0xx_hal_adc.o
                0x0000000008006e38                HAL_ADC_Stop
 .text.HAL_ADC_PollForConversion
                0x0000000008006ebc      0x120 build/stm32f0xx_hal_adc.o
                0x0000000008006ebc                HAL_ADC_PollForConversion
 .text.HAL_ADC_GetValue
                0x0000000008006fdc       0x16 build/stm32f0xx_hal_adc.o
                0x0000000008006fdc                HAL_ADC_GetValue
 *fill*         0x0000000008006ff2        0x2 
 .text.HAL_ADC_ConfigChannel
                0x0000000008006ff4      0x21c build/stm32f0xx_hal_adc.o
                0x0000000008006ff4                HAL_ADC_ConfigChannel
 .text.ADC_Enable
                0x0000000008007210       0xf8 build/stm32f0xx_hal_adc.o
 .text.ADC_Disable
                0x0000000008007308       0xd2 build/stm32f0xx_hal_adc.o
 .text.ADC_ConversionStop
                0x00000000080073da       0x8a build/stm32f0xx_hal_adc.o
 .text.NVIC_EnableIRQ
                0x0000000008007464       0x2c build/stm32f0xx_hal_cortex.o
 .text.NVIC_DisableIRQ
                0x0000000008007490       0x30 build/stm32f0xx_hal_cortex.o
 .text.NVIC_SetPriority
                0x00000000080074c0       0xdc build/stm32f0xx_hal_cortex.o
 .text.NVIC_SystemReset
                0x000000000800759c       0x20 build/stm32f0xx_hal_cortex.o
 .text.SysTick_Config
                0x00000000080075bc       0x48 build/stm32f0xx_hal_cortex.o
 .text.HAL_NVIC_SetPriority
                0x0000000008007604       0x2c build/stm32f0xx_hal_cortex.o
                0x0000000008007604                HAL_NVIC_SetPriority
 .text.HAL_NVIC_EnableIRQ
                0x0000000008007630       0x20 build/stm32f0xx_hal_cortex.o
                0x0000000008007630                HAL_NVIC_EnableIRQ
 .text.HAL_NVIC_DisableIRQ
                0x0000000008007650       0x20 build/stm32f0xx_hal_cortex.o
                0x0000000008007650                HAL_NVIC_DisableIRQ
 .text.HAL_NVIC_SystemReset
                0x0000000008007670        0xe build/stm32f0xx_hal_cortex.o
                0x0000000008007670                HAL_NVIC_SystemReset
 .text.HAL_SYSTICK_Config
                0x000000000800767e       0x1a build/stm32f0xx_hal_cortex.o
                0x000000000800767e                HAL_SYSTICK_Config
 .text.HAL_SYSTICK_CLKSourceConfig
                0x0000000008007698       0x34 build/stm32f0xx_hal_cortex.o
                0x0000000008007698                HAL_SYSTICK_CLKSourceConfig
 .text.HAL_SYSTICK_IRQHandler
                0x00000000080076cc        0xe build/stm32f0xx_hal_cortex.o
                0x00000000080076cc                HAL_SYSTICK_IRQHandler
 .text.HAL_SYSTICK_Callback
                0x00000000080076da        0xa build/stm32f0xx_hal_cortex.o
                0x00000000080076da                HAL_SYSTICK_Callback
 .text.HAL_DMA_Abort_IT
                0x00000000080076e4       0x8c build/stm32f0xx_hal_dma.o
                0x00000000080076e4                HAL_DMA_Abort_IT
 .text.HAL_GPIO_Init
                0x0000000008007770      0x2e8 build/stm32f0xx_hal_gpio.o
                0x0000000008007770                HAL_GPIO_Init
 .text.HAL_GPIO_ReadPin
                0x0000000008007a58       0x3a build/stm32f0xx_hal_gpio.o
                0x0000000008007a58                HAL_GPIO_ReadPin
 .text.HAL_GPIO_WritePin
                0x0000000008007a92       0x3a build/stm32f0xx_hal_gpio.o
                0x0000000008007a92                HAL_GPIO_WritePin
 .text.HAL_GPIO_EXTI_IRQHandler
                0x0000000008007acc       0x38 build/stm32f0xx_hal_gpio.o
                0x0000000008007acc                HAL_GPIO_EXTI_IRQHandler
 .text.HAL_I2C_Init
                0x0000000008007b04      0x12c build/stm32f0xx_hal_i2c.o
                0x0000000008007b04                HAL_I2C_Init
 .text.HAL_I2C_Master_Transmit
                0x0000000008007c30      0x228 build/stm32f0xx_hal_i2c.o
                0x0000000008007c30                HAL_I2C_Master_Transmit
 .text.HAL_I2C_Master_Transmit_IT
                0x0000000008007e58       0xfc build/stm32f0xx_hal_i2c.o
                0x0000000008007e58                HAL_I2C_Master_Transmit_IT
 .text.HAL_I2C_EV_IRQHandler
                0x0000000008007f54       0x34 build/stm32f0xx_hal_i2c.o
                0x0000000008007f54                HAL_I2C_EV_IRQHandler
 .text.HAL_I2C_ER_IRQHandler
                0x0000000008007f88       0xb0 build/stm32f0xx_hal_i2c.o
                0x0000000008007f88                HAL_I2C_ER_IRQHandler
 .text.HAL_I2C_MasterRxCpltCallback
                0x0000000008008038       0x10 build/stm32f0xx_hal_i2c.o
                0x0000000008008038                HAL_I2C_MasterRxCpltCallback
 .text.HAL_I2C_SlaveTxCpltCallback
                0x0000000008008048       0x10 build/stm32f0xx_hal_i2c.o
                0x0000000008008048                HAL_I2C_SlaveTxCpltCallback
 .text.HAL_I2C_SlaveRxCpltCallback
                0x0000000008008058       0x10 build/stm32f0xx_hal_i2c.o
                0x0000000008008058                HAL_I2C_SlaveRxCpltCallback
 .text.HAL_I2C_AddrCallback
                0x0000000008008068       0x20 build/stm32f0xx_hal_i2c.o
                0x0000000008008068                HAL_I2C_AddrCallback
 .text.HAL_I2C_ListenCpltCallback
                0x0000000008008088       0x10 build/stm32f0xx_hal_i2c.o
                0x0000000008008088                HAL_I2C_ListenCpltCallback
 .text.HAL_I2C_MemTxCpltCallback
                0x0000000008008098       0x10 build/stm32f0xx_hal_i2c.o
                0x0000000008008098                HAL_I2C_MemTxCpltCallback
 .text.HAL_I2C_MemRxCpltCallback
                0x00000000080080a8       0x10 build/stm32f0xx_hal_i2c.o
                0x00000000080080a8                HAL_I2C_MemRxCpltCallback
 .text.HAL_I2C_ErrorCallback
                0x00000000080080b8       0x10 build/stm32f0xx_hal_i2c.o
                0x00000000080080b8                HAL_I2C_ErrorCallback
 .text.HAL_I2C_AbortCpltCallback
                0x00000000080080c8       0x10 build/stm32f0xx_hal_i2c.o
                0x00000000080080c8                HAL_I2C_AbortCpltCallback
 .text.I2C_Master_ISR_IT
                0x00000000080080d8      0x24c build/stm32f0xx_hal_i2c.o
 .text.I2C_Slave_ISR_IT
                0x0000000008008324      0x1e0 build/stm32f0xx_hal_i2c.o
 .text.I2C_Master_ISR_DMA
                0x0000000008008504      0x164 build/stm32f0xx_hal_i2c.o
 .text.I2C_Slave_ISR_DMA
                0x0000000008008668       0xc8 build/stm32f0xx_hal_i2c.o
 .text.I2C_ITAddrCplt
                0x0000000008008730      0x16c build/stm32f0xx_hal_i2c.o
 .text.I2C_ITMasterSequentialCplt
                0x000000000800889c       0x82 build/stm32f0xx_hal_i2c.o
 .text.I2C_ITSlaveSequentialCplt
                0x000000000800891e       0x82 build/stm32f0xx_hal_i2c.o
 .text.I2C_ITMasterCplt
                0x00000000080089a0      0x13c build/stm32f0xx_hal_i2c.o
 .text.I2C_ITSlaveCplt
                0x0000000008008adc      0x1b8 build/stm32f0xx_hal_i2c.o
 .text.I2C_ITListenCplt
                0x0000000008008c94       0xa4 build/stm32f0xx_hal_i2c.o
 .text.I2C_ITError
                0x0000000008008d38      0x190 build/stm32f0xx_hal_i2c.o
 .text.I2C_Flush_TXDR
                0x0000000008008ec8       0x44 build/stm32f0xx_hal_i2c.o
 .text.I2C_DMAAbort
                0x0000000008008f0c       0x5e build/stm32f0xx_hal_i2c.o
 .text.I2C_WaitOnFlagUntilTimeout
                0x0000000008008f6a       0x72 build/stm32f0xx_hal_i2c.o
 .text.I2C_WaitOnTXISFlagUntilTimeout
                0x0000000008008fdc       0x7e build/stm32f0xx_hal_i2c.o
 .text.I2C_WaitOnSTOPFlagUntilTimeout
                0x000000000800905a       0x78 build/stm32f0xx_hal_i2c.o
 *fill*         0x00000000080090d2        0x2 
 .text.I2C_IsAcknowledgeFailed
                0x00000000080090d4       0xbc build/stm32f0xx_hal_i2c.o
 .text.I2C_TransferConfig
                0x0000000008009190       0x70 build/stm32f0xx_hal_i2c.o
 .text.I2C_Enable_IRQ
                0x0000000008009200       0xe4 build/stm32f0xx_hal_i2c.o
 .text.I2C_Disable_IRQ
                0x00000000080092e4       0xd4 build/stm32f0xx_hal_i2c.o
 .text.HAL_I2CEx_ConfigAnalogFilter
                0x00000000080093b8       0x98 build/stm32f0xx_hal_i2c_ex.o
                0x00000000080093b8                HAL_I2CEx_ConfigAnalogFilter
 .text.HAL_RCC_OscConfig
                0x0000000008009450      0x5e8 build/stm32f0xx_hal_rcc.o
                0x0000000008009450                HAL_RCC_OscConfig
 .text.HAL_RCC_ClockConfig
                0x0000000008009a38      0x1cc build/stm32f0xx_hal_rcc.o
                0x0000000008009a38                HAL_RCC_ClockConfig
 .text.HAL_RCC_GetSysClockFreq
                0x0000000008009c04       0xc8 build/stm32f0xx_hal_rcc.o
                0x0000000008009c04                HAL_RCC_GetSysClockFreq
 .text.HAL_RCC_GetHCLKFreq
                0x0000000008009ccc       0x14 build/stm32f0xx_hal_rcc.o
                0x0000000008009ccc                HAL_RCC_GetHCLKFreq
 .text.HAL_RCC_GetPCLK1Freq
                0x0000000008009ce0       0x2c build/stm32f0xx_hal_rcc.o
                0x0000000008009ce0                HAL_RCC_GetPCLK1Freq
 .text.HAL_RCCEx_PeriphCLKConfig
                0x0000000008009d0c      0x1bc build/stm32f0xx_hal_rcc_ex.o
                0x0000000008009d0c                HAL_RCCEx_PeriphCLKConfig
 .text.HAL_TIM_Base_Init
                0x0000000008009ec8       0x58 build/stm32f0xx_hal_tim.o
                0x0000000008009ec8                HAL_TIM_Base_Init
 .text.HAL_TIM_Base_Start_IT
                0x0000000008009f20       0x32 build/stm32f0xx_hal_tim.o
                0x0000000008009f20                HAL_TIM_Base_Start_IT
 *fill*         0x0000000008009f52        0x2 
 .text.HAL_TIM_Base_Stop_IT
                0x0000000008009f54       0x54 build/stm32f0xx_hal_tim.o
                0x0000000008009f54                HAL_TIM_Base_Stop_IT
 .text.HAL_TIM_PWM_Init
                0x0000000008009fa8       0x58 build/stm32f0xx_hal_tim.o
                0x0000000008009fa8                HAL_TIM_PWM_Init
 .text.HAL_TIM_PWM_MspInit
                0x000000000800a000       0x10 build/stm32f0xx_hal_tim.o
                0x000000000800a000                HAL_TIM_PWM_MspInit
 .text.HAL_TIM_PWM_Start
                0x000000000800a010       0x88 build/stm32f0xx_hal_tim.o
                0x000000000800a010                HAL_TIM_PWM_Start
 .text.HAL_TIM_PWM_Stop
                0x000000000800a098       0xc8 build/stm32f0xx_hal_tim.o
                0x000000000800a098                HAL_TIM_PWM_Stop
 .text.HAL_TIM_IRQHandler
                0x000000000800a160      0x22c build/stm32f0xx_hal_tim.o
                0x000000000800a160                HAL_TIM_IRQHandler
 .text.HAL_TIM_PWM_ConfigChannel
                0x000000000800a38c      0x170 build/stm32f0xx_hal_tim.o
                0x000000000800a38c                HAL_TIM_PWM_ConfigChannel
 .text.HAL_TIM_ConfigClockSource
                0x000000000800a4fc      0x1c0 build/stm32f0xx_hal_tim.o
                0x000000000800a4fc                HAL_TIM_ConfigClockSource
 .text.HAL_TIM_OC_DelayElapsedCallback
                0x000000000800a6bc       0x10 build/stm32f0xx_hal_tim.o
                0x000000000800a6bc                HAL_TIM_OC_DelayElapsedCallback
 .text.HAL_TIM_IC_CaptureCallback
                0x000000000800a6cc       0x10 build/stm32f0xx_hal_tim.o
                0x000000000800a6cc                HAL_TIM_IC_CaptureCallback
 .text.HAL_TIM_PWM_PulseFinishedCallback
                0x000000000800a6dc       0x10 build/stm32f0xx_hal_tim.o
                0x000000000800a6dc                HAL_TIM_PWM_PulseFinishedCallback
 .text.HAL_TIM_TriggerCallback
                0x000000000800a6ec       0x10 build/stm32f0xx_hal_tim.o
                0x000000000800a6ec                HAL_TIM_TriggerCallback
 .text.TIM_Base_SetConfig
                0x000000000800a6fc      0x104 build/stm32f0xx_hal_tim.o
                0x000000000800a6fc                TIM_Base_SetConfig
 .text.TIM_OC1_SetConfig
                0x000000000800a800      0x11c build/stm32f0xx_hal_tim.o
 .text.TIM_OC2_SetConfig
                0x000000000800a91c      0x114 build/stm32f0xx_hal_tim.o
                0x000000000800a91c                TIM_OC2_SetConfig
 .text.TIM_OC3_SetConfig
                0x000000000800aa30      0x118 build/stm32f0xx_hal_tim.o
 .text.TIM_OC4_SetConfig
                0x000000000800ab48       0xe0 build/stm32f0xx_hal_tim.o
 .text.TIM_TI1_ConfigInputStage
                0x000000000800ac28       0x64 build/stm32f0xx_hal_tim.o
 .text.TIM_TI2_ConfigInputStage
                0x000000000800ac8c       0x6c build/stm32f0xx_hal_tim.o
 .text.TIM_ITRx_SetConfig
                0x000000000800acf8       0x40 build/stm32f0xx_hal_tim.o
 .text.TIM_ETR_SetConfig
                0x000000000800ad38       0x44 build/stm32f0xx_hal_tim.o
                0x000000000800ad38                TIM_ETR_SetConfig
 .text.TIM_CCxChannelCmd
                0x000000000800ad7c       0x42 build/stm32f0xx_hal_tim.o
                0x000000000800ad7c                TIM_CCxChannelCmd
 *fill*         0x000000000800adbe        0x2 
 .text.HAL_TIMEx_ConfigBreakDeadTime
                0x000000000800adc0       0xdc build/stm32f0xx_hal_tim_ex.o
                0x000000000800adc0                HAL_TIMEx_ConfigBreakDeadTime
 .text.HAL_TIMEx_CommutationCallback
                0x000000000800ae9c       0x10 build/stm32f0xx_hal_tim_ex.o
                0x000000000800ae9c                HAL_TIMEx_CommutationCallback
 .text.HAL_TIMEx_BreakCallback
                0x000000000800aeac       0x10 build/stm32f0xx_hal_tim_ex.o
                0x000000000800aeac                HAL_TIMEx_BreakCallback
 .text.HAL_UART_Init
                0x000000000800aebc       0xb0 build/stm32f0xx_hal_uart.o
                0x000000000800aebc                HAL_UART_Init
 .text.HAL_UART_Transmit
                0x000000000800af6c      0x146 build/stm32f0xx_hal_uart.o
                0x000000000800af6c                HAL_UART_Transmit
 *fill*         0x000000000800b0b2        0x2 
 .text.UART_SetConfig
                0x000000000800b0b4      0x2ec build/stm32f0xx_hal_uart.o
                0x000000000800b0b4                UART_SetConfig
 .text.UART_AdvFeatureConfig
                0x000000000800b3a0      0x158 build/stm32f0xx_hal_uart.o
                0x000000000800b3a0                UART_AdvFeatureConfig
 .text.UART_CheckIdleState
                0x000000000800b4f8       0xa4 build/stm32f0xx_hal_uart.o
                0x000000000800b4f8                UART_CheckIdleState
 .text.UART_WaitOnFlagUntilTimeout
                0x000000000800b59c       0x98 build/stm32f0xx_hal_uart.o
                0x000000000800b59c                UART_WaitOnFlagUntilTimeout
 .text.yabi_init
                0x000000000800b634       0xac build/yabi.o
                0x000000000800b634                yabi_init
 .text.yabi_giveTime
                0x000000000800b6e0      0x158 build/yabi.o
                0x000000000800b6e0                yabi_giveTime
 .text.yabi_setStarted
                0x000000000800b838       0x70 build/yabi.o
                0x000000000800b838                yabi_setStarted
 .text.yabi_setChannel
                0x000000000800b8a8       0x64 build/yabi.o
                0x000000000800b8a8                yabi_setChannel
 .text.yabi_DefaultInterpolator
                0x000000000800b90c       0x98 build/yabi.o
 .text.Reset_Handler
                0x000000000800b9a4       0x50 build/startup_stm32f051x8.o
                0x000000000800b9a4                Reset_Handler
 .text.Default_Handler
                0x000000000800b9f4        0x2 build/startup_stm32f051x8.o
                0x000000000800b9f4                TIM1_BRK_UP_TRG_COM_IRQHandler
                0x000000000800b9f4                TSC_IRQHandler
                0x000000000800b9f4                HardFault_Handler
                0x000000000800b9f4                ADC1_COMP_IRQHandler
                0x000000000800b9f4                PVD_IRQHandler
                0x000000000800b9f4                PendSV_Handler
                0x000000000800b9f4                NMI_Handler
                0x000000000800b9f4                RCC_CRS_IRQHandler
                0x000000000800b9f4                SPI1_IRQHandler
                0x000000000800b9f4                TIM6_DAC_IRQHandler
                0x000000000800b9f4                I2C2_IRQHandler
                0x000000000800b9f4                TIM17_IRQHandler
                0x000000000800b9f4                CEC_CAN_IRQHandler
                0x000000000800b9f4                RTC_IRQHandler
                0x000000000800b9f4                TIM16_IRQHandler
                0x000000000800b9f4                DMA1_Channel1_IRQHandler
                0x000000000800b9f4                Default_Handler
                0x000000000800b9f4                DMA1_Channel4_5_IRQHandler
                0x000000000800b9f4                TIM15_IRQHandler
                0x000000000800b9f4                SPI2_IRQHandler
                0x000000000800b9f4                SVC_Handler
                0x000000000800b9f4                WWDG_IRQHandler
                0x000000000800b9f4                TIM2_IRQHandler
                0x000000000800b9f4                DMA1_Channel2_3_IRQHandler
                0x000000000800b9f4                USART2_IRQHandler
                0x000000000800b9f4                FLASH_IRQHandler
                0x000000000800b9f4                USART1_IRQHandler
                0x000000000800b9f4                TIM1_CC_IRQHandler
 *fill*         0x000000000800b9f6        0x2 
 .text.__libc_init_array
                0x000000000800b9f8       0x48 /usr/local/gcc-arm-none-eabi-6_2-2016q4/bin/../lib/gcc/arm-none-eabi/6.2.1/../../../../arm-none-eabi/lib/thumb/v6-m/libc_nano.a(lib_a-init.o)
                0x000000000800b9f8                __libc_init_array
 .text.memcpy   0x000000000800ba40       0x12 /usr/local/gcc-arm-none-eabi-6_2-2016q4/bin/../lib/gcc/arm-none-eabi/6.2.1/../../../../arm-none-eabi/lib/thumb/v6-m/libc_nano.a(lib_a-memcpy-stub.o)
                0x000000000800ba40                memcpy
 .text.memset   0x000000000800ba52       0x10 /usr/local/gcc-arm-none-eabi-6_2-2016q4/bin/../lib/gcc/arm-none-eabi/6.2.1/../../../../arm-none-eabi/lib/thumb/v6-m/libc_nano.a(lib_a-memset.o)
                0x000000000800ba52                memset
 *fill*         0x000000000800ba62        0x2 
 .text.srand    0x000000000800ba64       0x5c /usr/local/gcc-arm-none-eabi-6_2-2016q4/bin/../lib/gcc/arm-none-eabi/6.2.1/../../../../arm-none-eabi/lib/thumb/v6-m/libc_nano.a(lib_a-rand.o)
                0x000000000800ba64                srand
 .text.rand     0x000000000800bac0       0x78 /usr/local/gcc-arm-none-eabi-6_2-2016q4/bin/../lib/gcc/arm-none-eabi/6.2.1/../../../../arm-none-eabi/lib/thumb/v6-m/libc_nano.a(lib_a-rand.o)
                0x000000000800bac0                rand
 .text.snprintf
                0x000000000800bb38       0x64 /usr/local/gcc-arm-none-eabi-6_2-2016q4/bin/../lib/gcc/arm-none-eabi/6.2.1/../../../../arm-none-eabi/lib/thumb/v6-m/libc_nano.a(lib_a-snprintf.o)
                0x000000000800bb38                snprintf
                0x000000000800bb38                sniprintf
 .text.malloc   0x000000000800bb9c       0x14 /usr/local/gcc-arm-none-eabi-6_2-2016q4/bin/../lib/gcc/arm-none-eabi/6.2.1/../../../../arm-none-eabi/lib/thumb/v6-m/libc_nano.a(lib_a-malloc.o)
                0x000000000800bb9c                malloc
 .text._free_r  0x000000000800bbb0       0x94 /usr/local/gcc-arm-none-eabi-6_2-2016q4/bin/../lib/gcc/arm-none-eabi/6.2.1/../../../../arm-none-eabi/lib/thumb/v6-m/libc_nano.a(lib_a-nano-freer.o)
                0x000000000800bbb0                _free_r
 .text._malloc_r
                0x000000000800bc44       0xbc /usr/local/gcc-arm-none-eabi-6_2-2016q4/bin/../lib/gcc/arm-none-eabi/6.2.1/../../../../arm-none-eabi/lib/thumb/v6-m/libc_nano.a(lib_a-nano-mallocr.o)
                0x000000000800bc44                _malloc_r
 .text.__ssputs_r
                0x000000000800bd00       0xc4 /usr/local/gcc-arm-none-eabi-6_2-2016q4/bin/../lib/gcc/arm-none-eabi/6.2.1/../../../../arm-none-eabi/lib/thumb/v6-m/libc_nano.a(lib_a-nano-svfprintf.o)
                0x000000000800bd00                __ssputs_r
 .text._svfprintf_r
                0x000000000800bdc4      0x208 /usr/local/gcc-arm-none-eabi-6_2-2016q4/bin/../lib/gcc/arm-none-eabi/6.2.1/../../../../arm-none-eabi/lib/thumb/v6-m/libc_nano.a(lib_a-nano-svfprintf.o)
                0x000000000800bdc4                _svfprintf_r
                0x000000000800bdc4                _svfiprintf_r
 .text._printf_common
                0x000000000800bfcc       0xda /usr/local/gcc-arm-none-eabi-6_2-2016q4/bin/../lib/gcc/arm-none-eabi/6.2.1/../../../../arm-none-eabi/lib/thumb/v6-m/libc_nano.a(lib_a-nano-vfprintf_i.o)
                0x000000000800bfcc                _printf_common
 *fill*         0x000000000800c0a6        0x2 
 .text._printf_i
                0x000000000800c0a8      0x234 /usr/local/gcc-arm-none-eabi-6_2-2016q4/bin/../lib/gcc/arm-none-eabi/6.2.1/../../../../arm-none-eabi/lib/thumb/v6-m/libc_nano.a(lib_a-nano-vfprintf_i.o)
                0x000000000800c0a8                _printf_i
 .text._sbrk_r  0x000000000800c2dc       0x24 /usr/local/gcc-arm-none-eabi-6_2-2016q4/bin/../lib/gcc/arm-none-eabi/6.2.1/../../../../arm-none-eabi/lib/thumb/v6-m/libc_nano.a(lib_a-sbrkr.o)
                0x000000000800c2dc                _sbrk_r
 .text.memchr   0x000000000800c300       0x16 /usr/local/gcc-arm-none-eabi-6_2-2016q4/bin/../lib/gcc/arm-none-eabi/6.2.1/../../../../arm-none-eabi/lib/thumb/v6-m/libc_nano.a(lib_a-memchr-stub.o)
                0x000000000800c300                memchr
 .text.memmove  0x000000000800c316       0x24 /usr/local/gcc-arm-none-eabi-6_2-2016q4/bin/../lib/gcc/arm-none-eabi/6.2.1/../../../../arm-none-eabi/lib/thumb/v6-m/libc_nano.a(lib_a-memmove.o)
                0x000000000800c316                memmove
 .text.__malloc_lock
                0x000000000800c33a        0x2 /usr/local/gcc-arm-none-eabi-6_2-2016q4/bin/../lib/gcc/arm-none-eabi/6.2.1/../../../../arm-none-eabi/lib/thumb/v6-m/libc_nano.a(lib_a-mlock.o)
                0x000000000800c33a                __malloc_lock
 .text.__malloc_unlock
                0x000000000800c33c        0x2 /usr/local/gcc-arm-none-eabi-6_2-2016q4/bin/../lib/gcc/arm-none-eabi/6.2.1/../../../../arm-none-eabi/lib/thumb/v6-m/libc_nano.a(lib_a-mlock.o)
                0x000000000800c33c                __malloc_unlock
 .text._realloc_r
                0x000000000800c33e       0x4c /usr/local/gcc-arm-none-eabi-6_2-2016q4/bin/../lib/gcc/arm-none-eabi/6.2.1/../../../../arm-none-eabi/lib/thumb/v6-m/libc_nano.a(lib_a-nano-reallocr.o)
                0x000000000800c33e                _realloc_r
 .text._malloc_usable_size_r
                0x000000000800c38a       0x10 /usr/local/gcc-arm-none-eabi-6_2-2016q4/bin/../lib/gcc/arm-none-eabi/6.2.1/../../../../arm-none-eabi/lib/thumb/v6-m/libc_nano.a(lib_a-nano-msizer.o)
                0x000000000800c38a                _malloc_usable_size_r
 *fill*         0x000000000800c39a        0x2 
 .text._sbrk    0x000000000800c39c       0x1c /usr/local/gcc-arm-none-eabi-6_2-2016q4/bin/../lib/gcc/arm-none-eabi/6.2.1/../../../../arm-none-eabi/lib/thumb/v6-m/libnosys.a(sbrk.o)
                0x000000000800c39c                _sbrk
 .text.floor    0x000000000800c3b8      0x130 /usr/local/gcc-arm-none-eabi-6_2-2016q4/bin/../lib/gcc/arm-none-eabi/6.2.1/../../../../arm-none-eabi/lib/thumb/v6-m/libm.a(lib_a-s_floor.o)
                0x000000000800c3b8                floor
 .text.round    0x000000000800c4e8       0xac /usr/local/gcc-arm-none-eabi-6_2-2016q4/bin/../lib/gcc/arm-none-eabi/6.2.1/../../../../arm-none-eabi/lib/thumb/v6-m/libm.a(lib_a-s_round.o)
                0x000000000800c4e8                round
 *(.glue_7)
 .glue_7        0x000000000800c594        0x0 linker stubs
 *(.glue_7t)
 .glue_7t       0x000000000800c594        0x0 linker stubs
 *(.eh_frame)
 .eh_frame      0x000000000800c594        0x0 /usr/local/gcc-arm-none-eabi-6_2-2016q4/bin/../lib/gcc/arm-none-eabi/6.2.1/thumb/v6-m/crtbegin.o
 *(.init)
 .init          0x000000000800c594        0x4 /usr/local/gcc-arm-none-eabi-6_2-2016q4/bin/../lib/gcc/arm-none-eabi/6.2.1/thumb/v6-m/crti.o
                0x000000000800c594                _init
 .init          0x000000000800c598        0x8 /usr/local/gcc-arm-none-eabi-6_2-2016q4/bin/../lib/gcc/arm-none-eabi/6.2.1/thumb/v6-m/crtn.o
 *(.fini)
 .fini          0x000000000800c5a0        0x4 /usr/local/gcc-arm-none-eabi-6_2-2016q4/bin/../lib/gcc/arm-none-eabi/6.2.1/thumb/v6-m/crti.o
                0x000000000800c5a0                _fini
 .fini          0x000000000800c5a4        0x8 /usr/local/gcc-arm-none-eabi-6_2-2016q4/bin/../lib/gcc/arm-none-eabi/6.2.1/thumb/v6-m/crtn.o
                0x000000000800c5ac                . = ALIGN (0x4)
                0x000000000800c5ac                _etext = .

.vfp11_veneer   0x000000000800c5ac        0x0
 .vfp11_veneer  0x000000000800c5ac        0x0 linker stubs

.v4_bx          0x000000000800c5ac        0x0
 .v4_bx         0x000000000800c5ac        0x0 linker stubs

.iplt           0x000000000800c5ac        0x0
 .iplt          0x000000000800c5ac        0x0 /usr/local/gcc-arm-none-eabi-6_2-2016q4/bin/../lib/gcc/arm-none-eabi/6.2.1/thumb/v6-m/crtbegin.o

.rodata         0x000000000800c5ac     0x19a4
                0x000000000800c5ac                . = ALIGN (0x4)
 *(.rodata)
 .rodata        0x000000000800c5ac       0x3e build/als.o
 *fill*         0x000000000800c5ea        0x2 
 .rodata        0x000000000800c5ec       0xb1 build/beacon.o
 *fill*         0x000000000800c69d        0x3 
 .rodata        0x000000000800c6a0       0x1c build/color.o
 .rodata        0x000000000800c6bc       0x11 build/iprintf.o
 *fill*         0x000000000800c6cd        0x3 
 .rodata        0x000000000800c6d0       0x88 build/ir.o
 .rodata        0x000000000800c758      0x966 build/led.o
 *fill*         0x000000000800d0be        0x2 
 .rodata        0x000000000800d0c0      0x850 build/lighting.o
 .rodata        0x000000000800d910       0x86 build/main.o
 *fill*         0x000000000800d996        0x2 
 .rodata        0x000000000800d998      0x113 build/pattern.o
 *fill*         0x000000000800daab        0x1 
 .rodata        0x000000000800daac        0xf build/platform_hw.o
 *fill*         0x000000000800dabb        0x1 
 .rodata        0x000000000800dabc       0x18 build/system_stm32f0xx.o
                0x000000000800dabc                AHBPrescTable
                0x000000000800dacc                APBPrescTable
 .rodata        0x000000000800dad4      0x164 build/tables.o
                0x000000000800dad4                CosTable
                0x000000000800db30                CosTableSize
                0x000000000800db34                CIETable
                0x000000000800dc34                CIETableSize
 .rodata        0x000000000800dc38      0x180 build/test.o
 .rodata        0x000000000800ddb8        0x4 build/version.o
                0x000000000800ddb8                FW_VERSION
 .rodata        0x000000000800ddbc       0x20 build/stm32f0xx_hal_rcc.o
 .rodata        0x000000000800dddc       0x80 /usr/local/gcc-arm-none-eabi-6_2-2016q4/bin/../lib/gcc/arm-none-eabi/6.2.1/thumb/v6-m/libgcc.a(divsf3.o)
 .rodata        0x000000000800de5c       0x40 /usr/local/gcc-arm-none-eabi-6_2-2016q4/bin/../lib/gcc/arm-none-eabi/6.2.1/thumb/v6-m/libgcc.a(mulsf3.o)
 .rodata        0x000000000800de9c       0x40 /usr/local/gcc-arm-none-eabi-6_2-2016q4/bin/../lib/gcc/arm-none-eabi/6.2.1/thumb/v6-m/libgcc.a(divdf3.o)
 .rodata        0x000000000800dedc       0x40 /usr/local/gcc-arm-none-eabi-6_2-2016q4/bin/../lib/gcc/arm-none-eabi/6.2.1/thumb/v6-m/libgcc.a(muldf3.o)
 *(.rodata*)
 .rodata._svfprintf_r.str1.1
                0x000000000800df1c       0x11 /usr/local/gcc-arm-none-eabi-6_2-2016q4/bin/../lib/gcc/arm-none-eabi/6.2.1/../../../../arm-none-eabi/lib/thumb/v6-m/libc_nano.a(lib_a-nano-svfprintf.o)
 .rodata._printf_i.str1.1
                0x000000000800df2d       0x22 /usr/local/gcc-arm-none-eabi-6_2-2016q4/bin/../lib/gcc/arm-none-eabi/6.2.1/../../../../arm-none-eabi/lib/thumb/v6-m/libc_nano.a(lib_a-nano-vfprintf_i.o)
                0x000000000800df50                . = ALIGN (0x4)
 *fill*         0x000000000800df4f        0x1 

.rel.dyn        0x000000000800df50        0x0
 .rel.iplt      0x000000000800df50        0x0 /usr/local/gcc-arm-none-eabi-6_2-2016q4/bin/../lib/gcc/arm-none-eabi/6.2.1/thumb/v6-m/crtbegin.o

.ARM.extab
 *(.ARM.extab* .gnu.linkonce.armextab.*)

.ARM            0x000000000800df50        0x0
                0x000000000800df50                __exidx_start = .
 *(.ARM.exidx*)
                0x000000000800df50                __exidx_end = .

.preinit_array  0x000000000800df50        0x0
                0x000000000800df50                PROVIDE (__preinit_array_start, .)
 *(.preinit_array*)
                0x000000000800df50                PROVIDE (__preinit_array_end, .)

.init_array     0x000000000800df50        0x4
                0x000000000800df50                PROVIDE (__init_array_start, .)
 *(SORT(.init_array.*))
 *(.init_array*)
 .init_array    0x000000000800df50        0x4 /usr/local/gcc-arm-none-eabi-6_2-2016q4/bin/../lib/gcc/arm-none-eabi/6.2.1/thumb/v6-m/crtbegin.o
                0x000000000800df54                PROVIDE (__init_array_end, .)

.fini_array     0x000000000800df54        0x4
                [!provide]                        PROVIDE (__fini_array_start, .)
 *(SORT(.fini_array.*))
 *(.fini_array*)
 .fini_array    0x000000000800df54        0x4 /usr/local/gcc-arm-none-eabi-6_2-2016q4/bin/../lib/gcc/arm-none-eabi/6.2.1/thumb/v6-m/crtbegin.o
                [!provide]                        PROVIDE (__fini_array_end, .)
                0x000000000800df58                _sidata = LOADADDR (.data)

.data           0x0000000020000000       0x68 load address 0x000000000800df58
                0x0000000020000000                . = ALIGN (0x4)
                0x0000000020000000                _sdata = .
 *(.data)
 .data          0x0000000020000000        0x4 build/system_stm32f0xx.o
                0x0000000020000000                SystemCoreClock
 *(.data*)
 .data._impure_ptr
                0x0000000020000004        0x4 /usr/local/gcc-arm-none-eabi-6_2-2016q4/bin/../lib/gcc/arm-none-eabi/6.2.1/../../../../arm-none-eabi/lib/thumb/v6-m/libc_nano.a(lib_a-impure.o)
                0x0000000020000004                _impure_ptr
 .data.impure_data
                0x0000000020000008       0x60 /usr/local/gcc-arm-none-eabi-6_2-2016q4/bin/../lib/gcc/arm-none-eabi/6.2.1/../../../../arm-none-eabi/lib/thumb/v6-m/libc_nano.a(lib_a-impure.o)
                0x0000000020000068                . = ALIGN (0x4)
                0x0000000020000068                _edata = .

.jcr            0x0000000020000068        0x0 load address 0x000000000800dfc0
 .jcr           0x0000000020000068        0x0 /usr/local/gcc-arm-none-eabi-6_2-2016q4/bin/../lib/gcc/arm-none-eabi/6.2.1/thumb/v6-m/crtbegin.o

.igot.plt       0x0000000020000068        0x0 load address 0x000000000800dfc0
 .igot.plt      0x0000000020000068        0x0 /usr/local/gcc-arm-none-eabi-6_2-2016q4/bin/../lib/gcc/arm-none-eabi/6.2.1/thumb/v6-m/crtbegin.o
                0x0000000020000068                . = ALIGN (0x4)

.bss            0x0000000020000068      0xe84 load address 0x000000000800dfc0
                0x0000000020000068                _sbss = .
                0x0000000020000068                __bss_start__ = _sbss
 *(.bss)
 .bss           0x0000000020000068       0x1c /usr/local/gcc-arm-none-eabi-6_2-2016q4/bin/../lib/gcc/arm-none-eabi/6.2.1/thumb/v6-m/crtbegin.o
 .bss           0x0000000020000084       0x4d build/als.o
 *fill*         0x00000000200000d1        0x3 
 .bss           0x00000000200000d4      0x14c build/ir.o
 .bss           0x0000000020000220      0x5f8 build/led.o
 .bss           0x0000000020000818      0x48c build/lighting.o
 .bss           0x0000000020000ca4        0x6 build/main.o
 *fill*         0x0000000020000caa        0x2 
 .bss           0x0000000020000cac       0x38 build/pattern.o
 .bss           0x0000000020000ce4        0xc build/test.o
                0x0000000020000ce4                events
 .bss           0x0000000020000cf0        0x4 build/test_patterns.o
 .bss           0x0000000020000cf4       0x38 build/yabi.o
 *(.bss*)
 .bss.__malloc_free_list
                0x0000000020000d2c        0x4 /usr/local/gcc-arm-none-eabi-6_2-2016q4/bin/../lib/gcc/arm-none-eabi/6.2.1/../../../../arm-none-eabi/lib/thumb/v6-m/libc_nano.a(lib_a-nano-mallocr.o)
                0x0000000020000d2c                __malloc_free_list
 .bss.__malloc_sbrk_start
                0x0000000020000d30        0x4 /usr/local/gcc-arm-none-eabi-6_2-2016q4/bin/../lib/gcc/arm-none-eabi/6.2.1/../../../../arm-none-eabi/lib/thumb/v6-m/libc_nano.a(lib_a-nano-mallocr.o)
                0x0000000020000d30                __malloc_sbrk_start
 .bss.heap_end.4116
                0x0000000020000d34        0x4 /usr/local/gcc-arm-none-eabi-6_2-2016q4/bin/../lib/gcc/arm-none-eabi/6.2.1/../../../../arm-none-eabi/lib/thumb/v6-m/libnosys.a(sbrk.o)
 *(COMMON)
 COMMON         0x0000000020000d38       0x40 build/ir.o
                0x0000000020000d38                htim3
 COMMON         0x0000000020000d78       0x40 build/led.o
                0x0000000020000d78                htim14
 COMMON         0x0000000020000db8      0x12c build/platform_hw.o
                0x0000000020000db8                hi2c1
                0x0000000020000e04                huart1
                0x0000000020000e74                huart2
 COMMON         0x0000000020000ee4        0x4 build/stm32f0xx_hal.o
                0x0000000020000ee4                uwTick
 COMMON         0x0000000020000ee8        0x4 /usr/local/gcc-arm-none-eabi-6_2-2016q4/bin/../lib/gcc/arm-none-eabi/6.2.1/../../../../arm-none-eabi/lib/thumb/v6-m/libc_nano.a(lib_a-reent.o)
                0x0000000020000ee8                errno
                0x0000000020000eec                . = ALIGN (0x4)
                0x0000000020000eec                _ebss = .
                0x0000000020000eec                __bss_end__ = _ebss

._user_heap_stack
                0x0000000020000eec      0x604 load address 0x000000000800dfc0
                0x0000000020000ef0                . = ALIGN (0x8)
 *fill*         0x0000000020000eec        0x4 
                0x0000000020000ef0                PROVIDE (end, .)
                [!provide]                        PROVIDE (_end, .)
                0x00000000200010f0                . = (. + _Min_Heap_Size)
 *fill*         0x0000000020000ef0      0x200 
                0x00000000200014f0                . = (. + _Min_Stack_Size)
 *fill*         0x00000000200010f0      0x400 
                0x00000000200014f0                . = ALIGN (0x8)

/DISCARD/
 libc.a(*)
 libm.a(*)
 libgcc.a(*)

.ARM.attributes
                0x0000000000000000       0x28
 *(.ARM.attributes)
 .ARM.attributes
                0x0000000000000000       0x1e /usr/local/gcc-arm-none-eabi-6_2-2016q4/bin/../lib/gcc/arm-none-eabi/6.2.1/thumb/v6-m/crti.o
 .ARM.attributes
                0x000000000000001e       0x2c /usr/local/gcc-arm-none-eabi-6_2-2016q4/bin/../lib/gcc/arm-none-eabi/6.2.1/thumb/v6-m/crtbegin.o
 .ARM.attributes
                0x000000000000004a       0x31 build/als.o
 .ARM.attributes
                0x000000000000007b       0x31 build/beacon.o
 .ARM.attributes
                0x00000000000000ac       0x31 build/board_id.o
 .ARM.attributes
                0x00000000000000dd       0x31 build/color.o
 .ARM.attributes
                0x000000000000010e       0x31 build/crc.o
 .ARM.attributes
                0x000000000000013f       0x31 build/iprintf.o
 .ARM.attributes
                0x0000000000000170       0x31 build/ir.o
 .ARM.attributes
                0x00000000000001a1       0x31 build/led.o
 .ARM.attributes
                0x00000000000001d2       0x31 build/lighting.o
 .ARM.attributes
                0x0000000000000203       0x31 build/main.o
 .ARM.attributes
                0x0000000000000234       0x31 build/pattern.o
 .ARM.attributes
                0x0000000000000265       0x31 build/platform_hw.o
 .ARM.attributes
                0x0000000000000296       0x31 build/stm32f0xx_hal_msp.o
 .ARM.attributes
                0x00000000000002c7       0x31 build/stm32f0xx_it.o
 .ARM.attributes
                0x00000000000002f8       0x31 build/system_stm32f0xx.o
 .ARM.attributes
                0x0000000000000329       0x31 build/tables.o
 .ARM.attributes
                0x000000000000035a       0x31 build/terrible_timer.o
 .ARM.attributes
                0x000000000000038b       0x31 build/test.o
 .ARM.attributes
                0x00000000000003bc       0x31 build/test_patterns.o
 .ARM.attributes
                0x00000000000003ed       0x31 build/version.o
 .ARM.attributes
                0x000000000000041e       0x31 build/stm32f0xx_hal.o
 .ARM.attributes
                0x000000000000044f       0x31 build/stm32f0xx_hal_adc.o
 .ARM.attributes
                0x0000000000000480       0x31 build/stm32f0xx_hal_cortex.o
 .ARM.attributes
                0x00000000000004b1       0x31 build/stm32f0xx_hal_dma.o
 .ARM.attributes
                0x00000000000004e2       0x31 build/stm32f0xx_hal_gpio.o
 .ARM.attributes
                0x0000000000000513       0x31 build/stm32f0xx_hal_i2c.o
 .ARM.attributes
                0x0000000000000544       0x31 build/stm32f0xx_hal_i2c_ex.o
 .ARM.attributes
                0x0000000000000575       0x31 build/stm32f0xx_hal_rcc.o
 .ARM.attributes
                0x00000000000005a6       0x31 build/stm32f0xx_hal_rcc_ex.o
 .ARM.attributes
                0x00000000000005d7       0x31 build/stm32f0xx_hal_tim.o
 .ARM.attributes
                0x0000000000000608       0x31 build/stm32f0xx_hal_tim_ex.o
 .ARM.attributes
                0x0000000000000639       0x31 build/stm32f0xx_hal_uart.o
 .ARM.attributes
                0x000000000000066a       0x31 build/yabi.o
 .ARM.attributes
                0x000000000000069b       0x21 build/startup_stm32f051x8.o
 .ARM.attributes
                0x00000000000006bc       0x2c /usr/local/gcc-arm-none-eabi-6_2-2016q4/bin/../lib/gcc/arm-none-eabi/6.2.1/../../../../arm-none-eabi/lib/thumb/v6-m/libc_nano.a(lib_a-impure.o)
 .ARM.attributes
                0x00000000000006e8       0x2c /usr/local/gcc-arm-none-eabi-6_2-2016q4/bin/../lib/gcc/arm-none-eabi/6.2.1/../../../../arm-none-eabi/lib/thumb/v6-m/libc_nano.a(lib_a-init.o)
 .ARM.attributes
                0x0000000000000714       0x2c /usr/local/gcc-arm-none-eabi-6_2-2016q4/bin/../lib/gcc/arm-none-eabi/6.2.1/../../../../arm-none-eabi/lib/thumb/v6-m/libc_nano.a(lib_a-memcpy-stub.o)
 .ARM.attributes
                0x0000000000000740       0x2c /usr/local/gcc-arm-none-eabi-6_2-2016q4/bin/../lib/gcc/arm-none-eabi/6.2.1/../../../../arm-none-eabi/lib/thumb/v6-m/libc_nano.a(lib_a-memset.o)
 .ARM.attributes
                0x000000000000076c       0x2c /usr/local/gcc-arm-none-eabi-6_2-2016q4/bin/../lib/gcc/arm-none-eabi/6.2.1/../../../../arm-none-eabi/lib/thumb/v6-m/libc_nano.a(lib_a-rand.o)
 .ARM.attributes
                0x0000000000000798       0x2c /usr/local/gcc-arm-none-eabi-6_2-2016q4/bin/../lib/gcc/arm-none-eabi/6.2.1/../../../../arm-none-eabi/lib/thumb/v6-m/libc_nano.a(lib_a-snprintf.o)
 .ARM.attributes
                0x00000000000007c4       0x2c /usr/local/gcc-arm-none-eabi-6_2-2016q4/bin/../lib/gcc/arm-none-eabi/6.2.1/../../../../arm-none-eabi/lib/thumb/v6-m/libc_nano.a(lib_a-malloc.o)
 .ARM.attributes
                0x00000000000007f0       0x2c /usr/local/gcc-arm-none-eabi-6_2-2016q4/bin/../lib/gcc/arm-none-eabi/6.2.1/../../../../arm-none-eabi/lib/thumb/v6-m/libc_nano.a(lib_a-nano-freer.o)
 .ARM.attributes
                0x000000000000081c       0x2c /usr/local/gcc-arm-none-eabi-6_2-2016q4/bin/../lib/gcc/arm-none-eabi/6.2.1/../../../../arm-none-eabi/lib/thumb/v6-m/libc_nano.a(lib_a-nano-mallocr.o)
 .ARM.attributes
                0x0000000000000848       0x2c /usr/local/gcc-arm-none-eabi-6_2-2016q4/bin/../lib/gcc/arm-none-eabi/6.2.1/../../../../arm-none-eabi/lib/thumb/v6-m/libc_nano.a(lib_a-nano-svfprintf.o)
 .ARM.attributes
                0x0000000000000874       0x2c /usr/local/gcc-arm-none-eabi-6_2-2016q4/bin/../lib/gcc/arm-none-eabi/6.2.1/../../../../arm-none-eabi/lib/thumb/v6-m/libc_nano.a(lib_a-nano-vfprintf_i.o)
 .ARM.attributes
                0x00000000000008a0       0x2c /usr/local/gcc-arm-none-eabi-6_2-2016q4/bin/../lib/gcc/arm-none-eabi/6.2.1/../../../../arm-none-eabi/lib/thumb/v6-m/libc_nano.a(lib_a-sbrkr.o)
 .ARM.attributes
                0x00000000000008cc       0x2c /usr/local/gcc-arm-none-eabi-6_2-2016q4/bin/../lib/gcc/arm-none-eabi/6.2.1/../../../../arm-none-eabi/lib/thumb/v6-m/libc_nano.a(lib_a-memchr-stub.o)
 .ARM.attributes
                0x00000000000008f8       0x2c /usr/local/gcc-arm-none-eabi-6_2-2016q4/bin/../lib/gcc/arm-none-eabi/6.2.1/../../../../arm-none-eabi/lib/thumb/v6-m/libc_nano.a(lib_a-memmove.o)
 .ARM.attributes
                0x0000000000000924       0x2c /usr/local/gcc-arm-none-eabi-6_2-2016q4/bin/../lib/gcc/arm-none-eabi/6.2.1/../../../../arm-none-eabi/lib/thumb/v6-m/libc_nano.a(lib_a-mlock.o)
 .ARM.attributes
                0x0000000000000950       0x2c /usr/local/gcc-arm-none-eabi-6_2-2016q4/bin/../lib/gcc/arm-none-eabi/6.2.1/../../../../arm-none-eabi/lib/thumb/v6-m/libc_nano.a(lib_a-nano-reallocr.o)
 .ARM.attributes
                0x000000000000097c       0x2c /usr/local/gcc-arm-none-eabi-6_2-2016q4/bin/../lib/gcc/arm-none-eabi/6.2.1/../../../../arm-none-eabi/lib/thumb/v6-m/libc_nano.a(lib_a-reent.o)
 .ARM.attributes
                0x00000000000009a8       0x2c /usr/local/gcc-arm-none-eabi-6_2-2016q4/bin/../lib/gcc/arm-none-eabi/6.2.1/../../../../arm-none-eabi/lib/thumb/v6-m/libc_nano.a(lib_a-nano-msizer.o)
 .ARM.attributes
                0x00000000000009d4       0x2c /usr/local/gcc-arm-none-eabi-6_2-2016q4/bin/../lib/gcc/arm-none-eabi/6.2.1/../../../../arm-none-eabi/lib/thumb/v6-m/libnosys.a(sbrk.o)
 .ARM.attributes
                0x0000000000000a00       0x2c /usr/local/gcc-arm-none-eabi-6_2-2016q4/bin/../lib/gcc/arm-none-eabi/6.2.1/../../../../arm-none-eabi/lib/thumb/v6-m/libm.a(lib_a-s_floor.o)
 .ARM.attributes
                0x0000000000000a2c       0x2c /usr/local/gcc-arm-none-eabi-6_2-2016q4/bin/../lib/gcc/arm-none-eabi/6.2.1/../../../../arm-none-eabi/lib/thumb/v6-m/libm.a(lib_a-s_round.o)
 .ARM.attributes
                0x0000000000000a58       0x1e /usr/local/gcc-arm-none-eabi-6_2-2016q4/bin/../lib/gcc/arm-none-eabi/6.2.1/thumb/v6-m/libgcc.a(_udivsi3.o)
 .ARM.attributes
                0x0000000000000a76       0x1e /usr/local/gcc-arm-none-eabi-6_2-2016q4/bin/../lib/gcc/arm-none-eabi/6.2.1/thumb/v6-m/libgcc.a(_divsi3.o)
 .ARM.attributes
                0x0000000000000a94       0x1e /usr/local/gcc-arm-none-eabi-6_2-2016q4/bin/../lib/gcc/arm-none-eabi/6.2.1/thumb/v6-m/libgcc.a(_dvmd_tls.o)
 .ARM.attributes
                0x0000000000000ab2       0x1e /usr/local/gcc-arm-none-eabi-6_2-2016q4/bin/../lib/gcc/arm-none-eabi/6.2.1/thumb/v6-m/libgcc.a(_arm_cmpdf2.o)
 .ARM.attributes
                0x0000000000000ad0       0x1e /usr/local/gcc-arm-none-eabi-6_2-2016q4/bin/../lib/gcc/arm-none-eabi/6.2.1/thumb/v6-m/libgcc.a(_arm_cmpsf2.o)
 .ARM.attributes
                0x0000000000000aee       0x2c /usr/local/gcc-arm-none-eabi-6_2-2016q4/bin/../lib/gcc/arm-none-eabi/6.2.1/thumb/v6-m/libgcc.a(_muldi3.o)
 .ARM.attributes
                0x0000000000000b1a       0x2c /usr/local/gcc-arm-none-eabi-6_2-2016q4/bin/../lib/gcc/arm-none-eabi/6.2.1/thumb/v6-m/libgcc.a(_fixunssfsi.o)
 .ARM.attributes
                0x0000000000000b46       0x2c /usr/local/gcc-arm-none-eabi-6_2-2016q4/bin/../lib/gcc/arm-none-eabi/6.2.1/thumb/v6-m/libgcc.a(_fixunsdfsi.o)
 .ARM.attributes
                0x0000000000000b72       0x2c /usr/local/gcc-arm-none-eabi-6_2-2016q4/bin/../lib/gcc/arm-none-eabi/6.2.1/thumb/v6-m/libgcc.a(addsf3.o)
 .ARM.attributes
                0x0000000000000b9e       0x2c /usr/local/gcc-arm-none-eabi-6_2-2016q4/bin/../lib/gcc/arm-none-eabi/6.2.1/thumb/v6-m/libgcc.a(divsf3.o)
 .ARM.attributes
                0x0000000000000bca       0x2c /usr/local/gcc-arm-none-eabi-6_2-2016q4/bin/../lib/gcc/arm-none-eabi/6.2.1/thumb/v6-m/libgcc.a(eqsf2.o)
 .ARM.attributes
                0x0000000000000bf6       0x2c /usr/local/gcc-arm-none-eabi-6_2-2016q4/bin/../lib/gcc/arm-none-eabi/6.2.1/thumb/v6-m/libgcc.a(gesf2.o)
 .ARM.attributes
                0x0000000000000c22       0x2c /usr/local/gcc-arm-none-eabi-6_2-2016q4/bin/../lib/gcc/arm-none-eabi/6.2.1/thumb/v6-m/libgcc.a(lesf2.o)
 .ARM.attributes
                0x0000000000000c4e       0x2c /usr/local/gcc-arm-none-eabi-6_2-2016q4/bin/../lib/gcc/arm-none-eabi/6.2.1/thumb/v6-m/libgcc.a(mulsf3.o)
 .ARM.attributes
                0x0000000000000c7a       0x2c /usr/local/gcc-arm-none-eabi-6_2-2016q4/bin/../lib/gcc/arm-none-eabi/6.2.1/thumb/v6-m/libgcc.a(subsf3.o)
 .ARM.attributes
                0x0000000000000ca6       0x2c /usr/local/gcc-arm-none-eabi-6_2-2016q4/bin/../lib/gcc/arm-none-eabi/6.2.1/thumb/v6-m/libgcc.a(fixsfsi.o)
 .ARM.attributes
                0x0000000000000cd2       0x2c /usr/local/gcc-arm-none-eabi-6_2-2016q4/bin/../lib/gcc/arm-none-eabi/6.2.1/thumb/v6-m/libgcc.a(floatsisf.o)
 .ARM.attributes
                0x0000000000000cfe       0x2c /usr/local/gcc-arm-none-eabi-6_2-2016q4/bin/../lib/gcc/arm-none-eabi/6.2.1/thumb/v6-m/libgcc.a(floatunsisf.o)
 .ARM.attributes
                0x0000000000000d2a       0x2c /usr/local/gcc-arm-none-eabi-6_2-2016q4/bin/../lib/gcc/arm-none-eabi/6.2.1/thumb/v6-m/libgcc.a(adddf3.o)
 .ARM.attributes
                0x0000000000000d56       0x2c /usr/local/gcc-arm-none-eabi-6_2-2016q4/bin/../lib/gcc/arm-none-eabi/6.2.1/thumb/v6-m/libgcc.a(divdf3.o)
 .ARM.attributes
                0x0000000000000d82       0x2c /usr/local/gcc-arm-none-eabi-6_2-2016q4/bin/../lib/gcc/arm-none-eabi/6.2.1/thumb/v6-m/libgcc.a(eqdf2.o)
 .ARM.attributes
                0x0000000000000dae       0x2c /usr/local/gcc-arm-none-eabi-6_2-2016q4/bin/../lib/gcc/arm-none-eabi/6.2.1/thumb/v6-m/libgcc.a(gedf2.o)
 .ARM.attributes
                0x0000000000000dda       0x2c /usr/local/gcc-arm-none-eabi-6_2-2016q4/bin/../lib/gcc/arm-none-eabi/6.2.1/thumb/v6-m/libgcc.a(ledf2.o)
 .ARM.attributes
                0x0000000000000e06       0x2c /usr/local/gcc-arm-none-eabi-6_2-2016q4/bin/../lib/gcc/arm-none-eabi/6.2.1/thumb/v6-m/libgcc.a(muldf3.o)
 .ARM.attributes
                0x0000000000000e32       0x2c /usr/local/gcc-arm-none-eabi-6_2-2016q4/bin/../lib/gcc/arm-none-eabi/6.2.1/thumb/v6-m/libgcc.a(subdf3.o)
 .ARM.attributes
                0x0000000000000e5e       0x2c /usr/local/gcc-arm-none-eabi-6_2-2016q4/bin/../lib/gcc/arm-none-eabi/6.2.1/thumb/v6-m/libgcc.a(fixdfsi.o)
 .ARM.attributes
                0x0000000000000e8a       0x2c /usr/local/gcc-arm-none-eabi-6_2-2016q4/bin/../lib/gcc/arm-none-eabi/6.2.1/thumb/v6-m/libgcc.a(floatsidf.o)
 .ARM.attributes
                0x0000000000000eb6       0x2c /usr/local/gcc-arm-none-eabi-6_2-2016q4/bin/../lib/gcc/arm-none-eabi/6.2.1/thumb/v6-m/libgcc.a(extendsfdf2.o)
 .ARM.attributes
                0x0000000000000ee2       0x2c /usr/local/gcc-arm-none-eabi-6_2-2016q4/bin/../lib/gcc/arm-none-eabi/6.2.1/thumb/v6-m/libgcc.a(truncdfsf2.o)
 .ARM.attributes
                0x0000000000000f0e       0x1e /usr/local/gcc-arm-none-eabi-6_2-2016q4/bin/../lib/gcc/arm-none-eabi/6.2.1/thumb/v6-m/libgcc.a(_clzsi2.o)
 .ARM.attributes
                0x0000000000000f2c       0x1e /usr/local/gcc-arm-none-eabi-6_2-2016q4/bin/../lib/gcc/arm-none-eabi/6.2.1/thumb/v6-m/crtn.o
OUTPUT(build/sympetrum-v3.elf elf32-littlearm)

.debug_info     0x0000000000000000    0x234a9
 .debug_info    0x0000000000000000     0x1259 build/als.o
 .debug_info    0x0000000000001259      0xa9f build/beacon.o
 .debug_info    0x0000000000001cf8       0xf3 build/board_id.o
 .debug_info    0x0000000000001deb      0xc04 build/color.o
 .debug_info    0x00000000000029ef      0x10f build/crc.o
 .debug_info    0x0000000000002afe     0x109e build/iprintf.o
 .debug_info    0x0000000000003b9c     0x1a7d build/ir.o
 .debug_info    0x0000000000005619     0x1c55 build/led.o
 .debug_info    0x000000000000726e     0x119e build/lighting.o
 .debug_info    0x000000000000840c      0xb77 build/main.o
 .debug_info    0x0000000000008f83      0xe8d build/pattern.o
 .debug_info    0x0000000000009e10     0x18b4 build/platform_hw.o
 .debug_info    0x000000000000b6c4     0x1a6e build/stm32f0xx_hal_msp.o
 .debug_info    0x000000000000d132     0x14ee build/stm32f0xx_it.o
 .debug_info    0x000000000000e620      0xb70 build/system_stm32f0xx.o
 .debug_info    0x000000000000f190       0xfd build/tables.o
 .debug_info    0x000000000000f28d      0xb5c build/terrible_timer.o
 .debug_info    0x000000000000fde9     0x10e4 build/test.o
 .debug_info    0x0000000000010ecd      0xc08 build/test_patterns.o
 .debug_info    0x0000000000011ad5       0x99 build/version.o
 .debug_info    0x0000000000011b6e      0xf06 build/stm32f0xx_hal.o
 .debug_info    0x0000000000012a74     0x1641 build/stm32f0xx_hal_adc.o
 .debug_info    0x00000000000140b5     0x10a4 build/stm32f0xx_hal_cortex.o
 .debug_info    0x0000000000015159     0x10ba build/stm32f0xx_hal_dma.o
 .debug_info    0x0000000000016213      0xfaf build/stm32f0xx_hal_gpio.o
 .debug_info    0x00000000000171c2     0x265a build/stm32f0xx_hal_i2c.o
 .debug_info    0x000000000001981c     0x121d build/stm32f0xx_hal_i2c_ex.o
 .debug_info    0x000000000001aa39     0x1135 build/stm32f0xx_hal_rcc.o
 .debug_info    0x000000000001bb6e      0xcb6 build/stm32f0xx_hal_rcc_ex.o
 .debug_info    0x000000000001c824     0x2d5c build/stm32f0xx_hal_tim.o
 .debug_info    0x000000000001f580     0x1a84 build/stm32f0xx_hal_tim_ex.o
 .debug_info    0x0000000000021004     0x1df0 build/stm32f0xx_hal_uart.o
 .debug_info    0x0000000000022df4      0x617 build/yabi.o
 .debug_info    0x000000000002340b       0x9e build/startup_stm32f051x8.o

.debug_abbrev   0x0000000000000000     0x4843
 .debug_abbrev  0x0000000000000000      0x250 build/als.o
 .debug_abbrev  0x0000000000000250      0x1f1 build/beacon.o
 .debug_abbrev  0x0000000000000441       0x8e build/board_id.o
 .debug_abbrev  0x00000000000004cf      0x1ed build/color.o
 .debug_abbrev  0x00000000000006bc       0x9b build/crc.o
 .debug_abbrev  0x0000000000000757      0x22c build/iprintf.o
 .debug_abbrev  0x0000000000000983      0x429 build/ir.o
 .debug_abbrev  0x0000000000000dac      0x34b build/led.o
 .debug_abbrev  0x00000000000010f7      0x266 build/lighting.o
 .debug_abbrev  0x000000000000135d      0x1f5 build/main.o
 .debug_abbrev  0x0000000000001552      0x259 build/pattern.o
 .debug_abbrev  0x00000000000017ab      0x244 build/platform_hw.o
 .debug_abbrev  0x00000000000019ef      0x21d build/stm32f0xx_hal_msp.o
 .debug_abbrev  0x0000000000001c0c      0x21a build/stm32f0xx_it.o
 .debug_abbrev  0x0000000000001e26      0x1e6 build/system_stm32f0xx.o
 .debug_abbrev  0x000000000000200c       0x5d build/tables.o
 .debug_abbrev  0x0000000000002069      0x1f9 build/terrible_timer.o
 .debug_abbrev  0x0000000000002262      0x32a build/test.o
 .debug_abbrev  0x000000000000258c      0x21d build/test_patterns.o
 .debug_abbrev  0x00000000000027a9       0x58 build/version.o
 .debug_abbrev  0x0000000000002801      0x282 build/stm32f0xx_hal.o
 .debug_abbrev  0x0000000000002a83      0x280 build/stm32f0xx_hal_adc.o
 .debug_abbrev  0x0000000000002d03      0x30d build/stm32f0xx_hal_cortex.o
 .debug_abbrev  0x0000000000003010      0x29e build/stm32f0xx_hal_dma.o
 .debug_abbrev  0x00000000000032ae      0x268 build/stm32f0xx_hal_gpio.o
 .debug_abbrev  0x0000000000003516      0x2c1 build/stm32f0xx_hal_i2c.o
 .debug_abbrev  0x00000000000037d7      0x236 build/stm32f0xx_hal_i2c_ex.o
 .debug_abbrev  0x0000000000003a0d      0x29d build/stm32f0xx_hal_rcc.o
 .debug_abbrev  0x0000000000003caa      0x23f build/stm32f0xx_hal_rcc_ex.o
 .debug_abbrev  0x0000000000003ee9      0x2c7 build/stm32f0xx_hal_tim.o
 .debug_abbrev  0x00000000000041b0      0x2a4 build/stm32f0xx_hal_tim_ex.o
 .debug_abbrev  0x0000000000004454      0x28d build/stm32f0xx_hal_uart.o
 .debug_abbrev  0x00000000000046e1      0x150 build/yabi.o
 .debug_abbrev  0x0000000000004831       0x12 build/startup_stm32f051x8.o

.debug_loc      0x0000000000000000     0x6f6b
 .debug_loc     0x0000000000000000       0xd4 build/als.o
 .debug_loc     0x00000000000000d4       0x9c build/beacon.o
 .debug_loc     0x0000000000000170       0x64 build/board_id.o
 .debug_loc     0x00000000000001d4       0x72 build/color.o
 .debug_loc     0x0000000000000246       0x38 build/crc.o
 .debug_loc     0x000000000000027e       0xb6 build/iprintf.o
 .debug_loc     0x0000000000000334      0x59e build/ir.o
 .debug_loc     0x00000000000008d2      0x4d6 build/led.o
 .debug_loc     0x0000000000000da8      0x1aa build/lighting.o
 .debug_loc     0x0000000000000f52       0x9c build/main.o
 .debug_loc     0x0000000000000fee      0x1e0 build/pattern.o
 .debug_loc     0x00000000000011ce      0x186 build/platform_hw.o
 .debug_loc     0x0000000000001354      0x188 build/stm32f0xx_hal_msp.o
 .debug_loc     0x00000000000014dc      0x14c build/stm32f0xx_it.o
 .debug_loc     0x0000000000001628       0x64 build/system_stm32f0xx.o
 .debug_loc     0x000000000000168c      0x118 build/terrible_timer.o
 .debug_loc     0x00000000000017a4      0x33c build/test.o
 .debug_loc     0x0000000000001ae0       0x9c build/test_patterns.o
 .debug_loc     0x0000000000001b7c      0x304 build/stm32f0xx_hal.o
 .debug_loc     0x0000000000001e80      0x620 build/stm32f0xx_hal_adc.o
 .debug_loc     0x00000000000024a0      0x468 build/stm32f0xx_hal_cortex.o
 .debug_loc     0x0000000000002908      0x310 build/stm32f0xx_hal_dma.o
 .debug_loc     0x0000000000002c18      0x1c0 build/stm32f0xx_hal_gpio.o
 .debug_loc     0x0000000000002dd8      0xff8 build/stm32f0xx_hal_i2c.o
 .debug_loc     0x0000000000003dd0      0x150 build/stm32f0xx_hal_i2c_ex.o
 .debug_loc     0x0000000000003f20      0x286 build/stm32f0xx_hal_rcc.o
 .debug_loc     0x00000000000041a6       0xa8 build/stm32f0xx_hal_rcc_ex.o
 .debug_loc     0x000000000000424e     0x1730 build/stm32f0xx_hal_tim.o
 .debug_loc     0x000000000000597e      0x850 build/stm32f0xx_hal_tim_ex.o
 .debug_loc     0x00000000000061ce      0xc40 build/stm32f0xx_hal_uart.o
 .debug_loc     0x0000000000006e0e      0x15d build/yabi.o

.debug_aranges  0x0000000000000000     0x1398
 .debug_aranges
                0x0000000000000000       0x38 build/als.o
 .debug_aranges
                0x0000000000000038       0x30 build/beacon.o
 .debug_aranges
                0x0000000000000068       0x28 build/board_id.o
 .debug_aranges
                0x0000000000000090       0x28 build/color.o
 .debug_aranges
                0x00000000000000b8       0x20 build/crc.o
 .debug_aranges
                0x00000000000000d8       0x30 build/iprintf.o
 .debug_aranges
                0x0000000000000108       0xf8 build/ir.o
 .debug_aranges
                0x0000000000000200       0xd8 build/led.o
 .debug_aranges
                0x00000000000002d8       0x58 build/lighting.o
 .debug_aranges
                0x0000000000000330       0x30 build/main.o
 .debug_aranges
                0x0000000000000360       0x60 build/pattern.o
 .debug_aranges
                0x00000000000003c0       0x58 build/platform_hw.o
 .debug_aranges
                0x0000000000000418       0x50 build/stm32f0xx_hal_msp.o
 .debug_aranges
                0x0000000000000468       0x50 build/stm32f0xx_it.o
 .debug_aranges
                0x00000000000004b8       0x28 build/system_stm32f0xx.o
 .debug_aranges
                0x00000000000004e0       0x18 build/tables.o
 .debug_aranges
                0x00000000000004f8       0x40 build/terrible_timer.o
 .debug_aranges
                0x0000000000000538       0x90 build/test.o
 .debug_aranges
                0x00000000000005c8       0x30 build/test_patterns.o
 .debug_aranges
                0x00000000000005f8       0x18 build/version.o
 .debug_aranges
                0x0000000000000610       0xa0 build/stm32f0xx_hal.o
 .debug_aranges
                0x00000000000006b0       0xf8 build/stm32f0xx_hal_adc.o
 .debug_aranges
                0x00000000000007a8       0xc0 build/stm32f0xx_hal_cortex.o
 .debug_aranges
                0x0000000000000868       0x88 build/stm32f0xx_hal_dma.o
 .debug_aranges
                0x00000000000008f0       0x58 build/stm32f0xx_hal_gpio.o
 .debug_aranges
                0x0000000000000948      0x260 build/stm32f0xx_hal_i2c.o
 .debug_aranges
                0x0000000000000ba8       0x48 build/stm32f0xx_hal_i2c_ex.o
 .debug_aranges
                0x0000000000000bf0       0x80 build/stm32f0xx_hal_rcc.o
 .debug_aranges
                0x0000000000000c70       0x30 build/stm32f0xx_hal_rcc_ex.o
 .debug_aranges
                0x0000000000000ca0      0x368 build/stm32f0xx_hal_tim.o
 .debug_aranges
                0x0000000000001008      0x148 build/stm32f0xx_hal_tim_ex.o
 .debug_aranges
                0x0000000000001150      0x1d8 build/stm32f0xx_hal_uart.o
 .debug_aranges
                0x0000000000001328       0x48 build/yabi.o
 .debug_aranges
                0x0000000000001370       0x28 build/startup_stm32f051x8.o

.debug_ranges   0x0000000000000000     0x1170
 .debug_ranges  0x0000000000000000       0x28 build/als.o
 .debug_ranges  0x0000000000000028       0x20 build/beacon.o
 .debug_ranges  0x0000000000000048       0x18 build/board_id.o
 .debug_ranges  0x0000000000000060       0x18 build/color.o
 .debug_ranges  0x0000000000000078       0x10 build/crc.o
 .debug_ranges  0x0000000000000088       0x20 build/iprintf.o
 .debug_ranges  0x00000000000000a8       0xe8 build/ir.o
 .debug_ranges  0x0000000000000190       0xc8 build/led.o
 .debug_ranges  0x0000000000000258       0x48 build/lighting.o
 .debug_ranges  0x00000000000002a0       0x20 build/main.o
 .debug_ranges  0x00000000000002c0       0x50 build/pattern.o
 .debug_ranges  0x0000000000000310       0x48 build/platform_hw.o
 .debug_ranges  0x0000000000000358       0x40 build/stm32f0xx_hal_msp.o
 .debug_ranges  0x0000000000000398       0x40 build/stm32f0xx_it.o
 .debug_ranges  0x00000000000003d8       0x18 build/system_stm32f0xx.o
 .debug_ranges  0x00000000000003f0       0x30 build/terrible_timer.o
 .debug_ranges  0x0000000000000420       0x80 build/test.o
 .debug_ranges  0x00000000000004a0       0x20 build/test_patterns.o
 .debug_ranges  0x00000000000004c0       0x90 build/stm32f0xx_hal.o
 .debug_ranges  0x0000000000000550       0xe8 build/stm32f0xx_hal_adc.o
 .debug_ranges  0x0000000000000638       0xb0 build/stm32f0xx_hal_cortex.o
 .debug_ranges  0x00000000000006e8       0x78 build/stm32f0xx_hal_dma.o
 .debug_ranges  0x0000000000000760       0x48 build/stm32f0xx_hal_gpio.o
 .debug_ranges  0x00000000000007a8      0x250 build/stm32f0xx_hal_i2c.o
 .debug_ranges  0x00000000000009f8       0x38 build/stm32f0xx_hal_i2c_ex.o
 .debug_ranges  0x0000000000000a30       0x70 build/stm32f0xx_hal_rcc.o
 .debug_ranges  0x0000000000000aa0       0x20 build/stm32f0xx_hal_rcc_ex.o
 .debug_ranges  0x0000000000000ac0      0x358 build/stm32f0xx_hal_tim.o
 .debug_ranges  0x0000000000000e18      0x138 build/stm32f0xx_hal_tim_ex.o
 .debug_ranges  0x0000000000000f50      0x1c8 build/stm32f0xx_hal_uart.o
 .debug_ranges  0x0000000000001118       0x38 build/yabi.o
 .debug_ranges  0x0000000000001150       0x20 build/startup_stm32f051x8.o

.debug_line     0x0000000000000000     0x94c0
 .debug_line    0x0000000000000000      0x2af build/als.o
 .debug_line    0x00000000000002af      0x1b7 build/beacon.o
 .debug_line    0x0000000000000466      0x103 build/board_id.o
 .debug_line    0x0000000000000569      0x237 build/color.o
 .debug_line    0x00000000000007a0      0x106 build/crc.o
 .debug_line    0x00000000000008a6      0x29e build/iprintf.o
 .debug_line    0x0000000000000b44      0x5ac build/ir.o
 .debug_line    0x00000000000010f0      0x55f build/led.o
 .debug_line    0x000000000000164f      0x2c5 build/lighting.o
 .debug_line    0x0000000000001914      0x275 build/main.o
 .debug_line    0x0000000000001b89      0x295 build/pattern.o
 .debug_line    0x0000000000001e1e      0x361 build/platform_hw.o
 .debug_line    0x000000000000217f      0x340 build/stm32f0xx_hal_msp.o
 .debug_line    0x00000000000024bf      0x2dc build/stm32f0xx_it.o
 .debug_line    0x000000000000279b      0x1ef build/system_stm32f0xx.o
 .debug_line    0x000000000000298a       0xd6 build/tables.o
 .debug_line    0x0000000000002a60      0x212 build/terrible_timer.o
 .debug_line    0x0000000000002c72      0x3c8 build/test.o
 .debug_line    0x000000000000303a      0x295 build/test_patterns.o
 .debug_line    0x00000000000032cf       0xe8 build/version.o
 .debug_line    0x00000000000033b7      0x365 build/stm32f0xx_hal.o
 .debug_line    0x000000000000371c      0x7cb build/stm32f0xx_hal_adc.o
 .debug_line    0x0000000000003ee7      0x3c6 build/stm32f0xx_hal_cortex.o
 .debug_line    0x00000000000042ad      0x43b build/stm32f0xx_hal_dma.o
 .debug_line    0x00000000000046e8      0x3a6 build/stm32f0xx_hal_gpio.o
 .debug_line    0x0000000000004a8e     0x12f1 build/stm32f0xx_hal_i2c.o
 .debug_line    0x0000000000005d7f      0x378 build/stm32f0xx_hal_i2c_ex.o
 .debug_line    0x00000000000060f7      0x497 build/stm32f0xx_hal_rcc.o
 .debug_line    0x000000000000658e      0x31b build/stm32f0xx_hal_rcc_ex.o
 .debug_line    0x00000000000068a9     0x14f1 build/stm32f0xx_hal_tim.o
 .debug_line    0x0000000000007d9a      0x8b8 build/stm32f0xx_hal_tim_ex.o
 .debug_line    0x0000000000008652      0xbac build/stm32f0xx_hal_uart.o
 .debug_line    0x00000000000091fe      0x213 build/yabi.o
 .debug_line    0x0000000000009411       0xaf build/startup_stm32f051x8.o

.debug_str      0x0000000000000000     0x5751
 .debug_str     0x0000000000000000      0xa02 build/als.o
                                        0xac6 (size before relaxing)
 .debug_str     0x0000000000000a02       0x8b build/beacon.o
                                        0x5dd (size before relaxing)
 .debug_str     0x0000000000000a8d       0x26 build/board_id.o
                                        0x18b (size before relaxing)
 .debug_str     0x0000000000000ab3       0x84 build/color.o
                                        0x5c9 (size before relaxing)
 .debug_str     0x0000000000000b37       0x1d build/crc.o
                                        0x16e (size before relaxing)
 .debug_str     0x0000000000000b54      0x2bb build/iprintf.o
                                        0xa49 (size before relaxing)
 .debug_str     0x0000000000000e0f      0x7c1 build/ir.o
                                       0x106e (size before relaxing)
 .debug_str     0x00000000000015d0      0x6e2 build/led.o
                                       0x10ff (size before relaxing)
 .debug_str     0x0000000000001cb2      0x37c build/lighting.o
                                        0xa89 (size before relaxing)
 .debug_str     0x000000000000202e       0x85 build/main.o
                                        0x664 (size before relaxing)
 .debug_str     0x00000000000020b3      0x248 build/pattern.o
                                        0x831 (size before relaxing)
 .debug_str     0x00000000000022fb      0x245 build/platform_hw.o
                                       0x1198 (size before relaxing)
 .debug_str     0x0000000000002540       0xa6 build/stm32f0xx_hal_msp.o
                                       0x11aa (size before relaxing)
 .debug_str     0x00000000000025e6       0xc1 build/stm32f0xx_it.o
                                        0xd85 (size before relaxing)
 .debug_str     0x00000000000026a7       0x57 build/system_stm32f0xx.o
                                        0x628 (size before relaxing)
 .debug_str     0x00000000000026fe       0x1a build/tables.o
                                        0x193 (size before relaxing)
 .debug_str     0x0000000000002718       0x82 build/terrible_timer.o
                                        0x650 (size before relaxing)
 .debug_str     0x000000000000279a      0x252 build/test.o
                                        0x8f1 (size before relaxing)
 .debug_str     0x00000000000029ec       0xa4 build/test_patterns.o
                                        0x690 (size before relaxing)
 .debug_str     0x0000000000002a90        0xe build/version.o
                                        0x16c (size before relaxing)
 .debug_str     0x0000000000002a9e      0x1cc build/stm32f0xx_hal.o
                                        0x99f (size before relaxing)
 .debug_str     0x0000000000002c6a      0x31f build/stm32f0xx_hal_adc.o
                                        0xc7d (size before relaxing)
 .debug_str     0x0000000000002f89      0x1e5 build/stm32f0xx_hal_cortex.o
                                        0xa0f (size before relaxing)
 .debug_str     0x000000000000316e      0x24f build/stm32f0xx_hal_dma.o
                                        0xa05 (size before relaxing)
 .debug_str     0x00000000000033bd       0xed build/stm32f0xx_hal_gpio.o
                                        0x802 (size before relaxing)
 .debug_str     0x00000000000034aa      0x772 build/stm32f0xx_hal_i2c.o
                                       0x1237 (size before relaxing)
 .debug_str     0x0000000000003c1c       0xf0 build/stm32f0xx_hal_i2c_ex.o
                                        0xbcb (size before relaxing)
 .debug_str     0x0000000000003d0c      0x1cc build/stm32f0xx_hal_rcc.o
                                        0x9b4 (size before relaxing)
 .debug_str     0x0000000000003ed8       0xae build/stm32f0xx_hal_rcc_ex.o
                                        0x77b (size before relaxing)
 .debug_str     0x0000000000003f86      0xbfe build/stm32f0xx_hal_tim.o
                                       0x16dc (size before relaxing)
 .debug_str     0x0000000000004b84      0x4b8 build/stm32f0xx_hal_tim_ex.o
                                       0x103d (size before relaxing)
 .debug_str     0x000000000000503c      0x5c9 build/stm32f0xx_hal_uart.o
                                       0x10e7 (size before relaxing)
 .debug_str     0x0000000000005605      0x14c build/yabi.o
                                        0x537 (size before relaxing)

.comment        0x0000000000000000       0x6e
 .comment       0x0000000000000000       0x6e build/als.o
                                         0x6f (size before relaxing)
 .comment       0x000000000000006e       0x6f build/beacon.o
 .comment       0x000000000000006e       0x6f build/board_id.o
 .comment       0x000000000000006e       0x6f build/color.o
 .comment       0x000000000000006e       0x6f build/crc.o
 .comment       0x000000000000006e       0x6f build/iprintf.o
 .comment       0x000000000000006e       0x6f build/ir.o
 .comment       0x000000000000006e       0x6f build/led.o
 .comment       0x000000000000006e       0x6f build/lighting.o
 .comment       0x000000000000006e       0x6f build/main.o