Archive member included to satisfy reference by file (symbol)

/usr/local/gcc-arm-none-eabi-6_2-2016q4/bin/../lib/gcc/arm-none-eabi/6.2.1/../../../../arm-none-eabi/lib/thumb/v6-m/libc_nano.a(lib_a-exit.o)
                              /usr/local/gcc-arm-none-eabi-6_2-2016q4/bin/../lib/gcc/arm-none-eabi/6.2.1/../../../../arm-none-eabi/lib/thumb/v6-m/crt0.o (exit)
/usr/local/gcc-arm-none-eabi-6_2-2016q4/bin/../lib/gcc/arm-none-eabi/6.2.1/../../../../arm-none-eabi/lib/thumb/v6-m/libc_nano.a(lib_a-impure.o)
                              /usr/local/gcc-arm-none-eabi-6_2-2016q4/bin/../lib/gcc/arm-none-eabi/6.2.1/../../../../arm-none-eabi/lib/thumb/v6-m/libc_nano.a(lib_a-exit.o) (_global_impure_ptr)
/usr/local/gcc-arm-none-eabi-6_2-2016q4/bin/../lib/gcc/arm-none-eabi/6.2.1/../../../../arm-none-eabi/lib/thumb/v6-m/libc_nano.a(lib_a-init.o)
                              /usr/local/gcc-arm-none-eabi-6_2-2016q4/bin/../lib/gcc/arm-none-eabi/6.2.1/../../../../arm-none-eabi/lib/thumb/v6-m/crt0.o (__libc_init_array)
/usr/local/gcc-arm-none-eabi-6_2-2016q4/bin/../lib/gcc/arm-none-eabi/6.2.1/../../../../arm-none-eabi/lib/thumb/v6-m/libc_nano.a(lib_a-memcpy-stub.o)
                              build/led.o (memcpy)
/usr/local/gcc-arm-none-eabi-6_2-2016q4/bin/../lib/gcc/arm-none-eabi/6.2.1/../../../../arm-none-eabi/lib/thumb/v6-m/libc_nano.a(lib_a-memset.o)
                              /usr/local/gcc-arm-none-eabi-6_2-2016q4/bin/../lib/gcc/arm-none-eabi/6.2.1/../../../../arm-none-eabi/lib/thumb/v6-m/crt0.o (memset)
/usr/local/gcc-arm-none-eabi-6_2-2016q4/bin/../lib/gcc/arm-none-eabi/6.2.1/../../../../arm-none-eabi/lib/thumb/v6-m/libc_nano.a(lib_a-rand.o)
                              build/main.o (srand)
/usr/local/gcc-arm-none-eabi-6_2-2016q4/bin/../lib/gcc/arm-none-eabi/6.2.1/../../../../arm-none-eabi/lib/thumb/v6-m/libc_nano.a(lib_a-snprintf.o)
                              build/beacon.o (snprintf)
/usr/local/gcc-arm-none-eabi-6_2-2016q4/bin/../lib/gcc/arm-none-eabi/6.2.1/../../../../arm-none-eabi/lib/thumb/v6-m/libc_nano.a(lib_a-malloc.o)
                              /usr/local/gcc-arm-none-eabi-6_2-2016q4/bin/../lib/gcc/arm-none-eabi/6.2.1/../../../../arm-none-eabi/lib/thumb/v6-m/libc_nano.a(lib_a-rand.o) (malloc)
/usr/local/gcc-arm-none-eabi-6_2-2016q4/bin/../lib/gcc/arm-none-eabi/6.2.1/../../../../arm-none-eabi/lib/thumb/v6-m/libc_nano.a(lib_a-nano-freer.o)
                              /usr/local/gcc-arm-none-eabi-6_2-2016q4/bin/../lib/gcc/arm-none-eabi/6.2.1/../../../../arm-none-eabi/lib/thumb/v6-m/libc_nano.a(lib_a-malloc.o) (_free_r)
/usr/local/gcc-arm-none-eabi-6_2-2016q4/bin/../lib/gcc/arm-none-eabi/6.2.1/../../../../arm-none-eabi/lib/thumb/v6-m/libc_nano.a(lib_a-nano-mallocr.o)
                              /usr/local/gcc-arm-none-eabi-6_2-2016q4/bin/../lib/gcc/arm-none-eabi/6.2.1/../../../../arm-none-eabi/lib/thumb/v6-m/libc_nano.a(lib_a-malloc.o) (_malloc_r)
/usr/local/gcc-arm-none-eabi-6_2-2016q4/bin/../lib/gcc/arm-none-eabi/6.2.1/../../../../arm-none-eabi/lib/thumb/v6-m/libc_nano.a(lib_a-nano-svfprintf.o)
                              /usr/local/gcc-arm-none-eabi-6_2-2016q4/bin/../lib/gcc/arm-none-eabi/6.2.1/../../../../arm-none-eabi/lib/thumb/v6-m/libc_nano.a(lib_a-snprintf.o) (_svfprintf_r)
/usr/local/gcc-arm-none-eabi-6_2-2016q4/bin/../lib/gcc/arm-none-eabi/6.2.1/../../../../arm-none-eabi/lib/thumb/v6-m/libc_nano.a(lib_a-nano-vfprintf_i.o)
                              /usr/local/gcc-arm-none-eabi-6_2-2016q4/bin/../lib/gcc/arm-none-eabi/6.2.1/../../../../arm-none-eabi/lib/thumb/v6-m/libc_nano.a(lib_a-nano-svfprintf.o) (_printf_i)
/usr/local/gcc-arm-none-eabi-6_2-2016q4/bin/../lib/gcc/arm-none-eabi/6.2.1/../../../../arm-none-eabi/lib/thumb/v6-m/libc_nano.a(lib_a-sbrkr.o)
                              /usr/local/gcc-arm-none-eabi-6_2-2016q4/bin/../lib/gcc/arm-none-eabi/6.2.1/../../../../arm-none-eabi/lib/thumb/v6-m/libc_nano.a(lib_a-nano-mallocr.o) (_sbrk_r)
/usr/local/gcc-arm-none-eabi-6_2-2016q4/bin/../lib/gcc/arm-none-eabi/6.2.1/../../../../arm-none-eabi/lib/thumb/v6-m/libc_nano.a(lib_a-memchr-stub.o)
                              /usr/local/gcc-arm-none-eabi-6_2-2016q4/bin/../lib/gcc/arm-none-eabi/6.2.1/../../../../arm-none-eabi/lib/thumb/v6-m/libc_nano.a(lib_a-nano-svfprintf.o) (memchr)
/usr/local/gcc-arm-none-eabi-6_2-2016q4/bin/../lib/gcc/arm-none-eabi/6.2.1/../../../../arm-none-eabi/lib/thumb/v6-m/libc_nano.a(lib_a-memmove.o)
                              /usr/local/gcc-arm-none-eabi-6_2-2016q4/bin/../lib/gcc/arm-none-eabi/6.2.1/../../../../arm-none-eabi/lib/thumb/v6-m/libc_nano.a(lib_a-nano-svfprintf.o) (memmove)
/usr/local/gcc-arm-none-eabi-6_2-2016q4/bin/../lib/gcc/arm-none-eabi/6.2.1/../../../../arm-none-eabi/lib/thumb/v6-m/libc_nano.a(lib_a-mlock.o)
                              /usr/local/gcc-arm-none-eabi-6_2-2016q4/bin/../lib/gcc/arm-none-eabi/6.2.1/../../../../arm-none-eabi/lib/thumb/v6-m/libc_nano.a(lib_a-nano-freer.o) (__malloc_lock)
[...]
Memory Configuration

Name             Origin             Length             Attributes
RAM              0x0000000020000000 0x0000000000002000 xrw
FLASH            0x0000000008000000 0x0000000000010000 xr
*default*        0x0000000000000000 0xffffffffffffffff

Linker script and memory map

LOAD /usr/local/gcc-arm-none-eabi-6_2-2016q4/bin/../lib/gcc/arm-none-eabi/6.2.1/thumb/v6-m/crti.o
LOAD /usr/local/gcc-arm-none-eabi-6_2-2016q4/bin/../lib/gcc/arm-none-eabi/6.2.1/thumb/v6-m/crtbegin.o
LOAD /usr/local/gcc-arm-none-eabi-6_2-2016q4/bin/../lib/gcc/arm-none-eabi/6.2.1/../../../../arm-none-eabi/lib/thumb/v6-m/crt0.o
LOAD build/als.o
LOAD build/beacon.o
LOAD build/board_id.o
LOAD build/color.o
LOAD build/crc.o
LOAD build/iprintf.o
LOAD build/ir.o
LOAD build/led.o
LOAD build/lighting.o
LOAD build/main.o
LOAD build/pattern.o
LOAD build/platform_hw.o
LOAD build/power.o
LOAD build/stm32f0xx_hal_msp.o
LOAD build/stm32f0xx_it.o
LOAD build/system_stm32f0xx.o
LOAD build/tables.o
LOAD build/terrible_timer.o
LOAD build/test.o
LOAD build/test_patterns.o
LOAD build/version.o
LOAD build/stm32f0xx_hal.o
LOAD build/stm32f0xx_hal_adc.o
LOAD build/stm32f0xx_hal_adc_ex.o
LOAD build/stm32f0xx_hal_cortex.o
LOAD build/stm32f0xx_hal_dma.o
LOAD build/stm32f0xx_hal_flash.o
LOAD build/stm32f0xx_hal_flash_ex.o
LOAD build/stm32f0xx_hal_gpio.o
LOAD build/stm32f0xx_hal_i2c.o
LOAD build/stm32f0xx_hal_i2c_ex.o
LOAD build/stm32f0xx_hal_pwr.o
LOAD build/stm32f0xx_hal_pwr_ex.o
LOAD build/stm32f0xx_hal_rcc.o
LOAD build/stm32f0xx_hal_rcc_ex.o
LOAD build/stm32f0xx_hal_spi.o
LOAD build/stm32f0xx_hal_spi_ex.o
LOAD build/stm32f0xx_hal_tim.o
LOAD build/stm32f0xx_hal_tim_ex.o
LOAD build/stm32f0xx_hal_uart.o
LOAD build/stm32f0xx_hal_uart_ex.o
LOAD build/yabi.o
LOAD build/startup_stm32f051x8.o
LOAD /usr/local/gcc-arm-none-eabi-6_2-2016q4/bin/../lib/gcc/arm-none-eabi/6.2.1/../../../../arm-none-eabi/lib/thumb/v6-m/libc_nano.a
LOAD /usr/local/gcc-arm-none-eabi-6_2-2016q4/bin/../lib/gcc/arm-none-eabi/6.2.1/../../../../arm-none-eabi/lib/thumb/v6-m/libnosys.a
LOAD /usr/local/gcc-arm-none-eabi-6_2-2016q4/bin/../lib/gcc/arm-none-eabi/6.2.1/../../../../arm-none-eabi/lib/thumb/v6-m/libm.a
START GROUP
LOAD /usr/local/gcc-arm-none-eabi-6_2-2016q4/bin/../lib/gcc/arm-none-eabi/6.2.1/thumb/v6-m/libgcc.a
LOAD /usr/local/gcc-arm-none-eabi-6_2-2016q4/bin/../lib/gcc/arm-none-eabi/6.2.1/../../../../arm-none-eabi/lib/thumb/v6-m/libc_nano.a
END GROUP
START GROUP
LOAD /usr/local/gcc-arm-none-eabi-6_2-2016q4/bin/../lib/gcc/arm-none-eabi/6.2.1/thumb/v6-m/libgcc.a
LOAD /usr/local/gcc-arm-none-eabi-6_2-2016q4/bin/../lib/gcc/arm-none-eabi/6.2.1/../../../../arm-none-eabi/lib/thumb/v6-m/libc_nano.a
END GROUP
LOAD /usr/local/gcc-arm-none-eabi-6_2-2016q4/bin/../lib/gcc/arm-none-eabi/6.2.1/thumb/v6-m/crtend.o
LOAD /usr/local/gcc-arm-none-eabi-6_2-2016q4/bin/../lib/gcc/arm-none-eabi/6.2.1/thumb/v6-m/crtn.o
                0x0000000020002000                _estack = 0x20002000
                0x0000000000000200                _Min_Heap_Size = 0x200
                0x0000000000000400                _Min_Stack_Size = 0x400

.isr_vector     0x0000000008000000       0xc0
                0x0000000008000000                . = ALIGN (0x4)
 *(.isr_vector)
 .isr_vector    0x0000000008000000       0xc0 build/startup_stm32f051x8.o
                0x0000000008000000                g_pfnVectors
                0x00000000080000c0                . = ALIGN (0x4)

.text           0x00000000080000c0     0xc468
                0x00000000080000c0                . = ALIGN (0x4)
 *(.text)
 .text          0x00000000080000c0       0x60 /usr/local/gcc-arm-none-eabi-6_2-2016q4/bin/../lib/gcc/arm-none-eabi/6.2.1/thumb/v6-m/crtbegin.o
 .text          0x0000000008000120      0x114 /usr/local/gcc-arm-none-eabi-6_2-2016q4/bin/../lib/gcc/arm-none-eabi/6.2.1/thumb/v6-m/libgcc.a(_udivsi3.o)
                0x0000000008000120                __udivsi3
                0x0000000008000120                __aeabi_uidiv
                0x000000000800022c                __aeabi_uidivmod
 .text          0x0000000008000234      0x1d4 /usr/local/gcc-arm-none-eabi-6_2-2016q4/bin/../lib/gcc/arm-none-eabi/6.2.1/thumb/v6-m/libgcc.a(_divsi3.o)
                0x0000000008000234                __aeabi_idiv
                0x0000000008000234                __divsi3
                0x0000000008000400                __aeabi_idivmod
 .text          0x0000000008000408        0x4 /usr/local/gcc-arm-none-eabi-6_2-2016q4/bin/../lib/gcc/arm-none-eabi/6.2.1/thumb/v6-m/libgcc.a(_dvmd_tls.o)
                0x0000000008000408                __aeabi_ldiv0
                0x0000000008000408                __aeabi_idiv0
 .text          0x000000000800040c       0x7c /usr/local/gcc-arm-none-eabi-6_2-2016q4/bin/../lib/gcc/arm-none-eabi/6.2.1/thumb/v6-m/libgcc.a(_arm_cmpdf2.o)
                0x000000000800040c                __aeabi_cdrcmple
                0x000000000800041c                __aeabi_cdcmple
                0x000000000800041c                __aeabi_cdcmpeq
                0x000000000800042c                __aeabi_dcmpeq
                0x0000000008000438                __aeabi_dcmplt
                0x000000000800044c                __aeabi_dcmple
                0x0000000008000460                __aeabi_dcmpgt
                0x0000000008000474                __aeabi_dcmpge
 .text          0x0000000008000488       0x74 /usr/local/gcc-arm-none-eabi-6_2-2016q4/bin/../lib/gcc/arm-none-eabi/6.2.1/thumb/v6-m/libgcc.a(_arm_cmpsf2.o)
                0x0000000008000488                __aeabi_cfrcmple
                0x0000000008000490                __aeabi_cfcmple
                0x0000000008000490                __aeabi_cfcmpeq
                0x00000000080004a0                __aeabi_fcmpeq
                0x00000000080004ac                __aeabi_fcmplt
                0x00000000080004c0                __aeabi_fcmple
                0x00000000080004d4                __aeabi_fcmpgt
                0x00000000080004e8                __aeabi_fcmpge
 .text          0x00000000080004fc       0x54 /usr/local/gcc-arm-none-eabi-6_2-2016q4/bin/../lib/gcc/arm-none-eabi/6.2.1/thumb/v6-m/libgcc.a(_muldi3.o)
                0x00000000080004fc                __aeabi_lmul
                0x00000000080004fc                __muldi3
 .text          0x0000000008000550       0x30 /usr/local/gcc-arm-none-eabi-6_2-2016q4/bin/../lib/gcc/arm-none-eabi/6.2.1/thumb/v6-m/libgcc.a(_fixunssfsi.o)
                0x0000000008000550                __aeabi_f2uiz
                0x0000000008000550                __fixunssfsi
 .text          0x0000000008000580       0x3c /usr/local/gcc-arm-none-eabi-6_2-2016q4/bin/../lib/gcc/arm-none-eabi/6.2.1/thumb/v6-m/libgcc.a(_fixunsdfsi.o)
                0x0000000008000580                __fixunsdfsi
                0x0000000008000580                __aeabi_d2uiz
 .text          0x00000000080005bc      0x324 /usr/local/gcc-arm-none-eabi-6_2-2016q4/bin/../lib/gcc/arm-none-eabi/6.2.1/thumb/v6-m/libgcc.a(addsf3.o)
                0x00000000080005bc                __aeabi_fadd
 .text          0x00000000080008e0      0x290 /usr/local/gcc-arm-none-eabi-6_2-2016q4/bin/../lib/gcc/arm-none-eabi/6.2.1/thumb/v6-m/libgcc.a(divsf3.o)
                0x00000000080008e0                __aeabi_fdiv
 .text          0x0000000008000b70       0x4c /usr/local/gcc-arm-none-eabi-6_2-2016q4/bin/../lib/gcc/arm-none-eabi/6.2.1/thumb/v6-m/libgcc.a(eqsf2.o)
                0x0000000008000b70                __nesf2
                0x0000000008000b70                __eqsf2
 .text          0x0000000008000bbc       0x80 /usr/local/gcc-arm-none-eabi-6_2-2016q4/bin/../lib/gcc/arm-none-eabi/6.2.1/thumb/v6-m/libgcc.a(gesf2.o)
                0x0000000008000bbc                __gtsf2
                0x0000000008000bbc                __gesf2
 .text          0x0000000008000c3c       0x84 /usr/local/gcc-arm-none-eabi-6_2-2016q4/bin/../lib/gcc/arm-none-eabi/6.2.1/thumb/v6-m/libgcc.a(lesf2.o)
                0x0000000008000c3c                __lesf2
                0x0000000008000c3c                __ltsf2
 .text          0x0000000008000cc0      0x240 /usr/local/gcc-arm-none-eabi-6_2-2016q4/bin/../lib/gcc/arm-none-eabi/6.2.1/thumb/v6-m/libgcc.a(mulsf3.o)
                0x0000000008000cc0                __aeabi_fmul
 .text          0x0000000008000f00      0x338 /usr/local/gcc-arm-none-eabi-6_2-2016q4/bin/../lib/gcc/arm-none-eabi/6.2.1/thumb/v6-m/libgcc.a(subsf3.o)
                0x0000000008000f00                __aeabi_fsub
 .text          0x0000000008001238       0x40 /usr/local/gcc-arm-none-eabi-6_2-2016q4/bin/../lib/gcc/arm-none-eabi/6.2.1/thumb/v6-m/libgcc.a(fixsfsi.o)
                0x0000000008001238                __aeabi_f2iz
 .text          0x0000000008001278       0xa0 /usr/local/gcc-arm-none-eabi-6_2-2016q4/bin/../lib/gcc/arm-none-eabi/6.2.1/thumb/v6-m/libgcc.a(floatsisf.o)
                0x0000000008001278                __aeabi_i2f
 .text          0x0000000008001318       0x8c /usr/local/gcc-arm-none-eabi-6_2-2016q4/bin/../lib/gcc/arm-none-eabi/6.2.1/thumb/v6-m/libgcc.a(floatunsisf.o)
                0x0000000008001318                __aeabi_ui2f
 .text          0x00000000080013a4      0x620 /usr/local/gcc-arm-none-eabi-6_2-2016q4/bin/../lib/gcc/arm-none-eabi/6.2.1/thumb/v6-m/libgcc.a(adddf3.o)
                0x00000000080013a4                __aeabi_dadd
 .text          0x00000000080019c4      0x668 /usr/local/gcc-arm-none-eabi-6_2-2016q4/bin/../lib/gcc/arm-none-eabi/6.2.1/thumb/v6-m/libgcc.a(divdf3.o)
                0x00000000080019c4                __aeabi_ddiv
 .text          0x000000000800202c       0x74 /usr/local/gcc-arm-none-eabi-6_2-2016q4/bin/../lib/gcc/arm-none-eabi/6.2.1/thumb/v6-m/libgcc.a(eqdf2.o)
                0x000000000800202c                __eqdf2
                0x000000000800202c                __nedf2
 .text          0x00000000080020a0       0xc8 /usr/local/gcc-arm-none-eabi-6_2-2016q4/bin/../lib/gcc/arm-none-eabi/6.2.1/thumb/v6-m/libgcc.a(gedf2.o)
                0x00000000080020a0                __gtdf2
                0x00000000080020a0                __gedf2
 .text          0x0000000008002168       0xc4 /usr/local/gcc-arm-none-eabi-6_2-2016q4/bin/../lib/gcc/arm-none-eabi/6.2.1/thumb/v6-m/libgcc.a(ledf2.o)
                0x0000000008002168                __ltdf2
                0x0000000008002168                __ledf2
 .text          0x000000000800222c      0x500 /usr/local/gcc-arm-none-eabi-6_2-2016q4/bin/../lib/gcc/arm-none-eabi/6.2.1/thumb/v6-m/libgcc.a(muldf3.o)
                0x000000000800222c                __aeabi_dmul
 .text          0x000000000800272c      0x62c /usr/local/gcc-arm-none-eabi-6_2-2016q4/bin/../lib/gcc/arm-none-eabi/6.2.1/thumb/v6-m/libgcc.a(subdf3.o)
                0x000000000800272c                __aeabi_dsub
 .text          0x0000000008002d58       0x68 /usr/local/gcc-arm-none-eabi-6_2-2016q4/bin/../lib/gcc/arm-none-eabi/6.2.1/thumb/v6-m/libgcc.a(fixdfsi.o)
                0x0000000008002d58                __aeabi_d2iz
 .text          0x0000000008002dc0       0x84 /usr/local/gcc-arm-none-eabi-6_2-2016q4/bin/../lib/gcc/arm-none-eabi/6.2.1/thumb/v6-m/libgcc.a(floatsidf.o)
                0x0000000008002dc0                __aeabi_i2d
 .text          0x0000000008002e44       0xa4 /usr/local/gcc-arm-none-eabi-6_2-2016q4/bin/../lib/gcc/arm-none-eabi/6.2.1/thumb/v6-m/libgcc.a(extendsfdf2.o)
                0x0000000008002e44                __aeabi_f2d
 .text          0x0000000008002ee8      0x114 /usr/local/gcc-arm-none-eabi-6_2-2016q4/bin/../lib/gcc/arm-none-eabi/6.2.1/thumb/v6-m/libgcc.a(truncdfsf2.o)
                0x0000000008002ee8                __aeabi_d2f
 .text          0x0000000008002ffc       0x3c /usr/local/gcc-arm-none-eabi-6_2-2016q4/bin/../lib/gcc/arm-none-eabi/6.2.1/thumb/v6-m/libgcc.a(_clzsi2.o)
                0x0000000008002ffc                __clzsi2
 *(.text*)
 .text.als_Init
                0x0000000008003038       0x40 build/als.o
                0x0000000008003038                als_Init
 .text.als_StartReading
                0x0000000008003078       0x30 build/als.o
                0x0000000008003078                als_StartReading
 .text.als_GetLux
                0x00000000080030a8       0xa0 build/als.o
                0x00000000080030a8                als_GetLux
 .text._ADCConfig
                0x0000000008003148       0xb4 build/als.o
 .text.beacon_Init
                0x00000000080031fc        0xe build/beacon.o
                0x00000000080031fc                beacon_Init
 *fill*         0x000000000800320a        0x2 
 .text.beacon_Send
                0x000000000800320c       0x44 build/beacon.o
                0x000000000800320c                beacon_Send
 .text.beacon_HaveReceived
                0x0000000008003250       0x28 build/beacon.o
                0x0000000008003250                beacon_HaveReceived
 .text.bid_GetID
                0x0000000008003278       0x38 build/board_id.o
                0x0000000008003278                bid_GetID
 .text.bid_GetIDCrc
                0x00000000080032b0       0x24 build/board_id.o
                0x00000000080032b0                bid_GetIDCrc
 .text.color_HSV2RGB
                0x00000000080032d4      0x66c build/color.o
                0x00000000080032d4                color_HSV2RGB
 .text.color_CIECorrect
                0x0000000008003940       0x40 build/color.o
                0x0000000008003940                color_CIECorrect
 .text.crc_CRC8
                0x0000000008003980       0x9c build/crc.o
                0x0000000008003980                crc_CRC8
 .text.iputc    0x0000000008003a1c       0x28 build/iprintf.o
 .text.change   0x0000000008003a44       0x1c build/iprintf.o
 .text.iprintf  0x0000000008003a60      0x1ce build/iprintf.o
                0x0000000008003a60                iprintf
 *fill*         0x0000000008003c2e        0x2 
 .text.TIM3_Init
                0x0000000008003c30       0x7c build/ir.o
 .text.TIM17_Init
                0x0000000008003cac      0x110 build/ir.o
 .text.delayTicks
                0x0000000008003dbc       0x64 build/ir.o
 .text.startIRPulseTimer
                0x0000000008003e20       0x2c build/ir.o
 .text.stopIRPulseTimer
                0x0000000008003e4c       0x18 build/ir.o
 .text.HAL_TIM_PeriodElapsedCallback
                0x0000000008003e64       0x4c build/ir.o
                0x0000000008003e64                HAL_TIM_PeriodElapsedCallback
 .text.IRInit   0x0000000008003eb0       0x74 build/ir.o
                0x0000000008003eb0                IRInit
 .text.ir_TestInit
                0x0000000008003f24       0x3c build/ir.o
                0x0000000008003f24                ir_TestInit
 .text.ir_TestSetEnableTX
                0x0000000008003f60       0x40 build/ir.o
                0x0000000008003f60                ir_TestSetEnableTX
 .text.IRStartStop
                0x0000000008003fa0       0x38 build/ir.o
 .text.IRZero   0x0000000008003fd8       0x38 build/ir.o
 .text.IROne    0x0000000008004010       0x38 build/ir.o
 .text.IRTxByte
                0x0000000008004048       0x40 build/ir.o
 .text.IRTxBuff
                0x0000000008004088       0xa8 build/ir.o
                0x0000000008004088                IRTxBuff
 .text.IRRxBit  0x0000000008004130       0xd0 build/ir.o
 .text.IRStartRx
                0x0000000008004200       0x5c build/ir.o
 .text.IRStopRX
                0x000000000800425c       0x40 build/ir.o
 .text.IRDataReady
                0x000000000800429c       0x40 build/ir.o
                0x000000000800429c                IRDataReady
 .text.IRStateMachine
                0x00000000080042dc      0x1c8 build/ir.o
 .text.HAL_GPIO_EXTI_Callback
                0x00000000080044a4       0x2c build/ir.o
                0x00000000080044a4                HAL_GPIO_EXTI_Callback
 .text.crc_update
                0x00000000080044d0       0xa8 build/ir.o
 .text.crc_init
                0x0000000008004578        0xc build/ir.o
 .text.crc_finalize
                0x0000000008004584       0x18 build/ir.o
 .text.led_Init
                0x000000000800459c       0x3c build/led.o
                0x000000000800459c                led_Init
 .text.led_TestInit
                0x00000000080045d8        0xe build/led.o
                0x00000000080045d8                led_TestInit
 *fill*         0x00000000080045e6        0x2 
 .text._ConfigureLEDController
                0x00000000080045e8      0x114 build/led.o
 .text.led_ClearDisplay
                0x00000000080046fc       0x20 build/led.o
                0x00000000080046fc                led_ClearDisplay
 .text.led_SetGlobalBrightness
                0x000000000800471c       0x8c build/led.o
                0x000000000800471c                led_SetGlobalBrightness
 .text.led_Pause
                0x00000000080047a8        0xe build/led.o
                0x00000000080047a8                led_Pause
 .text.led_Resume
                0x00000000080047b6        0xe build/led.o
                0x00000000080047b6                led_Resume
 .text.led_DrawPixelLinear
                0x00000000080047c4       0xa8 build/led.o
                0x00000000080047c4                led_DrawPixelLinear
 .text.led_UpdateDisplay
                0x000000000800486c      0x13c build/led.o
                0x000000000800486c                led_UpdateDisplay
 .text.HAL_I2C_MasterTxCpltCallback
                0x00000000080049a8       0x1c build/led.o
                0x00000000080049a8                HAL_I2C_MasterTxCpltCallback
 .text.led_TestExEnableBank
                0x00000000080049c4       0x6c build/led.o
                0x00000000080049c4                led_TestExEnableBank
 .text.led_TestDrawPixel
                0x0000000008004a30       0xc0 build/led.o
                0x0000000008004a30                led_TestDrawPixel
 .text._WriteRow
                0x0000000008004af0       0x88 build/led.o
 .text._EnableChannel
                0x0000000008004b78       0x8c build/led.o
 .text.led_TestRefresh
                0x0000000008004c04       0x22 build/led.o
                0x0000000008004c04                led_TestRefresh
 *fill*         0x0000000008004c26        0x2 
 .text._ForceUpdateRow
                0x0000000008004c28       0x5c build/led.o
 .text._ConfigureFrameClock
                0x0000000008004c84       0x48 build/led.o
 .text._configureMapping
                0x0000000008004ccc      0x150 build/led.o
 .text.led_MatrixStart
                0x0000000008004e1c       0x18 build/led.o
                0x0000000008004e1c                led_MatrixStart
 .text.led_MatrixStop
                0x0000000008004e34       0x18 build/led.o
                0x0000000008004e34                led_MatrixStop
 .text.lighting_Init
                0x0000000008004e4c       0x28 build/lighting.o
                0x0000000008004e4c                lighting_Init
 .text.lighting_Timeslice
                0x0000000008004e74       0xa0 build/lighting.o
                0x0000000008004e74                lighting_Timeslice
 .text.lighting_DrawPixelLinear
                0x0000000008004f14       0xc0 build/lighting.o
                0x0000000008004f14                lighting_DrawPixelLinear
 .text.lighting_DrawRing
                0x0000000008004fd4       0x94 build/lighting.o
                0x0000000008004fd4                lighting_DrawRing
 .text.setupYABI
                0x0000000008005068       0x64 build/lighting.o
 .text._yabiHwInit
                0x00000000080050cc       0x20 build/lighting.o
 .text._yabiSetChannelCB
                0x00000000080050ec       0x3c build/lighting.o
 .text._rolloverInterpolator
                0x0000000008005128      0x11c build/lighting.o
 .text.main     0x0000000008005244       0xb8 build/main.o
                0x0000000008005244                main
 .text.VersionToLEDs
                0x00000000080052fc      0x11c build/main.o
 .text.main_DoButton
                0x0000000008005418       0x64 build/main.o
                0x0000000008005418                main_DoButton
 .text.pattern_Init
                0x000000000800547c       0x70 build/pattern.o
                0x000000000800547c                pattern_Init
 .text.pattern_DoSendBeacon
                0x00000000080054ec       0x18 build/pattern.o
                0x00000000080054ec                pattern_DoSendBeacon
 .text.pattern_Timeslice
                0x0000000008005504       0xa4 build/pattern.o
                0x0000000008005504                pattern_Timeslice
 .text.applyFrameLengthChanges
                0x00000000080055a8       0xb0 build/pattern.o
 .text.applyJitterChanges
                0x0000000008005658       0xa4 build/pattern.o
 .text.applyAnimationFrame
                0x00000000080056fc       0xd8 build/pattern.o
 .text.handleAnimationFrame
                0x00000000080057d4       0x70 build/pattern.o
 .text.getAnimationClockPeriod
                0x0000000008005844       0x38 build/pattern.o
 .text.applyRampState
                0x000000000800587c      0x11c build/pattern.o
 .text.platformHW_Init
                0x0000000008005998       0x26 build/platform_hw.o
                0x0000000008005998                platformHW_Init
 .text.setKeepAlivePin
                0x00000000080059be       0x30 build/platform_hw.o
 .text.SystemClock_Config
                0x00000000080059ee       0xdc build/platform_hw.o
 *fill*         0x0000000008005aca        0x2 
 .text.MX_USART1_UART_Init
                0x0000000008005acc       0x60 build/platform_hw.o
 .text.MX_USART2_UART_Init
                0x0000000008005b2c       0x60 build/platform_hw.o
 .text.MX_I2C1_Init
                0x0000000008005b8c       0x70 build/platform_hw.o
 .text.MX_GPIO_Init
                0x0000000008005bfc      0x1a8 build/platform_hw.o
 .text.Error_Handler
                0x0000000008005da4       0x28 build/platform_hw.o
 .text.HAL_MspInit
                0x0000000008005dcc       0x54 build/stm32f0xx_hal_msp.o
                0x0000000008005dcc                HAL_MspInit
 .text.HAL_UART_MspInit
                0x0000000008005e20       0xdc build/stm32f0xx_hal_msp.o
                0x0000000008005e20                HAL_UART_MspInit
 .text.HAL_I2C_MspInit
                0x0000000008005efc       0x88 build/stm32f0xx_hal_msp.o
                0x0000000008005efc                HAL_I2C_MspInit
 .text.HAL_TIM_Base_MspInit
                0x0000000008005f84      0x154 build/stm32f0xx_hal_msp.o
                0x0000000008005f84                HAL_TIM_Base_MspInit
 .text.SysTick_Handler
                0x00000000080060d8       0x12 build/stm32f0xx_it.o
                0x00000000080060d8                SysTick_Handler
 *fill*         0x00000000080060ea        0x2 
 .text.EXTI0_1_IRQHandler
                0x00000000080060ec       0x48 build/stm32f0xx_it.o
                0x00000000080060ec                EXTI0_1_IRQHandler
 .text.EXTI4_15_IRQHandler
                0x0000000008006134       0x54 build/stm32f0xx_it.o
                0x0000000008006134                EXTI4_15_IRQHandler
 .text.I2C1_IRQHandler
                0x0000000008006188       0x30 build/stm32f0xx_it.o
                0x0000000008006188                I2C1_IRQHandler
 .text.TIM14_IRQHandler
                0x00000000080061b8       0x1c build/stm32f0xx_it.o
                0x00000000080061b8                TIM14_IRQHandler
 .text.EXTI2_3_IRQHandler
                0x00000000080061d4       0x30 build/stm32f0xx_it.o
                0x00000000080061d4                EXTI2_3_IRQHandler
 .text.TIM3_IRQHandler
                0x0000000008006204       0x18 build/stm32f0xx_it.o
                0x0000000008006204                TIM3_IRQHandler
 .text.SystemInit
                0x000000000800621c       0x88 build/system_stm32f0xx.o
                0x000000000800621c                SystemInit
 .text.ttimer_Set
                0x00000000080062a4       0x48 build/terrible_timer.o
                0x00000000080062a4                ttimer_Set
 .text.ttimer_Adjust
                0x00000000080062ec       0x1e build/terrible_timer.o
                0x00000000080062ec                ttimer_Adjust
 .text.ttimer_Restart
                0x000000000800630a       0x20 build/terrible_timer.o
                0x000000000800630a                ttimer_Restart
 .text.ttimer_HasElapsed
                0x000000000800632a       0x4c build/terrible_timer.o
                0x000000000800632a                ttimer_HasElapsed
 *fill*         0x0000000008006376        0x2 
 .text.test_EnterTestMode
                0x0000000008006378       0x38 build/test.o
                0x0000000008006378                test_EnterTestMode
 .text._getModeIRPinState
                0x00000000080063b0       0x64 build/test.o
 .text._TestIRTXRX
                0x0000000008006414      0x12c build/test.o
 .text._ShowColorOnBank
                0x0000000008006540       0x48 build/test.o
 .text._TestLED_R
                0x0000000008006588       0x38 build/test.o
 .text._TestLED_G
                0x00000000080065c0       0x38 build/test.o
 .text._TestLED_B
                0x00000000080065f8       0x38 build/test.o
 .text._ResetState
                0x0000000008006630       0x3c build/test.o
 .text.test_DoTests
                0x000000000800666c      0x19c build/test.o
                0x000000000800666c                test_DoTests
 .text.test_UserButton
                0x0000000008006808       0x44 build/test.o
                0x0000000008006808                test_UserButton
 .text.test_DoTPButton
                0x000000000800684c       0x54 build/test.o
                0x000000000800684c                test_DoTPButton
 .text._SetTestStatusLEDs
                0x00000000080068a0       0x92 build/test.o
 *fill*         0x0000000008006932        0x2 
 .text._SetTestpoint
                0x0000000008006934       0x70 build/test.o
 .text.TestPatterns_Button
                0x00000000080069a4       0x20 build/test_patterns.o
                0x00000000080069a4                TestPatterns_Button
 .text.HAL_Init
                0x00000000080069c4       0x28 build/stm32f0xx_hal.o
                0x00000000080069c4                HAL_Init
 .text.HAL_InitTick
                0x00000000080069ec       0x38 build/stm32f0xx_hal.o
                0x00000000080069ec                HAL_InitTick
 .text.HAL_IncTick
                0x0000000008006a24       0x18 build/stm32f0xx_hal.o
                0x0000000008006a24                HAL_IncTick
 .text.HAL_GetTick
                0x0000000008006a3c       0x14 build/stm32f0xx_hal.o
                0x0000000008006a3c                HAL_GetTick
 .text.HAL_Delay
                0x0000000008006a50       0x2e build/stm32f0xx_hal.o
                0x0000000008006a50                HAL_Delay
 *fill*         0x0000000008006a7e        0x2 
 .text.HAL_ADC_Init
                0x0000000008006a80      0x27c build/stm32f0xx_hal_adc.o
                0x0000000008006a80                HAL_ADC_Init
 .text.HAL_ADC_MspInit
                0x0000000008006cfc       0x10 build/stm32f0xx_hal_adc.o
                0x0000000008006cfc                HAL_ADC_MspInit
 .text.HAL_ADC_Start
                0x0000000008006d0c       0xa8 build/stm32f0xx_hal_adc.o
                0x0000000008006d0c                HAL_ADC_Start
 .text.HAL_ADC_Stop
                0x0000000008006db4       0x84 build/stm32f0xx_hal_adc.o
                0x0000000008006db4                HAL_ADC_Stop
 .text.HAL_ADC_PollForConversion
                0x0000000008006e38      0x120 build/stm32f0xx_hal_adc.o
                0x0000000008006e38                HAL_ADC_PollForConversion
 .text.HAL_ADC_GetValue
                0x0000000008006f58       0x16 build/stm32f0xx_hal_adc.o
                0x0000000008006f58                HAL_ADC_GetValue
 *fill*         0x0000000008006f6e        0x2 
 .text.HAL_ADC_ConfigChannel
                0x0000000008006f70      0x21c build/stm32f0xx_hal_adc.o
                0x0000000008006f70                HAL_ADC_ConfigChannel
 .text.ADC_Enable
                0x000000000800718c       0xf8 build/stm32f0xx_hal_adc.o
 .text.ADC_Disable
                0x0000000008007284       0xd2 build/stm32f0xx_hal_adc.o
 .text.ADC_ConversionStop
                0x0000000008007356       0x8a build/stm32f0xx_hal_adc.o
 .text.NVIC_EnableIRQ
                0x00000000080073e0       0x2c build/stm32f0xx_hal_cortex.o
 .text.NVIC_DisableIRQ
                0x000000000800740c       0x30 build/stm32f0xx_hal_cortex.o
 .text.NVIC_SetPriority
                0x000000000800743c       0xdc build/stm32f0xx_hal_cortex.o
 .text.NVIC_SystemReset
                0x0000000008007518       0x20 build/stm32f0xx_hal_cortex.o
 .text.SysTick_Config
                0x0000000008007538       0x48 build/stm32f0xx_hal_cortex.o
 .text.HAL_NVIC_SetPriority
                0x0000000008007580       0x2c build/stm32f0xx_hal_cortex.o
                0x0000000008007580                HAL_NVIC_SetPriority
 .text.HAL_NVIC_EnableIRQ
                0x00000000080075ac       0x20 build/stm32f0xx_hal_cortex.o
                0x00000000080075ac                HAL_NVIC_EnableIRQ
 .text.HAL_NVIC_DisableIRQ
                0x00000000080075cc       0x20 build/stm32f0xx_hal_cortex.o
                0x00000000080075cc                HAL_NVIC_DisableIRQ
 .text.HAL_NVIC_SystemReset
                0x00000000080075ec        0xe build/stm32f0xx_hal_cortex.o
                0x00000000080075ec                HAL_NVIC_SystemReset
 .text.HAL_SYSTICK_Config
                0x00000000080075fa       0x1a build/stm32f0xx_hal_cortex.o
                0x00000000080075fa                HAL_SYSTICK_Config
 .text.HAL_SYSTICK_CLKSourceConfig
                0x0000000008007614       0x34 build/stm32f0xx_hal_cortex.o
                0x0000000008007614                HAL_SYSTICK_CLKSourceConfig
 .text.HAL_SYSTICK_IRQHandler
                0x0000000008007648        0xe build/stm32f0xx_hal_cortex.o
                0x0000000008007648                HAL_SYSTICK_IRQHandler
 .text.HAL_SYSTICK_Callback
                0x0000000008007656        0xa build/stm32f0xx_hal_cortex.o
                0x0000000008007656                HAL_SYSTICK_Callback
 .text.HAL_DMA_Abort_IT
                0x0000000008007660       0x8c build/stm32f0xx_hal_dma.o
                0x0000000008007660                HAL_DMA_Abort_IT
 .text.HAL_GPIO_Init
                0x00000000080076ec      0x2e8 build/stm32f0xx_hal_gpio.o
                0x00000000080076ec                HAL_GPIO_Init
 .text.HAL_GPIO_ReadPin
                0x00000000080079d4       0x3a build/stm32f0xx_hal_gpio.o
                0x00000000080079d4                HAL_GPIO_ReadPin
 .text.HAL_GPIO_WritePin
                0x0000000008007a0e       0x3a build/stm32f0xx_hal_gpio.o
                0x0000000008007a0e                HAL_GPIO_WritePin
 .text.HAL_GPIO_EXTI_IRQHandler
                0x0000000008007a48       0x38 build/stm32f0xx_hal_gpio.o
                0x0000000008007a48                HAL_GPIO_EXTI_IRQHandler
 .text.HAL_I2C_Init
                0x0000000008007a80      0x12c build/stm32f0xx_hal_i2c.o
                0x0000000008007a80                HAL_I2C_Init
 .text.HAL_I2C_Master_Transmit
                0x0000000008007bac      0x228 build/stm32f0xx_hal_i2c.o
                0x0000000008007bac                HAL_I2C_Master_Transmit
 .text.HAL_I2C_Master_Transmit_IT
                0x0000000008007dd4       0xfc build/stm32f0xx_hal_i2c.o
                0x0000000008007dd4                HAL_I2C_Master_Transmit_IT
 .text.HAL_I2C_EV_IRQHandler
                0x0000000008007ed0       0x34 build/stm32f0xx_hal_i2c.o
                0x0000000008007ed0                HAL_I2C_EV_IRQHandler
 .text.HAL_I2C_ER_IRQHandler
                0x0000000008007f04       0xb0 build/stm32f0xx_hal_i2c.o
                0x0000000008007f04                HAL_I2C_ER_IRQHandler
 .text.HAL_I2C_MasterRxCpltCallback
                0x0000000008007fb4       0x10 build/stm32f0xx_hal_i2c.o
                0x0000000008007fb4                HAL_I2C_MasterRxCpltCallback
 .text.HAL_I2C_SlaveTxCpltCallback
                0x0000000008007fc4       0x10 build/stm32f0xx_hal_i2c.o
                0x0000000008007fc4                HAL_I2C_SlaveTxCpltCallback
 .text.HAL_I2C_SlaveRxCpltCallback
                0x0000000008007fd4       0x10 build/stm32f0xx_hal_i2c.o
                0x0000000008007fd4                HAL_I2C_SlaveRxCpltCallback
 .text.HAL_I2C_AddrCallback
                0x0000000008007fe4       0x20 build/stm32f0xx_hal_i2c.o
                0x0000000008007fe4                HAL_I2C_AddrCallback
 .text.HAL_I2C_ListenCpltCallback
                0x0000000008008004       0x10 build/stm32f0xx_hal_i2c.o
                0x0000000008008004                HAL_I2C_ListenCpltCallback
 .text.HAL_I2C_MemTxCpltCallback
                0x0000000008008014       0x10 build/stm32f0xx_hal_i2c.o
                0x0000000008008014                HAL_I2C_MemTxCpltCallback
 .text.HAL_I2C_MemRxCpltCallback
                0x0000000008008024       0x10 build/stm32f0xx_hal_i2c.o
                0x0000000008008024                HAL_I2C_MemRxCpltCallback
 .text.HAL_I2C_ErrorCallback
                0x0000000008008034       0x10 build/stm32f0xx_hal_i2c.o
                0x0000000008008034                HAL_I2C_ErrorCallback
 .text.HAL_I2C_AbortCpltCallback
                0x0000000008008044       0x10 build/stm32f0xx_hal_i2c.o
                0x0000000008008044                HAL_I2C_AbortCpltCallback
 .text.I2C_Master_ISR_IT
                0x0000000008008054      0x24c build/stm32f0xx_hal_i2c.o
 .text.I2C_Slave_ISR_IT
                0x00000000080082a0      0x1e0 build/stm32f0xx_hal_i2c.o
 .text.I2C_Master_ISR_DMA
                0x0000000008008480      0x164 build/stm32f0xx_hal_i2c.o
 .text.I2C_Slave_ISR_DMA
                0x00000000080085e4       0xc8 build/stm32f0xx_hal_i2c.o
 .text.I2C_ITAddrCplt
                0x00000000080086ac      0x16c build/stm32f0xx_hal_i2c.o
 .text.I2C_ITMasterSequentialCplt
                0x0000000008008818       0x82 build/stm32f0xx_hal_i2c.o
 .text.I2C_ITSlaveSequentialCplt
                0x000000000800889a       0x82 build/stm32f0xx_hal_i2c.o
 .text.I2C_ITMasterCplt
                0x000000000800891c      0x13c build/stm32f0xx_hal_i2c.o
 .text.I2C_ITSlaveCplt
                0x0000000008008a58      0x1b8 build/stm32f0xx_hal_i2c.o
 .text.I2C_ITListenCplt
                0x0000000008008c10       0xa4 build/stm32f0xx_hal_i2c.o
 .text.I2C_ITError
                0x0000000008008cb4      0x190 build/stm32f0xx_hal_i2c.o
 .text.I2C_Flush_TXDR
                0x0000000008008e44       0x44 build/stm32f0xx_hal_i2c.o
 .text.I2C_DMAAbort
                0x0000000008008e88       0x5e build/stm32f0xx_hal_i2c.o
 .text.I2C_WaitOnFlagUntilTimeout
                0x0000000008008ee6       0x72 build/stm32f0xx_hal_i2c.o
 .text.I2C_WaitOnTXISFlagUntilTimeout
                0x0000000008008f58       0x7e build/stm32f0xx_hal_i2c.o
 .text.I2C_WaitOnSTOPFlagUntilTimeout
                0x0000000008008fd6       0x78 build/stm32f0xx_hal_i2c.o
 *fill*         0x000000000800904e        0x2 
 .text.I2C_IsAcknowledgeFailed
                0x0000000008009050       0xbc build/stm32f0xx_hal_i2c.o
 .text.I2C_TransferConfig
                0x000000000800910c       0x70 build/stm32f0xx_hal_i2c.o
 .text.I2C_Enable_IRQ
                0x000000000800917c       0xe4 build/stm32f0xx_hal_i2c.o
 .text.I2C_Disable_IRQ
                0x0000000008009260       0xd4 build/stm32f0xx_hal_i2c.o
 .text.HAL_I2CEx_ConfigAnalogFilter
                0x0000000008009334       0x98 build/stm32f0xx_hal_i2c_ex.o
                0x0000000008009334                HAL_I2CEx_ConfigAnalogFilter
 .text.HAL_RCC_OscConfig
                0x00000000080093cc      0x5e8 build/stm32f0xx_hal_rcc.o
                0x00000000080093cc                HAL_RCC_OscConfig
 .text.HAL_RCC_ClockConfig
                0x00000000080099b4      0x1cc build/stm32f0xx_hal_rcc.o
                0x00000000080099b4                HAL_RCC_ClockConfig
 .text.HAL_RCC_GetSysClockFreq
                0x0000000008009b80       0xc8 build/stm32f0xx_hal_rcc.o
                0x0000000008009b80                HAL_RCC_GetSysClockFreq
 .text.HAL_RCC_GetHCLKFreq
                0x0000000008009c48       0x14 build/stm32f0xx_hal_rcc.o
                0x0000000008009c48                HAL_RCC_GetHCLKFreq
 .text.HAL_RCC_GetPCLK1Freq
                0x0000000008009c5c       0x2c build/stm32f0xx_hal_rcc.o
                0x0000000008009c5c                HAL_RCC_GetPCLK1Freq
 .text.HAL_RCCEx_PeriphCLKConfig
                0x0000000008009c88      0x1bc build/stm32f0xx_hal_rcc_ex.o
                0x0000000008009c88                HAL_RCCEx_PeriphCLKConfig
 .text.HAL_TIM_Base_Init
                0x0000000008009e44       0x58 build/stm32f0xx_hal_tim.o
                0x0000000008009e44                HAL_TIM_Base_Init
 .text.HAL_TIM_Base_Start_IT
                0x0000000008009e9c       0x32 build/stm32f0xx_hal_tim.o
                0x0000000008009e9c                HAL_TIM_Base_Start_IT
 *fill*         0x0000000008009ece        0x2 
 .text.HAL_TIM_Base_Stop_IT
                0x0000000008009ed0       0x54 build/stm32f0xx_hal_tim.o
                0x0000000008009ed0                HAL_TIM_Base_Stop_IT
 .text.HAL_TIM_PWM_Init
                0x0000000008009f24       0x58 build/stm32f0xx_hal_tim.o
                0x0000000008009f24                HAL_TIM_PWM_Init
 .text.HAL_TIM_PWM_MspInit
                0x0000000008009f7c       0x10 build/stm32f0xx_hal_tim.o
                0x0000000008009f7c                HAL_TIM_PWM_MspInit
 .text.HAL_TIM_PWM_Start
                0x0000000008009f8c       0x88 build/stm32f0xx_hal_tim.o
                0x0000000008009f8c                HAL_TIM_PWM_Start
 .text.HAL_TIM_PWM_Stop
                0x000000000800a014       0xc8 build/stm32f0xx_hal_tim.o
                0x000000000800a014                HAL_TIM_PWM_Stop
 .text.HAL_TIM_IRQHandler
                0x000000000800a0dc      0x22c build/stm32f0xx_hal_tim.o
                0x000000000800a0dc                HAL_TIM_IRQHandler
 .text.HAL_TIM_PWM_ConfigChannel
                0x000000000800a308      0x170 build/stm32f0xx_hal_tim.o
                0x000000000800a308                HAL_TIM_PWM_ConfigChannel
 .text.HAL_TIM_ConfigClockSource
                0x000000000800a478      0x1c0 build/stm32f0xx_hal_tim.o
                0x000000000800a478                HAL_TIM_ConfigClockSource
 .text.HAL_TIM_OC_DelayElapsedCallback
                0x000000000800a638       0x10 build/stm32f0xx_hal_tim.o
                0x000000000800a638                HAL_TIM_OC_DelayElapsedCallback
 .text.HAL_TIM_IC_CaptureCallback
                0x000000000800a648       0x10 build/stm32f0xx_hal_tim.o
                0x000000000800a648                HAL_TIM_IC_CaptureCallback
 .text.HAL_TIM_PWM_PulseFinishedCallback
                0x000000000800a658       0x10 build/stm32f0xx_hal_tim.o
                0x000000000800a658                HAL_TIM_PWM_PulseFinishedCallback
 .text.HAL_TIM_TriggerCallback
                0x000000000800a668       0x10 build/stm32f0xx_hal_tim.o
                0x000000000800a668                HAL_TIM_TriggerCallback
 .text.TIM_Base_SetConfig
                0x000000000800a678      0x104 build/stm32f0xx_hal_tim.o
                0x000000000800a678                TIM_Base_SetConfig
 .text.TIM_OC1_SetConfig
                0x000000000800a77c      0x11c build/stm32f0xx_hal_tim.o
 .text.TIM_OC2_SetConfig
                0x000000000800a898      0x114 build/stm32f0xx_hal_tim.o
                0x000000000800a898                TIM_OC2_SetConfig
 .text.TIM_OC3_SetConfig
                0x000000000800a9ac      0x118 build/stm32f0xx_hal_tim.o
 .text.TIM_OC4_SetConfig
                0x000000000800aac4       0xe0 build/stm32f0xx_hal_tim.o
 .text.TIM_TI1_ConfigInputStage
                0x000000000800aba4       0x64 build/stm32f0xx_hal_tim.o
 .text.TIM_TI2_ConfigInputStage
                0x000000000800ac08       0x6c build/stm32f0xx_hal_tim.o
 .text.TIM_ITRx_SetConfig
                0x000000000800ac74       0x40 build/stm32f0xx_hal_tim.o
 .text.TIM_ETR_SetConfig
                0x000000000800acb4       0x44 build/stm32f0xx_hal_tim.o
                0x000000000800acb4                TIM_ETR_SetConfig
 .text.TIM_CCxChannelCmd
                0x000000000800acf8       0x42 build/stm32f0xx_hal_tim.o
                0x000000000800acf8                TIM_CCxChannelCmd
 *fill*         0x000000000800ad3a        0x2 
 .text.HAL_TIMEx_ConfigBreakDeadTime
                0x000000000800ad3c       0xdc build/stm32f0xx_hal_tim_ex.o
                0x000000000800ad3c                HAL_TIMEx_ConfigBreakDeadTime
 .text.HAL_TIMEx_CommutationCallback
                0x000000000800ae18       0x10 build/stm32f0xx_hal_tim_ex.o
                0x000000000800ae18                HAL_TIMEx_CommutationCallback
 .text.HAL_TIMEx_BreakCallback
                0x000000000800ae28       0x10 build/stm32f0xx_hal_tim_ex.o
                0x000000000800ae28                HAL_TIMEx_BreakCallback
 .text.HAL_UART_Init
                0x000000000800ae38       0xb0 build/stm32f0xx_hal_uart.o
                0x000000000800ae38                HAL_UART_Init
 .text.HAL_UART_Transmit
                0x000000000800aee8      0x146 build/stm32f0xx_hal_uart.o
                0x000000000800aee8                HAL_UART_Transmit
 *fill*         0x000000000800b02e        0x2 
 .text.UART_SetConfig
                0x000000000800b030      0x2ec build/stm32f0xx_hal_uart.o
                0x000000000800b030                UART_SetConfig
 .text.UART_AdvFeatureConfig
                0x000000000800b31c      0x158 build/stm32f0xx_hal_uart.o
                0x000000000800b31c                UART_AdvFeatureConfig
 .text.UART_CheckIdleState
                0x000000000800b474       0xa4 build/stm32f0xx_hal_uart.o
                0x000000000800b474                UART_CheckIdleState
 .text.UART_WaitOnFlagUntilTimeout
                0x000000000800b518       0x98 build/stm32f0xx_hal_uart.o
                0x000000000800b518                UART_WaitOnFlagUntilTimeout
 .text.yabi_init
                0x000000000800b5b0       0xac build/yabi.o
                0x000000000800b5b0                yabi_init
 .text.yabi_giveTime
                0x000000000800b65c      0x158 build/yabi.o
                0x000000000800b65c                yabi_giveTime
 .text.yabi_setStarted
                0x000000000800b7b4       0x70 build/yabi.o
                0x000000000800b7b4                yabi_setStarted
 .text.yabi_setChannel
                0x000000000800b824       0x64 build/yabi.o
                0x000000000800b824                yabi_setChannel
 .text.yabi_DefaultInterpolator
                0x000000000800b888       0x98 build/yabi.o
 .text.Reset_Handler
                0x000000000800b920       0x50 build/startup_stm32f051x8.o
                0x000000000800b920                Reset_Handler
 .text.Default_Handler
                0x000000000800b970        0x2 build/startup_stm32f051x8.o
                0x000000000800b970                TIM1_BRK_UP_TRG_COM_IRQHandler
                0x000000000800b970                TSC_IRQHandler
                0x000000000800b970                HardFault_Handler
                0x000000000800b970                ADC1_COMP_IRQHandler
                0x000000000800b970                PVD_IRQHandler
                0x000000000800b970                PendSV_Handler
                0x000000000800b970                NMI_Handler
                0x000000000800b970                RCC_CRS_IRQHandler
                0x000000000800b970                SPI1_IRQHandler
                0x000000000800b970                TIM6_DAC_IRQHandler
                0x000000000800b970                I2C2_IRQHandler
                0x000000000800b970                TIM17_IRQHandler
                0x000000000800b970                CEC_CAN_IRQHandler
                0x000000000800b970                RTC_IRQHandler
                0x000000000800b970                TIM16_IRQHandler
                0x000000000800b970                DMA1_Channel1_IRQHandler
                0x000000000800b970                Default_Handler
                0x000000000800b970                DMA1_Channel4_5_IRQHandler
                0x000000000800b970                TIM15_IRQHandler
                0x000000000800b970                SPI2_IRQHandler
                0x000000000800b970                SVC_Handler
                0x000000000800b970                WWDG_IRQHandler
                0x000000000800b970                TIM2_IRQHandler
                0x000000000800b970                DMA1_Channel2_3_IRQHandler
                0x000000000800b970                USART2_IRQHandler
                0x000000000800b970                FLASH_IRQHandler
                0x000000000800b970                USART1_IRQHandler
                0x000000000800b970                TIM1_CC_IRQHandler
 *fill*         0x000000000800b972        0x2 
 .text.__libc_init_array
                0x000000000800b974       0x48 /usr/local/gcc-arm-none-eabi-6_2-2016q4/bin/../lib/gcc/arm-none-eabi/6.2.1/../../../../arm-none-eabi/lib/thumb/v6-m/libc_nano.a(lib_a-init.o)
                0x000000000800b974                __libc_init_array
 .text.memcpy   0x000000000800b9bc       0x12 /usr/local/gcc-arm-none-eabi-6_2-2016q4/bin/../lib/gcc/arm-none-eabi/6.2.1/../../../../arm-none-eabi/lib/thumb/v6-m/libc_nano.a(lib_a-memcpy-stub.o)
                0x000000000800b9bc                memcpy
 .text.memset   0x000000000800b9ce       0x10 /usr/local/gcc-arm-none-eabi-6_2-2016q4/bin/../lib/gcc/arm-none-eabi/6.2.1/../../../../arm-none-eabi/lib/thumb/v6-m/libc_nano.a(lib_a-memset.o)
                0x000000000800b9ce                memset
 *fill*         0x000000000800b9de        0x2 
 .text.srand    0x000000000800b9e0       0x5c /usr/local/gcc-arm-none-eabi-6_2-2016q4/bin/../lib/gcc/arm-none-eabi/6.2.1/../../../../arm-none-eabi/lib/thumb/v6-m/libc_nano.a(lib_a-rand.o)
                0x000000000800b9e0                srand
 .text.rand     0x000000000800ba3c       0x78 /usr/local/gcc-arm-none-eabi-6_2-2016q4/bin/../lib/gcc/arm-none-eabi/6.2.1/../../../../arm-none-eabi/lib/thumb/v6-m/libc_nano.a(lib_a-rand.o)
                0x000000000800ba3c                rand
 .text.snprintf
                0x000000000800bab4       0x64 /usr/local/gcc-arm-none-eabi-6_2-2016q4/bin/../lib/gcc/arm-none-eabi/6.2.1/../../../../arm-none-eabi/lib/thumb/v6-m/libc_nano.a(lib_a-snprintf.o)
                0x000000000800bab4                snprintf
                0x000000000800bab4                sniprintf
 .text.malloc   0x000000000800bb18       0x14 /usr/local/gcc-arm-none-eabi-6_2-2016q4/bin/../lib/gcc/arm-none-eabi/6.2.1/../../../../arm-none-eabi/lib/thumb/v6-m/libc_nano.a(lib_a-malloc.o)
                0x000000000800bb18                malloc
 .text._free_r  0x000000000800bb2c       0x94 /usr/local/gcc-arm-none-eabi-6_2-2016q4/bin/../lib/gcc/arm-none-eabi/6.2.1/../../../../arm-none-eabi/lib/thumb/v6-m/libc_nano.a(lib_a-nano-freer.o)
                0x000000000800bb2c                _free_r
 .text._malloc_r
                0x000000000800bbc0       0xbc /usr/local/gcc-arm-none-eabi-6_2-2016q4/bin/../lib/gcc/arm-none-eabi/6.2.1/../../../../arm-none-eabi/lib/thumb/v6-m/libc_nano.a(lib_a-nano-mallocr.o)
                0x000000000800bbc0                _malloc_r
 .text.__ssputs_r
                0x000000000800bc7c       0xc4 /usr/local/gcc-arm-none-eabi-6_2-2016q4/bin/../lib/gcc/arm-none-eabi/6.2.1/../../../../arm-none-eabi/lib/thumb/v6-m/libc_nano.a(lib_a-nano-svfprintf.o)
                0x000000000800bc7c                __ssputs_r
 .text._svfprintf_r
                0x000000000800bd40      0x208 /usr/local/gcc-arm-none-eabi-6_2-2016q4/bin/../lib/gcc/arm-none-eabi/6.2.1/../../../../arm-none-eabi/lib/thumb/v6-m/libc_nano.a(lib_a-nano-svfprintf.o)
                0x000000000800bd40                _svfprintf_r
                0x000000000800bd40                _svfiprintf_r
 .text._printf_common
                0x000000000800bf48       0xda /usr/local/gcc-arm-none-eabi-6_2-2016q4/bin/../lib/gcc/arm-none-eabi/6.2.1/../../../../arm-none-eabi/lib/thumb/v6-m/libc_nano.a(lib_a-nano-vfprintf_i.o)
                0x000000000800bf48                _printf_common
 *fill*         0x000000000800c022        0x2 
 .text._printf_i
                0x000000000800c024      0x234 /usr/local/gcc-arm-none-eabi-6_2-2016q4/bin/../lib/gcc/arm-none-eabi/6.2.1/../../../../arm-none-eabi/lib/thumb/v6-m/libc_nano.a(lib_a-nano-vfprintf_i.o)
                0x000000000800c024                _printf_i
 .text._sbrk_r  0x000000000800c258       0x24 /usr/local/gcc-arm-none-eabi-6_2-2016q4/bin/../lib/gcc/arm-none-eabi/6.2.1/../../../../arm-none-eabi/lib/thumb/v6-m/libc_nano.a(lib_a-sbrkr.o)
                0x000000000800c258                _sbrk_r
 .text.memchr   0x000000000800c27c       0x16 /usr/local/gcc-arm-none-eabi-6_2-2016q4/bin/../lib/gcc/arm-none-eabi/6.2.1/../../../../arm-none-eabi/lib/thumb/v6-m/libc_nano.a(lib_a-memchr-stub.o)
                0x000000000800c27c                memchr
 .text.memmove  0x000000000800c292       0x24 /usr/local/gcc-arm-none-eabi-6_2-2016q4/bin/../lib/gcc/arm-none-eabi/6.2.1/../../../../arm-none-eabi/lib/thumb/v6-m/libc_nano.a(lib_a-memmove.o)
                0x000000000800c292                memmove
 .text.__malloc_lock
                0x000000000800c2b6        0x2 /usr/local/gcc-arm-none-eabi-6_2-2016q4/bin/../lib/gcc/arm-none-eabi/6.2.1/../../../../arm-none-eabi/lib/thumb/v6-m/libc_nano.a(lib_a-mlock.o)
                0x000000000800c2b6                __malloc_lock
 .text.__malloc_unlock
                0x000000000800c2b8        0x2 /usr/local/gcc-arm-none-eabi-6_2-2016q4/bin/../lib/gcc/arm-none-eabi/6.2.1/../../../../arm-none-eabi/lib/thumb/v6-m/libc_nano.a(lib_a-mlock.o)
                0x000000000800c2b8                __malloc_unlock
 .text._realloc_r
                0x000000000800c2ba       0x4c /usr/local/gcc-arm-none-eabi-6_2-2016q4/bin/../lib/gcc/arm-none-eabi/6.2.1/../../../../arm-none-eabi/lib/thumb/v6-m/libc_nano.a(lib_a-nano-reallocr.o)
                0x000000000800c2ba                _realloc_r
 .text._malloc_usable_size_r
                0x000000000800c306       0x10 /usr/local/gcc-arm-none-eabi-6_2-2016q4/bin/../lib/gcc/arm-none-eabi/6.2.1/../../../../arm-none-eabi/lib/thumb/v6-m/libc_nano.a(lib_a-nano-msizer.o)
                0x000000000800c306                _malloc_usable_size_r
 *fill*         0x000000000800c316        0x2 
 .text._sbrk    0x000000000800c318       0x1c /usr/local/gcc-arm-none-eabi-6_2-2016q4/bin/../lib/gcc/arm-none-eabi/6.2.1/../../../../arm-none-eabi/lib/thumb/v6-m/libnosys.a(sbrk.o)
                0x000000000800c318                _sbrk
 .text.floor    0x000000000800c334      0x130 /usr/local/gcc-arm-none-eabi-6_2-2016q4/bin/../lib/gcc/arm-none-eabi/6.2.1/../../../../arm-none-eabi/lib/thumb/v6-m/libm.a(lib_a-s_floor.o)
                0x000000000800c334                floor
 .text.round    0x000000000800c464       0xac /usr/local/gcc-arm-none-eabi-6_2-2016q4/bin/../lib/gcc/arm-none-eabi/6.2.1/../../../../arm-none-eabi/lib/thumb/v6-m/libm.a(lib_a-s_round.o)
                0x000000000800c464                round
 *(.glue_7)
 .glue_7        0x000000000800c510        0x0 linker stubs
 *(.glue_7t)
 .glue_7t       0x000000000800c510        0x0 linker stubs
 *(.eh_frame)
 .eh_frame      0x000000000800c510        0x0 /usr/local/gcc-arm-none-eabi-6_2-2016q4/bin/../lib/gcc/arm-none-eabi/6.2.1/thumb/v6-m/crtbegin.o
 *(.init)
 .init          0x000000000800c510        0x4 /usr/local/gcc-arm-none-eabi-6_2-2016q4/bin/../lib/gcc/arm-none-eabi/6.2.1/thumb/v6-m/crti.o
                0x000000000800c510                _init
 .init          0x000000000800c514        0x8 /usr/local/gcc-arm-none-eabi-6_2-2016q4/bin/../lib/gcc/arm-none-eabi/6.2.1/thumb/v6-m/crtn.o
 *(.fini)
 .fini          0x000000000800c51c        0x4 /usr/local/gcc-arm-none-eabi-6_2-2016q4/bin/../lib/gcc/arm-none-eabi/6.2.1/thumb/v6-m/crti.o
                0x000000000800c51c                _fini
 .fini          0x000000000800c520        0x8 /usr/local/gcc-arm-none-eabi-6_2-2016q4/bin/../lib/gcc/arm-none-eabi/6.2.1/thumb/v6-m/crtn.o
                0x000000000800c528                . = ALIGN (0x4)
                0x000000000800c528                _etext = .

.vfp11_veneer   0x000000000800c528        0x0
 .vfp11_veneer  0x000000000800c528        0x0 linker stubs

.v4_bx          0x000000000800c528        0x0
 .v4_bx         0x000000000800c528        0x0 linker stubs

.iplt           0x000000000800c528        0x0
 .iplt          0x000000000800c528        0x0 /usr/local/gcc-arm-none-eabi-6_2-2016q4/bin/../lib/gcc/arm-none-eabi/6.2.1/thumb/v6-m/crtbegin.o

.rodata         0x000000000800c528     0x1940
                0x000000000800c528                . = ALIGN (0x4)
 *(.rodata)
 .rodata        0x000000000800c528       0x3e build/als.o
 *fill*         0x000000000800c566        0x2 
 .rodata        0x000000000800c568       0x4d build/beacon.o
 *fill*         0x000000000800c5b5        0x3 
 .rodata        0x000000000800c5b8       0x1c build/color.o
 .rodata        0x000000000800c5d4       0x11 build/iprintf.o
 *fill*         0x000000000800c5e5        0x3 
 .rodata        0x000000000800c5e8       0x88 build/ir.o
 .rodata        0x000000000800c670      0x966 build/led.o
 *fill*         0x000000000800cfd6        0x2 
 .rodata        0x000000000800cfd8      0x850 build/lighting.o
 .rodata        0x000000000800d828       0x86 build/main.o
 *fill*         0x000000000800d8ae        0x2 
 .rodata        0x000000000800d8b0      0x113 build/pattern.o
 *fill*         0x000000000800d9c3        0x1 
 .rodata        0x000000000800d9c4        0xf build/platform_hw.o
 *fill*         0x000000000800d9d3        0x1 
 .rodata        0x000000000800d9d4       0x18 build/system_stm32f0xx.o
                0x000000000800d9d4                AHBPrescTable
                0x000000000800d9e4                APBPrescTable
 .rodata        0x000000000800d9ec      0x164 build/tables.o
                0x000000000800d9ec                CosTable
                0x000000000800da48                CosTableSize
                0x000000000800da4c                CIETable
                0x000000000800db4c                CIETableSize
 .rodata        0x000000000800db50      0x180 build/test.o
 .rodata        0x000000000800dcd0        0x4 build/version.o
                0x000000000800dcd0                FW_VERSION
 .rodata        0x000000000800dcd4       0x20 build/stm32f0xx_hal_rcc.o
 .rodata        0x000000000800dcf4       0x80 /usr/local/gcc-arm-none-eabi-6_2-2016q4/bin/../lib/gcc/arm-none-eabi/6.2.1/thumb/v6-m/libgcc.a(divsf3.o)
 .rodata        0x000000000800dd74       0x40 /usr/local/gcc-arm-none-eabi-6_2-2016q4/bin/../lib/gcc/arm-none-eabi/6.2.1/thumb/v6-m/libgcc.a(mulsf3.o)
 .rodata        0x000000000800ddb4       0x40 /usr/local/gcc-arm-none-eabi-6_2-2016q4/bin/../lib/gcc/arm-none-eabi/6.2.1/thumb/v6-m/libgcc.a(divdf3.o)
 .rodata        0x000000000800ddf4       0x40 /usr/local/gcc-arm-none-eabi-6_2-2016q4/bin/../lib/gcc/arm-none-eabi/6.2.1/thumb/v6-m/libgcc.a(muldf3.o)
 *(.rodata*)
 .rodata._svfprintf_r.str1.1
                0x000000000800de34       0x11 /usr/local/gcc-arm-none-eabi-6_2-2016q4/bin/../lib/gcc/arm-none-eabi/6.2.1/../../../../arm-none-eabi/lib/thumb/v6-m/libc_nano.a(lib_a-nano-svfprintf.o)
 .rodata._printf_i.str1.1
                0x000000000800de45       0x22 /usr/local/gcc-arm-none-eabi-6_2-2016q4/bin/../lib/gcc/arm-none-eabi/6.2.1/../../../../arm-none-eabi/lib/thumb/v6-m/libc_nano.a(lib_a-nano-vfprintf_i.o)
                0x000000000800de68                . = ALIGN (0x4)
 *fill*         0x000000000800de67        0x1 

.rel.dyn        0x000000000800de68        0x0
 .rel.iplt      0x000000000800de68        0x0 /usr/local/gcc-arm-none-eabi-6_2-2016q4/bin/../lib/gcc/arm-none-eabi/6.2.1/thumb/v6-m/crtbegin.o

.ARM.extab
 *(.ARM.extab* .gnu.linkonce.armextab.*)

.ARM            0x000000000800de68        0x0
                0x000000000800de68                __exidx_start = .
 *(.ARM.exidx*)
                0x000000000800de68                __exidx_end = .

.preinit_array  0x000000000800de68        0x0
                0x000000000800de68                PROVIDE (__preinit_array_start, .)
 *(.preinit_array*)
                0x000000000800de68                PROVIDE (__preinit_array_end, .)

.init_array     0x000000000800de68        0x4
                0x000000000800de68                PROVIDE (__init_array_start, .)
 *(SORT(.init_array.*))
 *(.init_array*)
 .init_array    0x000000000800de68        0x4 /usr/local/gcc-arm-none-eabi-6_2-2016q4/bin/../lib/gcc/arm-none-eabi/6.2.1/thumb/v6-m/crtbegin.o
                0x000000000800de6c                PROVIDE (__init_array_end, .)

.fini_array     0x000000000800de6c        0x4
                [!provide]                        PROVIDE (__fini_array_start, .)
 *(SORT(.fini_array.*))
 *(.fini_array*)
 .fini_array    0x000000000800de6c        0x4 /usr/local/gcc-arm-none-eabi-6_2-2016q4/bin/../lib/gcc/arm-none-eabi/6.2.1/thumb/v6-m/crtbegin.o
                [!provide]                        PROVIDE (__fini_array_end, .)
                0x000000000800de70                _sidata = LOADADDR (.data)

.data           0x0000000020000000       0x68 load address 0x000000000800de70
                0x0000000020000000                . = ALIGN (0x4)
                0x0000000020000000                _sdata = .
 *(.data)
 .data          0x0000000020000000        0x4 build/system_stm32f0xx.o
                0x0000000020000000                SystemCoreClock
 *(.data*)
 .data._impure_ptr
                0x0000000020000004        0x4 /usr/local/gcc-arm-none-eabi-6_2-2016q4/bin/../lib/gcc/arm-none-eabi/6.2.1/../../../../arm-none-eabi/lib/thumb/v6-m/libc_nano.a(lib_a-impure.o)
                0x0000000020000004                _impure_ptr
 .data.impure_data
                0x0000000020000008       0x60 /usr/local/gcc-arm-none-eabi-6_2-2016q4/bin/../lib/gcc/arm-none-eabi/6.2.1/../../../../arm-none-eabi/lib/thumb/v6-m/libc_nano.a(lib_a-impure.o)
                0x0000000020000068                . = ALIGN (0x4)
                0x0000000020000068                _edata = .

.jcr            0x0000000020000068        0x0 load address 0x000000000800ded8
 .jcr           0x0000000020000068        0x0 /usr/local/gcc-arm-none-eabi-6_2-2016q4/bin/../lib/gcc/arm-none-eabi/6.2.1/thumb/v6-m/crtbegin.o

.igot.plt       0x0000000020000068        0x0 load address 0x000000000800ded8
 .igot.plt      0x0000000020000068        0x0 /usr/local/gcc-arm-none-eabi-6_2-2016q4/bin/../lib/gcc/arm-none-eabi/6.2.1/thumb/v6-m/crtbegin.o
                0x0000000020000068                . = ALIGN (0x4)

.bss            0x0000000020000068      0xe84 load address 0x000000000800ded8
                0x0000000020000068                _sbss = .
                0x0000000020000068                __bss_start__ = _sbss
 *(.bss)
 .bss           0x0000000020000068       0x1c /usr/local/gcc-arm-none-eabi-6_2-2016q4/bin/../lib/gcc/arm-none-eabi/6.2.1/thumb/v6-m/crtbegin.o
 .bss           0x0000000020000084       0x4d build/als.o
 *fill*         0x00000000200000d1        0x3 
 .bss           0x00000000200000d4      0x14c build/ir.o
 .bss           0x0000000020000220      0x5f8 build/led.o
 .bss           0x0000000020000818      0x48c build/lighting.o
 .bss           0x0000000020000ca4        0x6 build/main.o
 *fill*         0x0000000020000caa        0x2 
 .bss           0x0000000020000cac       0x38 build/pattern.o
 .bss           0x0000000020000ce4        0xc build/test.o
                0x0000000020000ce4                events
 .bss           0x0000000020000cf0        0x4 build/test_patterns.o
 .bss           0x0000000020000cf4       0x38 build/yabi.o
 *(.bss*)
 .bss.__malloc_free_list
                0x0000000020000d2c        0x4 /usr/local/gcc-arm-none-eabi-6_2-2016q4/bin/../lib/gcc/arm-none-eabi/6.2.1/../../../../arm-none-eabi/lib/thumb/v6-m/libc_nano.a(lib_a-nano-mallocr.o)
                0x0000000020000d2c                __malloc_free_list
 .bss.__malloc_sbrk_start
                0x0000000020000d30        0x4 /usr/local/gcc-arm-none-eabi-6_2-2016q4/bin/../lib/gcc/arm-none-eabi/6.2.1/../../../../arm-none-eabi/lib/thumb/v6-m/libc_nano.a(lib_a-nano-mallocr.o)
                0x0000000020000d30                __malloc_sbrk_start
 .bss.heap_end.4116
                0x0000000020000d34        0x4 /usr/local/gcc-arm-none-eabi-6_2-2016q4/bin/../lib/gcc/arm-none-eabi/6.2.1/../../../../arm-none-eabi/lib/thumb/v6-m/libnosys.a(sbrk.o)
 *(COMMON)
 COMMON         0x0000000020000d38       0x40 build/ir.o
                0x0000000020000d38                htim3
 COMMON         0x0000000020000d78       0x40 build/led.o
                0x0000000020000d78                htim14
 COMMON         0x0000000020000db8      0x12c build/platform_hw.o
                0x0000000020000db8                hi2c1
                0x0000000020000e04                huart1
                0x0000000020000e74                huart2
 COMMON         0x0000000020000ee4        0x4 build/stm32f0xx_hal.o
                0x0000000020000ee4                uwTick
 COMMON         0x0000000020000ee8        0x4 /usr/local/gcc-arm-none-eabi-6_2-2016q4/bin/../lib/gcc/arm-none-eabi/6.2.1/../../../../arm-none-eabi/lib/thumb/v6-m/libc_nano.a(lib_a-reent.o)
                0x0000000020000ee8                errno
                0x0000000020000eec                . = ALIGN (0x4)
                0x0000000020000eec                _ebss = .
                0x0000000020000eec                __bss_end__ = _ebss

._user_heap_stack
                0x0000000020000eec      0x604 load address 0x000000000800ded8
                0x0000000020000ef0                . = ALIGN (0x8)
 *fill*         0x0000000020000eec        0x4 
                0x0000000020000ef0                PROVIDE (end, .)
                [!provide]                        PROVIDE (_end, .)
                0x00000000200010f0                . = (. + _Min_Heap_Size)
 *fill*         0x0000000020000ef0      0x200 
                0x00000000200014f0                . = (. + _Min_Stack_Size)
 *fill*         0x00000000200010f0      0x400 
                0x00000000200014f0                . = ALIGN (0x8)

/DISCARD/
 libc.a(*)
 libm.a(*)
 libgcc.a(*)

.ARM.attributes
                0x0000000000000000       0x28
 *(.ARM.attributes)
 .ARM.attributes
                0x0000000000000000       0x1e /usr/local/gcc-arm-none-eabi-6_2-2016q4/bin/../lib/gcc/arm-none-eabi/6.2.1/thumb/v6-m/crti.o
 .ARM.attributes
                0x000000000000001e       0x2c /usr/local/gcc-arm-none-eabi-6_2-2016q4/bin/../lib/gcc/arm-none-eabi/6.2.1/thumb/v6-m/crtbegin.o
 .ARM.attributes
                0x000000000000004a       0x31 build/als.o
 .ARM.attributes
                0x000000000000007b       0x31 build/beacon.o
 .ARM.attributes
                0x00000000000000ac       0x31 build/board_id.o
 .ARM.attributes
                0x00000000000000dd       0x31 build/color.o
 .ARM.attributes
                0x000000000000010e       0x31 build/crc.o
 .ARM.attributes
                0x000000000000013f       0x31 build/iprintf.o
 .ARM.attributes
                0x0000000000000170       0x31 build/ir.o
 .ARM.attributes
                0x00000000000001a1       0x31 build/led.o
 .ARM.attributes
                0x00000000000001d2       0x31 build/lighting.o
 .ARM.attributes
                0x0000000000000203       0x31 build/main.o
 .ARM.attributes
                0x0000000000000234       0x31 build/pattern.o
 .ARM.attributes
                0x0000000000000265       0x31 build/platform_hw.o
 .ARM.attributes
                0x0000000000000296       0x31 build/stm32f0xx_hal_msp.o
 .ARM.attributes
                0x00000000000002c7       0x31 build/stm32f0xx_it.o
 .ARM.attributes
                0x00000000000002f8       0x31 build/system_stm32f0xx.o
 .ARM.attributes
                0x0000000000000329       0x31 build/tables.o
 .ARM.attributes
                0x000000000000035a       0x31 build/terrible_timer.o
 .ARM.attributes
                0x000000000000038b       0x31 build/test.o
 .ARM.attributes
                0x00000000000003bc       0x31 build/test_patterns.o
 .ARM.attributes
                0x00000000000003ed       0x31 build/version.o
 .ARM.attributes
                0x000000000000041e       0x31 build/stm32f0xx_hal.o
 .ARM.attributes
                0x000000000000044f       0x31 build/stm32f0xx_hal_adc.o
 .ARM.attributes
                0x0000000000000480       0x31 build/stm32f0xx_hal_cortex.o
 .ARM.attributes
                0x00000000000004b1       0x31 build/stm32f0xx_hal_dma.o
 .ARM.attributes
                0x00000000000004e2       0x31 build/stm32f0xx_hal_gpio.o
 .ARM.attributes
                0x0000000000000513       0x31 build/stm32f0xx_hal_i2c.o
 .ARM.attributes
                0x0000000000000544       0x31 build/stm32f0xx_hal_i2c_ex.o
 .ARM.attributes
                0x0000000000000575       0x31 build/stm32f0xx_hal_rcc.o
 .ARM.attributes
                0x00000000000005a6       0x31 build/stm32f0xx_hal_rcc_ex.o
 .ARM.attributes
                0x00000000000005d7       0x31 build/stm32f0xx_hal_tim.o
 .ARM.attributes
                0x0000000000000608       0x31 build/stm32f0xx_hal_tim_ex.o
 .ARM.attributes
                0x0000000000000639       0x31 build/stm32f0xx_hal_uart.o
 .ARM.attributes
                0x000000000000066a       0x31 build/yabi.o
 .ARM.attributes
                0x000000000000069b       0x21 build/startup_stm32f051x8.o
 .ARM.attributes
                0x00000000000006bc       0x2c /usr/local/gcc-arm-none-eabi-6_2-2016q4/bin/../lib/gcc/arm-none-eabi/6.2.1/../../../../arm-none-eabi/lib/thumb/v6-m/libc_nano.a(lib_a-impure.o)
 .ARM.attributes
                0x00000000000006e8       0x2c /usr/local/gcc-arm-none-eabi-6_2-2016q4/bin/../lib/gcc/arm-none-eabi/6.2.1/../../../../arm-none-eabi/lib/thumb/v6-m/libc_nano.a(lib_a-init.o)
 .ARM.attributes
                0x0000000000000714       0x2c /usr/local/gcc-arm-none-eabi-6_2-2016q4/bin/../lib/gcc/arm-none-eabi/6.2.1/../../../../arm-none-eabi/lib/thumb/v6-m/libc_nano.a(lib_a-memcpy-stub.o)
 .ARM.attributes
                0x0000000000000740       0x2c /usr/local/gcc-arm-none-eabi-6_2-2016q4/bin/../lib/gcc/arm-none-eabi/6.2.1/../../../../arm-none-eabi/lib/thumb/v6-m/libc_nano.a(lib_a-memset.o)
 .ARM.attributes
                0x000000000000076c       0x2c /usr/local/gcc-arm-none-eabi-6_2-2016q4/bin/../lib/gcc/arm-none-eabi/6.2.1/../../../../arm-none-eabi/lib/thumb/v6-m/libc_nano.a(lib_a-rand.o)
 .ARM.attributes
                0x0000000000000798       0x2c /usr/local/gcc-arm-none-eabi-6_2-2016q4/bin/../lib/gcc/arm-none-eabi/6.2.1/../../../../arm-none-eabi/lib/thumb/v6-m/libc_nano.a(lib_a-snprintf.o)
 .ARM.attributes
                0x00000000000007c4       0x2c /usr/local/gcc-arm-none-eabi-6_2-2016q4/bin/../lib/gcc/arm-none-eabi/6.2.1/../../../../arm-none-eabi/lib/thumb/v6-m/libc_nano.a(lib_a-malloc.o)
 .ARM.attributes
                0x00000000000007f0       0x2c /usr/local/gcc-arm-none-eabi-6_2-2016q4/bin/../lib/gcc/arm-none-eabi/6.2.1/../../../../arm-none-eabi/lib/thumb/v6-m/libc_nano.a(lib_a-nano-freer.o)
 .ARM.attributes
                0x000000000000081c       0x2c /usr/local/gcc-arm-none-eabi-6_2-2016q4/bin/../lib/gcc/arm-none-eabi/6.2.1/../../../../arm-none-eabi/lib/thumb/v6-m/libc_nano.a(lib_a-nano-mallocr.o)
 .ARM.attributes
                0x0000000000000848       0x2c /usr/local/gcc-arm-none-eabi-6_2-2016q4/bin/../lib/gcc/arm-none-eabi/6.2.1/../../../../arm-none-eabi/lib/thumb/v6-m/libc_nano.a(lib_a-nano-svfprintf.o)
 .ARM.attributes
                0x0000000000000874       0x2c /usr/local/gcc-arm-none-eabi-6_2-2016q4/bin/../lib/gcc/arm-none-eabi/6.2.1/../../../../arm-none-eabi/lib/thumb/v6-m/libc_nano.a(lib_a-nano-vfprintf_i.o)
 .ARM.attributes
                0x00000000000008a0       0x2c /usr/local/gcc-arm-none-eabi-6_2-2016q4/bin/../lib/gcc/arm-none-eabi/6.2.1/../../../../arm-none-eabi/lib/thumb/v6-m/libc_nano.a(lib_a-sbrkr.o)
 .ARM.attributes
                0x00000000000008cc       0x2c /usr/local/gcc-arm-none-eabi-6_2-2016q4/bin/../lib/gcc/arm-none-eabi/6.2.1/../../../../arm-none-eabi/lib/thumb/v6-m/libc_nano.a(lib_a-memchr-stub.o)
 .ARM.attributes
                0x00000000000008f8       0x2c /usr/local/gcc-arm-none-eabi-6_2-2016q4/bin/../lib/gcc/arm-none-eabi/6.2.1/../../../../arm-none-eabi/lib/thumb/v6-m/libc_nano.a(lib_a-memmove.o)
 .ARM.attributes
                0x0000000000000924       0x2c /usr/local/gcc-arm-none-eabi-6_2-2016q4/bin/../lib/gcc/arm-none-eabi/6.2.1/../../../../arm-none-eabi/lib/thumb/v6-m/libc_nano.a(lib_a-mlock.o)
 .ARM.attributes
                0x0000000000000950       0x2c /usr/local/gcc-arm-none-eabi-6_2-2016q4/bin/../lib/gcc/arm-none-eabi/6.2.1/../../../../arm-none-eabi/lib/thumb/v6-m/libc_nano.a(lib_a-nano-reallocr.o)
 .ARM.attributes
                0x000000000000097c       0x2c /usr/local/gcc-arm-none-eabi-6_2-2016q4/bin/../lib/gcc/arm-none-eabi/6.2.1/../../../../arm-none-eabi/lib/thumb/v6-m/libc_nano.a(lib_a-reent.o)
 .ARM.attributes
                0x00000000000009a8       0x2c /usr/local/gcc-arm-none-eabi-6_2-2016q4/bin/../lib/gcc/arm-none-eabi/6.2.1/../../../../arm-none-eabi/lib/thumb/v6-m/libc_nano.a(lib_a-nano-msizer.o)
 .ARM.attributes
                0x00000000000009d4       0x2c /usr/local/gcc-arm-none-eabi-6_2-2016q4/bin/../lib/gcc/arm-none-eabi/6.2.1/../../../../arm-none-eabi/lib/thumb/v6-m/libnosys.a(sbrk.o)
 .ARM.attributes
                0x0000000000000a00       0x2c /usr/local/gcc-arm-none-eabi-6_2-2016q4/bin/../lib/gcc/arm-none-eabi/6.2.1/../../../../arm-none-eabi/lib/thumb/v6-m/libm.a(lib_a-s_floor.o)
 .ARM.attributes
                0x0000000000000a2c       0x2c /usr/local/gcc-arm-none-eabi-6_2-2016q4/bin/../lib/gcc/arm-none-eabi/6.2.1/../../../../arm-none-eabi/lib/thumb/v6-m/libm.a(lib_a-s_round.o)
 .ARM.attributes
                0x0000000000000a58       0x1e /usr/local/gcc-arm-none-eabi-6_2-2016q4/bin/../lib/gcc/arm-none-eabi/6.2.1/thumb/v6-m/libgcc.a(_udivsi3.o)
 .ARM.attributes
                0x0000000000000a76       0x1e /usr/local/gcc-arm-none-eabi-6_2-2016q4/bin/../lib/gcc/arm-none-eabi/6.2.1/thumb/v6-m/libgcc.a(_divsi3.o)
 .ARM.attributes
                0x0000000000000a94       0x1e /usr/local/gcc-arm-none-eabi-6_2-2016q4/bin/../lib/gcc/arm-none-eabi/6.2.1/thumb/v6-m/libgcc.a(_dvmd_tls.o)
 .ARM.attributes
                0x0000000000000ab2       0x1e /usr/local/gcc-arm-none-eabi-6_2-2016q4/bin/../lib/gcc/arm-none-eabi/6.2.1/thumb/v6-m/libgcc.a(_arm_cmpdf2.o)
 .ARM.attributes
                0x0000000000000ad0       0x1e /usr/local/gcc-arm-none-eabi-6_2-2016q4/bin/../lib/gcc/arm-none-eabi/6.2.1/thumb/v6-m/libgcc.a(_arm_cmpsf2.o)
 .ARM.attributes
                0x0000000000000aee       0x2c /usr/local/gcc-arm-none-eabi-6_2-2016q4/bin/../lib/gcc/arm-none-eabi/6.2.1/thumb/v6-m/libgcc.a(_muldi3.o)
 .ARM.attributes
                0x0000000000000b1a       0x2c /usr/local/gcc-arm-none-eabi-6_2-2016q4/bin/../lib/gcc/arm-none-eabi/6.2.1/thumb/v6-m/libgcc.a(_fixunssfsi.o)
 .ARM.attributes
                0x0000000000000b46       0x2c /usr/local/gcc-arm-none-eabi-6_2-2016q4/bin/../lib/gcc/arm-none-eabi/6.2.1/thumb/v6-m/libgcc.a(_fixunsdfsi.o)
 .ARM.attributes
                0x0000000000000b72       0x2c /usr/local/gcc-arm-none-eabi-6_2-2016q4/bin/../lib/gcc/arm-none-eabi/6.2.1/thumb/v6-m/libgcc.a(addsf3.o)
 .ARM.attributes
                0x0000000000000b9e       0x2c /usr/local/gcc-arm-none-eabi-6_2-2016q4/bin/../lib/gcc/arm-none-eabi/6.2.1/thumb/v6-m/libgcc.a(divsf3.o)
 .ARM.attributes
                0x0000000000000bca       0x2c /usr/local/gcc-arm-none-eabi-6_2-2016q4/bin/../lib/gcc/arm-none-eabi/6.2.1/thumb/v6-m/libgcc.a(eqsf2.o)
 .ARM.attributes
                0x0000000000000bf6       0x2c /usr/local/gcc-arm-none-eabi-6_2-2016q4/bin/../lib/gcc/arm-none-eabi/6.2.1/thumb/v6-m/libgcc.a(gesf2.o)
 .ARM.attributes
                0x0000000000000c22       0x2c /usr/local/gcc-arm-none-eabi-6_2-2016q4/bin/../lib/gcc/arm-none-eabi/6.2.1/thumb/v6-m/libgcc.a(lesf2.o)
 .ARM.attributes
                0x0000000000000c4e       0x2c /usr/local/gcc-arm-none-eabi-6_2-2016q4/bin/../lib/gcc/arm-none-eabi/6.2.1/thumb/v6-m/libgcc.a(mulsf3.o)
 .ARM.attributes
                0x0000000000000c7a       0x2c /usr/local/gcc-arm-none-eabi-6_2-2016q4/bin/../lib/gcc/arm-none-eabi/6.2.1/thumb/v6-m/libgcc.a(subsf3.o)
 .ARM.attributes
                0x0000000000000ca6       0x2c /usr/local/gcc-arm-none-eabi-6_2-2016q4/bin/../lib/gcc/arm-none-eabi/6.2.1/thumb/v6-m/libgcc.a(fixsfsi.o)
 .ARM.attributes
                0x0000000000000cd2       0x2c /usr/local/gcc-arm-none-eabi-6_2-2016q4/bin/../lib/gcc/arm-none-eabi/6.2.1/thumb/v6-m/libgcc.a(floatsisf.o)
 .ARM.attributes
                0x0000000000000cfe       0x2c /usr/local/gcc-arm-none-eabi-6_2-2016q4/bin/../lib/gcc/arm-none-eabi/6.2.1/thumb/v6-m/libgcc.a(floatunsisf.o)
 .ARM.attributes
                0x0000000000000d2a       0x2c /usr/local/gcc-arm-none-eabi-6_2-2016q4/bin/../lib/gcc/arm-none-eabi/6.2.1/thumb/v6-m/libgcc.a(adddf3.o)
 .ARM.attributes
                0x0000000000000d56       0x2c /usr/local/gcc-arm-none-eabi-6_2-2016q4/bin/../lib/gcc/arm-none-eabi/6.2.1/thumb/v6-m/libgcc.a(divdf3.o)
 .ARM.attributes
                0x0000000000000d82       0x2c /usr/local/gcc-arm-none-eabi-6_2-2016q4/bin/../lib/gcc/arm-none-eabi/6.2.1/thumb/v6-m/libgcc.a(eqdf2.o)
 .ARM.attributes
                0x0000000000000dae       0x2c /usr/local/gcc-arm-none-eabi-6_2-2016q4/bin/../lib/gcc/arm-none-eabi/6.2.1/thumb/v6-m/libgcc.a(gedf2.o)
 .ARM.attributes
                0x0000000000000dda       0x2c /usr/local/gcc-arm-none-eabi-6_2-2016q4/bin/../lib/gcc/arm-none-eabi/6.2.1/thumb/v6-m/libgcc.a(ledf2.o)
 .ARM.attributes
                0x0000000000000e06       0x2c /usr/local/gcc-arm-none-eabi-6_2-2016q4/bin/../lib/gcc/arm-none-eabi/6.2.1/thumb/v6-m/libgcc.a(muldf3.o)
 .ARM.attributes
                0x0000000000000e32       0x2c /usr/local/gcc-arm-none-eabi-6_2-2016q4/bin/../lib/gcc/arm-none-eabi/6.2.1/thumb/v6-m/libgcc.a(subdf3.o)
 .ARM.attributes
                0x0000000000000e5e       0x2c /usr/local/gcc-arm-none-eabi-6_2-2016q4/bin/../lib/gcc/arm-none-eabi/6.2.1/thumb/v6-m/libgcc.a(fixdfsi.o)
 .ARM.attributes
                0x0000000000000e8a       0x2c /usr/local/gcc-arm-none-eabi-6_2-2016q4/bin/../lib/gcc/arm-none-eabi/6.2.1/thumb/v6-m/libgcc.a(floatsidf.o)
 .ARM.attributes
                0x0000000000000eb6       0x2c /usr/local/gcc-arm-none-eabi-6_2-2016q4/bin/../lib/gcc/arm-none-eabi/6.2.1/thumb/v6-m/libgcc.a(extendsfdf2.o)
 .ARM.attributes
                0x0000000000000ee2       0x2c /usr/local/gcc-arm-none-eabi-6_2-2016q4/bin/../lib/gcc/arm-none-eabi/6.2.1/thumb/v6-m/libgcc.a(truncdfsf2.o)
 .ARM.attributes
                0x0000000000000f0e       0x1e /usr/local/gcc-arm-none-eabi-6_2-2016q4/bin/../lib/gcc/arm-none-eabi/6.2.1/thumb/v6-m/libgcc.a(_clzsi2.o)
 .ARM.attributes
                0x0000000000000f2c       0x1e /usr/local/gcc-arm-none-eabi-6_2-2016q4/bin/../lib/gcc/arm-none-eabi/6.2.1/thumb/v6-m/crtn.o
OUTPUT(build/sympetrum-v3.elf elf32-littlearm)

.debug_info     0x0000000000000000    0x234ce
 .debug_info    0x0000000000000000     0x1259 build/als.o
 .debug_info    0x0000000000001259      0xa9c build/beacon.o
 .debug_info    0x0000000000001cf5       0xf3 build/board_id.o
 .debug_info    0x0000000000001de8      0xc04 build/color.o
 .debug_info    0x00000000000029ec      0x10f build/crc.o
 .debug_info    0x0000000000002afb     0x109e build/iprintf.o
 .debug_info    0x0000000000003b99     0x1a7d build/ir.o
 .debug_info    0x0000000000005616     0x1c55 build/led.o
 .debug_info    0x000000000000726b     0x119e build/lighting.o
 .debug_info    0x0000000000008409      0xb9f build/main.o
 .debug_info    0x0000000000008fa8      0xe8d build/pattern.o
 .debug_info    0x0000000000009e35     0x18b4 build/platform_hw.o
 .debug_info    0x000000000000b6e9     0x1a6e build/stm32f0xx_hal_msp.o
 .debug_info    0x000000000000d157     0x14ee build/stm32f0xx_it.o
 .debug_info    0x000000000000e645      0xb70 build/system_stm32f0xx.o
 .debug_info    0x000000000000f1b5       0xfd build/tables.o
 .debug_info    0x000000000000f2b2      0xb5c build/terrible_timer.o
 .debug_info    0x000000000000fe0e     0x10e4 build/test.o
 .debug_info    0x0000000000010ef2      0xc08 build/test_patterns.o
 .debug_info    0x0000000000011afa       0x99 build/version.o
 .debug_info    0x0000000000011b93      0xf06 build/stm32f0xx_hal.o
 .debug_info    0x0000000000012a99     0x1641 build/stm32f0xx_hal_adc.o
 .debug_info    0x00000000000140da     0x10a4 build/stm32f0xx_hal_cortex.o
 .debug_info    0x000000000001517e     0x10ba build/stm32f0xx_hal_dma.o
 .debug_info    0x0000000000016238      0xfaf build/stm32f0xx_hal_gpio.o
 .debug_info    0x00000000000171e7     0x265a build/stm32f0xx_hal_i2c.o
 .debug_info    0x0000000000019841     0x121d build/stm32f0xx_hal_i2c_ex.o
 .debug_info    0x000000000001aa5e     0x1135 build/stm32f0xx_hal_rcc.o
 .debug_info    0x000000000001bb93      0xcb6 build/stm32f0xx_hal_rcc_ex.o
 .debug_info    0x000000000001c849     0x2d5c build/stm32f0xx_hal_tim.o
 .debug_info    0x000000000001f5a5     0x1a84 build/stm32f0xx_hal_tim_ex.o
 .debug_info    0x0000000000021029     0x1df0 build/stm32f0xx_hal_uart.o
 .debug_info    0x0000000000022e19      0x617 build/yabi.o
 .debug_info    0x0000000000023430       0x9e build/startup_stm32f051x8.o

.debug_abbrev   0x0000000000000000     0x484c
 .debug_abbrev  0x0000000000000000      0x250 build/als.o
 .debug_abbrev  0x0000000000000250      0x1ef build/beacon.o
 .debug_abbrev  0x000000000000043f       0x8e build/board_id.o
 .debug_abbrev  0x00000000000004cd      0x1ed build/color.o
 .debug_abbrev  0x00000000000006ba       0x9b build/crc.o
 .debug_abbrev  0x0000000000000755      0x22c build/iprintf.o
 .debug_abbrev  0x0000000000000981      0x429 build/ir.o
 .debug_abbrev  0x0000000000000daa      0x34b build/led.o
 .debug_abbrev  0x00000000000010f5      0x266 build/lighting.o
 .debug_abbrev  0x000000000000135b      0x200 build/main.o
 .debug_abbrev  0x000000000000155b      0x259 build/pattern.o
 .debug_abbrev  0x00000000000017b4      0x244 build/platform_hw.o
 .debug_abbrev  0x00000000000019f8      0x21d build/stm32f0xx_hal_msp.o
 .debug_abbrev  0x0000000000001c15      0x21a build/stm32f0xx_it.o
 .debug_abbrev  0x0000000000001e2f      0x1e6 build/system_stm32f0xx.o
 .debug_abbrev  0x0000000000002015       0x5d build/tables.o
 .debug_abbrev  0x0000000000002072      0x1f9 build/terrible_timer.o
 .debug_abbrev  0x000000000000226b      0x32a build/test.o
 .debug_abbrev  0x0000000000002595      0x21d build/test_patterns.o
 .debug_abbrev  0x00000000000027b2       0x58 build/version.o
 .debug_abbrev  0x000000000000280a      0x282 build/stm32f0xx_hal.o
 .debug_abbrev  0x0000000000002a8c      0x280 build/stm32f0xx_hal_adc.o
 .debug_abbrev  0x0000000000002d0c      0x30d build/stm32f0xx_hal_cortex.o
 .debug_abbrev  0x0000000000003019      0x29e build/stm32f0xx_hal_dma.o
 .debug_abbrev  0x00000000000032b7      0x268 build/stm32f0xx_hal_gpio.o
 .debug_abbrev  0x000000000000351f      0x2c1 build/stm32f0xx_hal_i2c.o
 .debug_abbrev  0x00000000000037e0      0x236 build/stm32f0xx_hal_i2c_ex.o
 .debug_abbrev  0x0000000000003a16      0x29d build/stm32f0xx_hal_rcc.o
 .debug_abbrev  0x0000000000003cb3      0x23f build/stm32f0xx_hal_rcc_ex.o
 .debug_abbrev  0x0000000000003ef2      0x2c7 build/stm32f0xx_hal_tim.o
 .debug_abbrev  0x00000000000041b9      0x2a4 build/stm32f0xx_hal_tim_ex.o
 .debug_abbrev  0x000000000000445d      0x28d build/stm32f0xx_hal_uart.o
 .debug_abbrev  0x00000000000046ea      0x150 build/yabi.o
 .debug_abbrev  0x000000000000483a       0x12 build/startup_stm32f051x8.o

.debug_loc      0x0000000000000000     0x6f6b
 .debug_loc     0x0000000000000000       0xd4 build/als.o
 .debug_loc     0x00000000000000d4       0x9c build/beacon.o
 .debug_loc     0x0000000000000170       0x64 build/board_id.o
 .debug_loc     0x00000000000001d4       0x72 build/color.o
 .debug_loc     0x0000000000000246       0x38 build/crc.o
 .debug_loc     0x000000000000027e       0xb6 build/iprintf.o
 .debug_loc     0x0000000000000334      0x59e build/ir.o
 .debug_loc     0x00000000000008d2      0x4d6 build/led.o
 .debug_loc     0x0000000000000da8      0x1aa build/lighting.o
 .debug_loc     0x0000000000000f52       0x9c build/main.o
 .debug_loc     0x0000000000000fee      0x1e0 build/pattern.o
 .debug_loc     0x00000000000011ce      0x186 build/platform_hw.o
 .debug_loc     0x0000000000001354      0x188 build/stm32f0xx_hal_msp.o
 .debug_loc     0x00000000000014dc      0x14c build/stm32f0xx_it.o
 .debug_loc     0x0000000000001628       0x64 build/system_stm32f0xx.o
 .debug_loc     0x000000000000168c      0x118 build/terrible_timer.o
 .debug_loc     0x00000000000017a4      0x33c build/test.o
 .debug_loc     0x0000000000001ae0       0x9c build/test_patterns.o
 .debug_loc     0x0000000000001b7c      0x304 build/stm32f0xx_hal.o
 .debug_loc     0x0000000000001e80      0x620 build/stm32f0xx_hal_adc.o
 .debug_loc     0x00000000000024a0      0x468 build/stm32f0xx_hal_cortex.o
 .debug_loc     0x0000000000002908      0x310 build/stm32f0xx_hal_dma.o
 .debug_loc     0x0000000000002c18      0x1c0 build/stm32f0xx_hal_gpio.o
 .debug_loc     0x0000000000002dd8      0xff8 build/stm32f0xx_hal_i2c.o
 .debug_loc     0x0000000000003dd0      0x150 build/stm32f0xx_hal_i2c_ex.o
 .debug_loc     0x0000000000003f20      0x286 build/stm32f0xx_hal_rcc.o
 .debug_loc     0x00000000000041a6       0xa8 build/stm32f0xx_hal_rcc_ex.o
 .debug_loc     0x000000000000424e     0x1730 build/stm32f0xx_hal_tim.o
 .debug_loc     0x000000000000597e      0x850 build/stm32f0xx_hal_tim_ex.o
 .debug_loc     0x00000000000061ce      0xc40 build/stm32f0xx_hal_uart.o
 .debug_loc     0x0000000000006e0e      0x15d build/yabi.o

.debug_aranges  0x0000000000000000     0x1398
 .debug_aranges
                0x0000000000000000       0x38 build/als.o
 .debug_aranges
                0x0000000000000038       0x30 build/beacon.o
 .debug_aranges
                0x0000000000000068       0x28 build/board_id.o
 .debug_aranges
                0x0000000000000090       0x28 build/color.o
 .debug_aranges
                0x00000000000000b8       0x20 build/crc.o
 .debug_aranges
                0x00000000000000d8       0x30 build/iprintf.o
 .debug_aranges
                0x0000000000000108       0xf8 build/ir.o
 .debug_aranges
                0x0000000000000200       0xd8 build/led.o
 .debug_aranges
                0x00000000000002d8       0x58 build/lighting.o
 .debug_aranges
                0x0000000000000330       0x30 build/main.o
 .debug_aranges
                0x0000000000000360       0x60 build/pattern.o
 .debug_aranges
                0x00000000000003c0       0x58 build/platform_hw.o
 .debug_aranges
                0x0000000000000418       0x50 build/stm32f0xx_hal_msp.o
 .debug_aranges
                0x0000000000000468       0x50 build/stm32f0xx_it.o
 .debug_aranges
                0x00000000000004b8       0x28 build/system_stm32f0xx.o
 .debug_aranges
                0x00000000000004e0       0x18 build/tables.o
 .debug_aranges
                0x00000000000004f8       0x40 build/terrible_timer.o
 .debug_aranges
                0x0000000000000538       0x90 build/test.o
 .debug_aranges
                0x00000000000005c8       0x30 build/test_patterns.o
 .debug_aranges
                0x00000000000005f8       0x18 build/version.o
 .debug_aranges
                0x0000000000000610       0xa0 build/stm32f0xx_hal.o
 .debug_aranges
                0x00000000000006b0       0xf8 build/stm32f0xx_hal_adc.o
 .debug_aranges
                0x00000000000007a8       0xc0 build/stm32f0xx_hal_cortex.o
 .debug_aranges
                0x0000000000000868       0x88 build/stm32f0xx_hal_dma.o
 .debug_aranges
                0x00000000000008f0       0x58 build/stm32f0xx_hal_gpio.o
 .debug_aranges
                0x0000000000000948      0x260 build/stm32f0xx_hal_i2c.o
 .debug_aranges
                0x0000000000000ba8       0x48 build/stm32f0xx_hal_i2c_ex.o
 .debug_aranges
                0x0000000000000bf0       0x80 build/stm32f0xx_hal_rcc.o
 .debug_aranges
                0x0000000000000c70       0x30 build/stm32f0xx_hal_rcc_ex.o
 .debug_aranges
                0x0000000000000ca0      0x368 build/stm32f0xx_hal_tim.o
 .debug_aranges
                0x0000000000001008      0x148 build/stm32f0xx_hal_tim_ex.o
 .debug_aranges
                0x0000000000001150      0x1d8 build/stm32f0xx_hal_uart.o
 .debug_aranges
                0x0000000000001328       0x48 build/yabi.o
 .debug_aranges
                0x0000000000001370       0x28 build/startup_stm32f051x8.o

.debug_ranges   0x0000000000000000     0x1170
 .debug_ranges  0x0000000000000000       0x28 build/als.o
 .debug_ranges  0x0000000000000028       0x20 build/beacon.o
 .debug_ranges  0x0000000000000048       0x18 build/board_id.o
 .debug_ranges  0x0000000000000060       0x18 build/color.o
 .debug_ranges  0x0000000000000078       0x10 build/crc.o
 .debug_ranges  0x0000000000000088       0x20 build/iprintf.o
 .debug_ranges  0x00000000000000a8       0xe8 build/ir.o
 .debug_ranges  0x0000000000000190       0xc8 build/led.o
 .debug_ranges  0x0000000000000258       0x48 build/lighting.o
 .debug_ranges  0x00000000000002a0       0x20 build/main.o
 .debug_ranges  0x00000000000002c0       0x50 build/pattern.o
 .debug_ranges  0x0000000000000310       0x48 build/platform_hw.o
 .debug_ranges  0x0000000000000358       0x40 build/stm32f0xx_hal_msp.o
 .debug_ranges  0x0000000000000398       0x40 build/stm32f0xx_it.o
 .debug_ranges  0x00000000000003d8       0x18 build/system_stm32f0xx.o
 .debug_ranges  0x00000000000003f0       0x30 build/terrible_timer.o
 .debug_ranges  0x0000000000000420       0x80 build/test.o
 .debug_ranges  0x00000000000004a0       0x20 build/test_patterns.o
 .debug_ranges  0x00000000000004c0       0x90 build/stm32f0xx_hal.o
 .debug_ranges  0x0000000000000550       0xe8 build/stm32f0xx_hal_adc.o
 .debug_ranges  0x0000000000000638       0xb0 build/stm32f0xx_hal_cortex.o
 .debug_ranges  0x00000000000006e8       0x78 build/stm32f0xx_hal_dma.o
 .debug_ranges  0x0000000000000760       0x48 build/stm32f0xx_hal_gpio.o
 .debug_ranges  0x00000000000007a8      0x250 build/stm32f0xx_hal_i2c.o
 .debug_ranges  0x00000000000009f8       0x38 build/stm32f0xx_hal_i2c_ex.o
 .debug_ranges  0x0000000000000a30       0x70 build/stm32f0xx_hal_rcc.o
 .debug_ranges  0x0000000000000aa0       0x20 build/stm32f0xx_hal_rcc_ex.o
 .debug_ranges  0x0000000000000ac0      0x358 build/stm32f0xx_hal_tim.o
 .debug_ranges  0x0000000000000e18      0x138 build/stm32f0xx_hal_tim_ex.o
 .debug_ranges  0x0000000000000f50      0x1c8 build/stm32f0xx_hal_uart.o
 .debug_ranges  0x0000000000001118       0x38 build/yabi.o
 .debug_ranges  0x0000000000001150       0x20 build/startup_stm32f051x8.o

.debug_line     0x0000000000000000     0x94b0
 .debug_line    0x0000000000000000      0x2af build/als.o
 .debug_line    0x00000000000002af      0x19e build/beacon.o
 .debug_line    0x000000000000044d      0x103 build/board_id.o
 .debug_line    0x0000000000000550      0x237 build/color.o
 .debug_line    0x0000000000000787      0x106 build/crc.o
 .debug_line    0x000000000000088d      0x29e build/iprintf.o
 .debug_line    0x0000000000000b2b      0x5ac build/ir.o
 .debug_line    0x00000000000010d7      0x55f build/led.o
 .debug_line    0x0000000000001636      0x2c5 build/lighting.o
 .debug_line    0x00000000000018fb      0x27c build/main.o
 .debug_line    0x0000000000001b77      0x295 build/pattern.o
 .debug_line    0x0000000000001e0c      0x361 build/platform_hw.o
 .debug_line    0x000000000000216d      0x340 build/stm32f0xx_hal_msp.o
 .debug_line    0x00000000000024ad      0x2dc build/stm32f0xx_it.o
 .debug_line    0x0000000000002789      0x1ef build/system_stm32f0xx.o
 .debug_line    0x0000000000002978       0xd6 build/tables.o
 .debug_line    0x0000000000002a4e      0x212 build/terrible_timer.o
 .debug_line    0x0000000000002c60      0x3ca build/test.o
 .debug_line    0x000000000000302a      0x295 build/test_patterns.o
 .debug_line    0x00000000000032bf       0xe8 build/version.o
 .debug_line    0x00000000000033a7      0x365 build/stm32f0xx_hal.o
 .debug_line    0x000000000000370c      0x7cb build/stm32f0xx_hal_adc.o
 .debug_line    0x0000000000003ed7      0x3c6 build/stm32f0xx_hal_cortex.o
 .debug_line    0x000000000000429d      0x43b build/stm32f0xx_hal_dma.o
 .debug_line    0x00000000000046d8      0x3a6 build/stm32f0xx_hal_gpio.o
 .debug_line    0x0000000000004a7e     0x12f1 build/stm32f0xx_hal_i2c.o
 .debug_line    0x0000000000005d6f      0x378 build/stm32f0xx_hal_i2c_ex.o
 .debug_line    0x00000000000060e7      0x497 build/stm32f0xx_hal_rcc.o
 .debug_line    0x000000000000657e      0x31b build/stm32f0xx_hal_rcc_ex.o
 .debug_line    0x0000000000006899     0x14f1 build/stm32f0xx_hal_tim.o
 .debug_line    0x0000000000007d8a      0x8b8 build/stm32f0xx_hal_tim_ex.o
 .debug_line    0x0000000000008642      0xbac build/stm32f0xx_hal_uart.o
 .debug_line    0x00000000000091ee      0x213 build/yabi.o
 .debug_line    0x0000000000009401       0xaf build/startup_stm32f051x8.o

.debug_str      0x0000000000000000     0x5758
 .debug_str     0x0000000000000000      0xa02 build/als.o
                                        0xac6 (size before relaxing)
 .debug_str     0x0000000000000a02       0x8b build/beacon.o
                                        0x5dd (size before relaxing)
 .debug_str     0x0000000000000a8d       0x26 build/board_id.o
                                        0x18b (size before relaxing)
 .debug_str     0x0000000000000ab3       0x84 build/color.o
                                        0x5c9 (size before relaxing)
 .debug_str     0x0000000000000b37       0x1d build/crc.o
                                        0x16e (size before relaxing)
 .debug_str     0x0000000000000b54      0x2bb build/iprintf.o
                                        0xa49 (size before relaxing)
 .debug_str     0x0000000000000e0f      0x7c1 build/ir.o
                                       0x106e (size before relaxing)
 .debug_str     0x00000000000015d0      0x6e2 build/led.o
                                       0x10ff (size before relaxing)
 .debug_str     0x0000000000001cb2      0x37c build/lighting.o
                                        0xa89 (size before relaxing)
 .debug_str     0x000000000000202e       0x8c build/main.o
                                        0x66b (size before relaxing)
 .debug_str     0x00000000000020ba      0x248 build/pattern.o
                                        0x831 (size before relaxing)
 .debug_str     0x0000000000002302      0x245 build/platform_hw.o
                                       0x1198 (size before relaxing)
 .debug_str     0x0000000000002547       0xa6 build/stm32f0xx_hal_msp.o
                                       0x11aa (size before relaxing)
 .debug_str     0x00000000000025ed       0xc1 build/stm32f0xx_it.o
                                        0xd85 (size before relaxing)
 .debug_str     0x00000000000026ae       0x57 build/system_stm32f0xx.o
                                        0x628 (size before relaxing)
 .debug_str     0x0000000000002705       0x1a build/tables.o
                                        0x193 (size before relaxing)
 .debug_str     0x000000000000271f       0x82 build/terrible_timer.o
                                        0x650 (size before relaxing)
 .debug_str     0x00000000000027a1      0x252 build/test.o
                                        0x8f1 (size before relaxing)
 .debug_str     0x00000000000029f3       0xa4 build/test_patterns.o
                                        0x690 (size before relaxing)
 .debug_str     0x0000000000002a97        0xe build/version.o
                                        0x16c (size before relaxing)
 .debug_str     0x0000000000002aa5      0x1cc build/stm32f0xx_hal.o
                                        0x99f (size before relaxing)
 .debug_str     0x0000000000002c71      0x31f build/stm32f0xx_hal_adc.o
                                        0xc7d (size before relaxing)
 .debug_str     0x0000000000002f90      0x1e5 build/stm32f0xx_hal_cortex.o
                                        0xa0f (size before relaxing)
 .debug_str     0x0000000000003175      0x24f build/stm32f0xx_hal_dma.o
                                        0xa05 (size before relaxing)
 .debug_str     0x00000000000033c4       0xed build/stm32f0xx_hal_gpio.o
                                        0x802 (size before relaxing)
 .debug_str     0x00000000000034b1      0x772 build/stm32f0xx_hal_i2c.o
                                       0x1237 (size before relaxing)
 .debug_str     0x0000000000003c23       0xf0 build/stm32f0xx_hal_i2c_ex.o
                                        0xbcb (size before relaxing)
 .debug_str     0x0000000000003d13      0x1cc build/stm32f0xx_hal_rcc.o
                                        0x9b4 (size before relaxing)
 .debug_str     0x0000000000003edf       0xae build/stm32f0xx_hal_rcc_ex.o
                                        0x77b (size before relaxing)
 .debug_str     0x0000000000003f8d      0xbfe build/stm32f0xx_hal_tim.o
                                       0x16dc (size before relaxing)
 .debug_str     0x0000000000004b8b      0x4b8 build/stm32f0xx_hal_tim_ex.o
                                       0x103d (size before relaxing)
 .debug_str     0x0000000000005043      0x5c9 build/stm32f0xx_hal_uart.o
                                       0x10e7 (size before relaxing)
 .debug_str     0x000000000000560c      0x14c build/yabi.o
                                        0x537 (size before relaxing)

.comment        0x0000000000000000       0x6e
 .comment       0x0000000000000000       0x6e build/als.o
                                         0x6f (size before relaxing)
 .comment       0x000000000000006e       0x6f build/beacon.o
 .comment       0x000000000000006e       0x6f build/board_id.o
 .comment       0x000000000000006e       0x6f build/color.o
 .comment       0x000000000000006e       0x6f build/crc.o
 .comment       0x000000000000006e       0x6f build/iprintf.o
 .comment       0x000000000000006e       0x6f build/ir.o
 .comment       0x000000000000006e       0x6f build/led.o
 .comment       0x000000000000006e       0x6f build/lighting.o
 .comment       0x000000000000006e       0x6f build/main.o
 .comment       0x000000000000006e       0x6f build/pattern.o
 .comment       0x000000000000006e       0x6f build/platform_hw.o
 .comment       0x000000000000006e       0x6f build/stm32f0xx_hal_msp.o
 .comment       0x000000000000006e       0x6f build/stm32f0xx_it.o
 .comment       0x000000000000006e       0x6f build/system_stm32f0xx.o