Archive member included to satisfy reference by file (symbol)

/usr/local/gcc-arm-none-eabi-6_2-2016q4/bin/../lib/gcc/arm-none-eabi/6.2.1/../../../../arm-none-eabi/lib/thumb/v6-m/libc_nano.a(lib_a-exit.o)
                              /usr/local/gcc-arm-none-eabi-6_2-2016q4/bin/../lib/gcc/arm-none-eabi/6.2.1/../../../../arm-none-eabi/lib/thumb/v6-m/crt0.o (exit)
/usr/local/gcc-arm-none-eabi-6_2-2016q4/bin/../lib/gcc/arm-none-eabi/6.2.1/../../../../arm-none-eabi/lib/thumb/v6-m/libc_nano.a(lib_a-impure.o)
                              /usr/local/gcc-arm-none-eabi-6_2-2016q4/bin/../lib/gcc/arm-none-eabi/6.2.1/../../../../arm-none-eabi/lib/thumb/v6-m/libc_nano.a(lib_a-exit.o) (_global_impure_ptr)
/usr/local/gcc-arm-none-eabi-6_2-2016q4/bin/../lib/gcc/arm-none-eabi/6.2.1/../../../../arm-none-eabi/lib/thumb/v6-m/libc_nano.a(lib_a-init.o)
                              /usr/local/gcc-arm-none-eabi-6_2-2016q4/bin/../lib/gcc/arm-none-eabi/6.2.1/../../../../arm-none-eabi/lib/thumb/v6-m/crt0.o (__libc_init_array)
/usr/local/gcc-arm-none-eabi-6_2-2016q4/bin/../lib/gcc/arm-none-eabi/6.2.1/../../../../arm-none-eabi/lib/thumb/v6-m/libc_nano.a(lib_a-memcpy-stub.o)
                              build/beacon.o (memcpy)
/usr/local/gcc-arm-none-eabi-6_2-2016q4/bin/../lib/gcc/arm-none-eabi/6.2.1/../../../../arm-none-eabi/lib/thumb/v6-m/libc_nano.a(lib_a-memset.o)
                              /usr/local/gcc-arm-none-eabi-6_2-2016q4/bin/../lib/gcc/arm-none-eabi/6.2.1/../../../../arm-none-eabi/lib/thumb/v6-m/crt0.o (memset)
/usr/local/gcc-arm-none-eabi-6_2-2016q4/bin/../lib/gcc/arm-none-eabi/6.2.1/../../../../arm-none-eabi/lib/thumb/v6-m/libc_nano.a(lib_a-rand.o)
                              build/main.o (srand)
/usr/local/gcc-arm-none-eabi-6_2-2016q4/bin/../lib/gcc/arm-none-eabi/6.2.1/../../../../arm-none-eabi/lib/thumb/v6-m/libc_nano.a(lib_a-snprintf.o)
                              build/beacon.o (snprintf)
/usr/local/gcc-arm-none-eabi-6_2-2016q4/bin/../lib/gcc/arm-none-eabi/6.2.1/../../../../arm-none-eabi/lib/thumb/v6-m/libc_nano.a(lib_a-malloc.o)
                              /usr/local/gcc-arm-none-eabi-6_2-2016q4/bin/../lib/gcc/arm-none-eabi/6.2.1/../../../../arm-none-eabi/lib/thumb/v6-m/libc_nano.a(lib_a-rand.o) (malloc)
/usr/local/gcc-arm-none-eabi-6_2-2016q4/bin/../lib/gcc/arm-none-eabi/6.2.1/../../../../arm-none-eabi/lib/thumb/v6-m/libc_nano.a(lib_a-nano-freer.o)
                              /usr/local/gcc-arm-none-eabi-6_2-2016q4/bin/../lib/gcc/arm-none-eabi/6.2.1/../../../../arm-none-eabi/lib/thumb/v6-m/libc_nano.a(lib_a-malloc.o) (_free_r)
/usr/local/gcc-arm-none-eabi-6_2-2016q4/bin/../lib/gcc/arm-none-eabi/6.2.1/../../../../arm-none-eabi/lib/thumb/v6-m/libc_nano.a(lib_a-nano-mallocr.o)
                              /usr/local/gcc-arm-none-eabi-6_2-2016q4/bin/../lib/gcc/arm-none-eabi/6.2.1/../../../../arm-none-eabi/lib/thumb/v6-m/libc_nano.a(lib_a-malloc.o) (_malloc_r)
/usr/local/gcc-arm-none-eabi-6_2-2016q4/bin/../lib/gcc/arm-none-eabi/6.2.1/../../../../arm-none-eabi/lib/thumb/v6-m/libc_nano.a(lib_a-nano-svfprintf.o)
                              /usr/local/gcc-arm-none-eabi-6_2-2016q4/bin/../lib/gcc/arm-none-eabi/6.2.1/../../../../arm-none-eabi/lib/thumb/v6-m/libc_nano.a(lib_a-snprintf.o) (_svfprintf_r)
/usr/local/gcc-arm-none-eabi-6_2-2016q4/bin/../lib/gcc/arm-none-eabi/6.2.1/../../../../arm-none-eabi/lib/thumb/v6-m/libc_nano.a(lib_a-nano-vfprintf_i.o)
                              /usr/local/gcc-arm-none-eabi-6_2-2016q4/bin/../lib/gcc/arm-none-eabi/6.2.1/../../../../arm-none-eabi/lib/thumb/v6-m/libc_nano.a(lib_a-nano-svfprintf.o) (_printf_i)
/usr/local/gcc-arm-none-eabi-6_2-2016q4/bin/../lib/gcc/arm-none-eabi/6.2.1/../../../../arm-none-eabi/lib/thumb/v6-m/libc_nano.a(lib_a-sbrkr.o)
                              /usr/local/gcc-arm-none-eabi-6_2-2016q4/bin/../lib/gcc/arm-none-eabi/6.2.1/../../../../arm-none-eabi/lib/thumb/v6-m/libc_nano.a(lib_a-nano-mallocr.o) (_sbrk_r)
/usr/local/gcc-arm-none-eabi-6_2-2016q4/bin/../lib/gcc/arm-none-eabi/6.2.1/../../../../arm-none-eabi/lib/thumb/v6-m/libc_nano.a(lib_a-memchr-stub.o)
                              /usr/local/gcc-arm-none-eabi-6_2-2016q4/bin/../lib/gcc/arm-none-eabi/6.2.1/../../../../arm-none-eabi/lib/thumb/v6-m/libc_nano.a(lib_a-nano-svfprintf.o) (memchr)
/usr/local/gcc-arm-none-eabi-6_2-2016q4/bin/../lib/gcc/arm-none-eabi/6.2.1/../../../../arm-none-eabi/lib/thumb/v6-m/libc_nano.a(lib_a-memmove.o)
                              /usr/local/gcc-arm-none-eabi-6_2-2016q4/bin/../lib/gcc/arm-none-eabi/6.2.1/../../../../arm-none-eabi/lib/thumb/v6-m/libc_nano.a(lib_a-nano-svfprintf.o) (memmove)
/usr/local/gcc-arm-none-eabi-6_2-2016q4/bin/../lib/gcc/arm-none-eabi/6.2.1/../../../../arm-none-eabi/lib/thumb/v6-m/libc_nano.a(lib_a-mlock.o)
                              /usr/local/gcc-arm-none-eabi-6_2-2016q4/bin/../lib/gcc/arm-none-eabi/6.2.1/../../../../arm-none-eabi/lib/thumb/v6-m/libc_nano.a(lib_a-nano-freer.o) (__malloc_lock)
[...]
Memory Configuration

Name             Origin             Length             Attributes
RAM              0x0000000020000000 0x0000000000002000 xrw
FLASH            0x0000000008000000 0x0000000000010000 xr
*default*        0x0000000000000000 0xffffffffffffffff

Linker script and memory map

LOAD /usr/local/gcc-arm-none-eabi-6_2-2016q4/bin/../lib/gcc/arm-none-eabi/6.2.1/thumb/v6-m/crti.o
LOAD /usr/local/gcc-arm-none-eabi-6_2-2016q4/bin/../lib/gcc/arm-none-eabi/6.2.1/thumb/v6-m/crtbegin.o
LOAD /usr/local/gcc-arm-none-eabi-6_2-2016q4/bin/../lib/gcc/arm-none-eabi/6.2.1/../../../../arm-none-eabi/lib/thumb/v6-m/crt0.o
LOAD build/als.o
LOAD build/beacon.o
LOAD build/board_id.o
LOAD build/color.o
LOAD build/crc.o
LOAD build/iprintf.o
LOAD build/ir.o
LOAD build/led.o
LOAD build/lighting.o
LOAD build/main.o
LOAD build/pattern.o
LOAD build/platform_hw.o
LOAD build/power.o
LOAD build/stm32f0xx_hal_msp.o
LOAD build/stm32f0xx_it.o
LOAD build/system_stm32f0xx.o
LOAD build/tables.o
LOAD build/terrible_timer.o
LOAD build/test.o
LOAD build/test_patterns.o
LOAD build/version.o
LOAD build/stm32f0xx_hal.o
LOAD build/stm32f0xx_hal_adc.o
LOAD build/stm32f0xx_hal_adc_ex.o
LOAD build/stm32f0xx_hal_cortex.o
LOAD build/stm32f0xx_hal_dma.o
LOAD build/stm32f0xx_hal_flash.o
LOAD build/stm32f0xx_hal_flash_ex.o
LOAD build/stm32f0xx_hal_gpio.o
LOAD build/stm32f0xx_hal_i2c.o
LOAD build/stm32f0xx_hal_i2c_ex.o
LOAD build/stm32f0xx_hal_pwr.o
LOAD build/stm32f0xx_hal_pwr_ex.o
LOAD build/stm32f0xx_hal_rcc.o
LOAD build/stm32f0xx_hal_rcc_ex.o
LOAD build/stm32f0xx_hal_spi.o
LOAD build/stm32f0xx_hal_spi_ex.o
LOAD build/stm32f0xx_hal_tim.o
LOAD build/stm32f0xx_hal_tim_ex.o
LOAD build/stm32f0xx_hal_uart.o
LOAD build/stm32f0xx_hal_uart_ex.o
LOAD build/yabi.o
LOAD build/startup_stm32f051x8.o
LOAD /usr/local/gcc-arm-none-eabi-6_2-2016q4/bin/../lib/gcc/arm-none-eabi/6.2.1/../../../../arm-none-eabi/lib/thumb/v6-m/libc_nano.a
LOAD /usr/local/gcc-arm-none-eabi-6_2-2016q4/bin/../lib/gcc/arm-none-eabi/6.2.1/../../../../arm-none-eabi/lib/thumb/v6-m/libnosys.a
LOAD /usr/local/gcc-arm-none-eabi-6_2-2016q4/bin/../lib/gcc/arm-none-eabi/6.2.1/../../../../arm-none-eabi/lib/thumb/v6-m/libm.a
START GROUP
LOAD /usr/local/gcc-arm-none-eabi-6_2-2016q4/bin/../lib/gcc/arm-none-eabi/6.2.1/thumb/v6-m/libgcc.a
LOAD /usr/local/gcc-arm-none-eabi-6_2-2016q4/bin/../lib/gcc/arm-none-eabi/6.2.1/../../../../arm-none-eabi/lib/thumb/v6-m/libc_nano.a
END GROUP
START GROUP
LOAD /usr/local/gcc-arm-none-eabi-6_2-2016q4/bin/../lib/gcc/arm-none-eabi/6.2.1/thumb/v6-m/libgcc.a
LOAD /usr/local/gcc-arm-none-eabi-6_2-2016q4/bin/../lib/gcc/arm-none-eabi/6.2.1/../../../../arm-none-eabi/lib/thumb/v6-m/libc_nano.a
END GROUP
LOAD /usr/local/gcc-arm-none-eabi-6_2-2016q4/bin/../lib/gcc/arm-none-eabi/6.2.1/thumb/v6-m/crtend.o
LOAD /usr/local/gcc-arm-none-eabi-6_2-2016q4/bin/../lib/gcc/arm-none-eabi/6.2.1/thumb/v6-m/crtn.o
                0x0000000020002000                _estack = 0x20002000
                0x0000000000000200                _Min_Heap_Size = 0x200
                0x0000000000000400                _Min_Stack_Size = 0x400

.isr_vector     0x0000000008000000       0xc0
                0x0000000008000000                . = ALIGN (0x4)
 *(.isr_vector)
 .isr_vector    0x0000000008000000       0xc0 build/startup_stm32f051x8.o
                0x0000000008000000                g_pfnVectors
                0x00000000080000c0                . = ALIGN (0x4)

.text           0x00000000080000c0     0xc380
                0x00000000080000c0                . = ALIGN (0x4)
 *(.text)
 .text          0x00000000080000c0       0x60 /usr/local/gcc-arm-none-eabi-6_2-2016q4/bin/../lib/gcc/arm-none-eabi/6.2.1/thumb/v6-m/crtbegin.o
 .text          0x0000000008000120      0x114 /usr/local/gcc-arm-none-eabi-6_2-2016q4/bin/../lib/gcc/arm-none-eabi/6.2.1/thumb/v6-m/libgcc.a(_udivsi3.o)
                0x0000000008000120                __udivsi3
                0x0000000008000120                __aeabi_uidiv
                0x000000000800022c                __aeabi_uidivmod
 .text          0x0000000008000234      0x1d4 /usr/local/gcc-arm-none-eabi-6_2-2016q4/bin/../lib/gcc/arm-none-eabi/6.2.1/thumb/v6-m/libgcc.a(_divsi3.o)
                0x0000000008000234                __aeabi_idiv
                0x0000000008000234                __divsi3
                0x0000000008000400                __aeabi_idivmod
 .text          0x0000000008000408        0x4 /usr/local/gcc-arm-none-eabi-6_2-2016q4/bin/../lib/gcc/arm-none-eabi/6.2.1/thumb/v6-m/libgcc.a(_dvmd_tls.o)
                0x0000000008000408                __aeabi_ldiv0
                0x0000000008000408                __aeabi_idiv0
 .text          0x000000000800040c       0x7c /usr/local/gcc-arm-none-eabi-6_2-2016q4/bin/../lib/gcc/arm-none-eabi/6.2.1/thumb/v6-m/libgcc.a(_arm_cmpdf2.o)
                0x000000000800040c                __aeabi_cdrcmple
                0x000000000800041c                __aeabi_cdcmple
                0x000000000800041c                __aeabi_cdcmpeq
                0x000000000800042c                __aeabi_dcmpeq
                0x0000000008000438                __aeabi_dcmplt
                0x000000000800044c                __aeabi_dcmple
                0x0000000008000460                __aeabi_dcmpgt
                0x0000000008000474                __aeabi_dcmpge
 .text          0x0000000008000488       0x74 /usr/local/gcc-arm-none-eabi-6_2-2016q4/bin/../lib/gcc/arm-none-eabi/6.2.1/thumb/v6-m/libgcc.a(_arm_cmpsf2.o)
                0x0000000008000488                __aeabi_cfrcmple
                0x0000000008000490                __aeabi_cfcmple
                0x0000000008000490                __aeabi_cfcmpeq
                0x00000000080004a0                __aeabi_fcmpeq
                0x00000000080004ac                __aeabi_fcmplt
                0x00000000080004c0                __aeabi_fcmple
                0x00000000080004d4                __aeabi_fcmpgt
                0x00000000080004e8                __aeabi_fcmpge
 .text          0x00000000080004fc       0x54 /usr/local/gcc-arm-none-eabi-6_2-2016q4/bin/../lib/gcc/arm-none-eabi/6.2.1/thumb/v6-m/libgcc.a(_muldi3.o)
                0x00000000080004fc                __aeabi_lmul
                0x00000000080004fc                __muldi3
 .text          0x0000000008000550       0x30 /usr/local/gcc-arm-none-eabi-6_2-2016q4/bin/../lib/gcc/arm-none-eabi/6.2.1/thumb/v6-m/libgcc.a(_fixunssfsi.o)
                0x0000000008000550                __aeabi_f2uiz
                0x0000000008000550                __fixunssfsi
 .text          0x0000000008000580       0x3c /usr/local/gcc-arm-none-eabi-6_2-2016q4/bin/../lib/gcc/arm-none-eabi/6.2.1/thumb/v6-m/libgcc.a(_fixunsdfsi.o)
                0x0000000008000580                __fixunsdfsi
                0x0000000008000580                __aeabi_d2uiz
 .text          0x00000000080005bc      0x324 /usr/local/gcc-arm-none-eabi-6_2-2016q4/bin/../lib/gcc/arm-none-eabi/6.2.1/thumb/v6-m/libgcc.a(addsf3.o)
                0x00000000080005bc                __aeabi_fadd
 .text          0x00000000080008e0      0x290 /usr/local/gcc-arm-none-eabi-6_2-2016q4/bin/../lib/gcc/arm-none-eabi/6.2.1/thumb/v6-m/libgcc.a(divsf3.o)
                0x00000000080008e0                __aeabi_fdiv
 .text          0x0000000008000b70       0x4c /usr/local/gcc-arm-none-eabi-6_2-2016q4/bin/../lib/gcc/arm-none-eabi/6.2.1/thumb/v6-m/libgcc.a(eqsf2.o)
                0x0000000008000b70                __nesf2
                0x0000000008000b70                __eqsf2
 .text          0x0000000008000bbc       0x80 /usr/local/gcc-arm-none-eabi-6_2-2016q4/bin/../lib/gcc/arm-none-eabi/6.2.1/thumb/v6-m/libgcc.a(gesf2.o)
                0x0000000008000bbc                __gtsf2
                0x0000000008000bbc                __gesf2
 .text          0x0000000008000c3c       0x84 /usr/local/gcc-arm-none-eabi-6_2-2016q4/bin/../lib/gcc/arm-none-eabi/6.2.1/thumb/v6-m/libgcc.a(lesf2.o)
                0x0000000008000c3c                __lesf2
                0x0000000008000c3c                __ltsf2
 .text          0x0000000008000cc0      0x240 /usr/local/gcc-arm-none-eabi-6_2-2016q4/bin/../lib/gcc/arm-none-eabi/6.2.1/thumb/v6-m/libgcc.a(mulsf3.o)
                0x0000000008000cc0                __aeabi_fmul
 .text          0x0000000008000f00      0x338 /usr/local/gcc-arm-none-eabi-6_2-2016q4/bin/../lib/gcc/arm-none-eabi/6.2.1/thumb/v6-m/libgcc.a(subsf3.o)
                0x0000000008000f00                __aeabi_fsub
 .text          0x0000000008001238       0x40 /usr/local/gcc-arm-none-eabi-6_2-2016q4/bin/../lib/gcc/arm-none-eabi/6.2.1/thumb/v6-m/libgcc.a(fixsfsi.o)
                0x0000000008001238                __aeabi_f2iz
 .text          0x0000000008001278       0xa0 /usr/local/gcc-arm-none-eabi-6_2-2016q4/bin/../lib/gcc/arm-none-eabi/6.2.1/thumb/v6-m/libgcc.a(floatsisf.o)
                0x0000000008001278                __aeabi_i2f
 .text          0x0000000008001318       0x8c /usr/local/gcc-arm-none-eabi-6_2-2016q4/bin/../lib/gcc/arm-none-eabi/6.2.1/thumb/v6-m/libgcc.a(floatunsisf.o)
                0x0000000008001318                __aeabi_ui2f
 .text          0x00000000080013a4      0x620 /usr/local/gcc-arm-none-eabi-6_2-2016q4/bin/../lib/gcc/arm-none-eabi/6.2.1/thumb/v6-m/libgcc.a(adddf3.o)
                0x00000000080013a4                __aeabi_dadd
 .text          0x00000000080019c4      0x668 /usr/local/gcc-arm-none-eabi-6_2-2016q4/bin/../lib/gcc/arm-none-eabi/6.2.1/thumb/v6-m/libgcc.a(divdf3.o)
                0x00000000080019c4                __aeabi_ddiv
 .text          0x000000000800202c       0x74 /usr/local/gcc-arm-none-eabi-6_2-2016q4/bin/../lib/gcc/arm-none-eabi/6.2.1/thumb/v6-m/libgcc.a(eqdf2.o)
                0x000000000800202c                __eqdf2
                0x000000000800202c                __nedf2
 .text          0x00000000080020a0       0xc8 /usr/local/gcc-arm-none-eabi-6_2-2016q4/bin/../lib/gcc/arm-none-eabi/6.2.1/thumb/v6-m/libgcc.a(gedf2.o)
                0x00000000080020a0                __gtdf2
                0x00000000080020a0                __gedf2
 .text          0x0000000008002168       0xc4 /usr/local/gcc-arm-none-eabi-6_2-2016q4/bin/../lib/gcc/arm-none-eabi/6.2.1/thumb/v6-m/libgcc.a(ledf2.o)
                0x0000000008002168                __ltdf2
                0x0000000008002168                __ledf2
 .text          0x000000000800222c      0x500 /usr/local/gcc-arm-none-eabi-6_2-2016q4/bin/../lib/gcc/arm-none-eabi/6.2.1/thumb/v6-m/libgcc.a(muldf3.o)
                0x000000000800222c                __aeabi_dmul
 .text          0x000000000800272c      0x62c /usr/local/gcc-arm-none-eabi-6_2-2016q4/bin/../lib/gcc/arm-none-eabi/6.2.1/thumb/v6-m/libgcc.a(subdf3.o)
                0x000000000800272c                __aeabi_dsub
 .text          0x0000000008002d58       0x68 /usr/local/gcc-arm-none-eabi-6_2-2016q4/bin/../lib/gcc/arm-none-eabi/6.2.1/thumb/v6-m/libgcc.a(fixdfsi.o)
                0x0000000008002d58                __aeabi_d2iz
 .text          0x0000000008002dc0       0x84 /usr/local/gcc-arm-none-eabi-6_2-2016q4/bin/../lib/gcc/arm-none-eabi/6.2.1/thumb/v6-m/libgcc.a(floatsidf.o)
                0x0000000008002dc0                __aeabi_i2d
 .text          0x0000000008002e44       0xa4 /usr/local/gcc-arm-none-eabi-6_2-2016q4/bin/../lib/gcc/arm-none-eabi/6.2.1/thumb/v6-m/libgcc.a(extendsfdf2.o)
                0x0000000008002e44                __aeabi_f2d
 .text          0x0000000008002ee8      0x114 /usr/local/gcc-arm-none-eabi-6_2-2016q4/bin/../lib/gcc/arm-none-eabi/6.2.1/thumb/v6-m/libgcc.a(truncdfsf2.o)
                0x0000000008002ee8                __aeabi_d2f
 .text          0x0000000008002ffc       0x3c /usr/local/gcc-arm-none-eabi-6_2-2016q4/bin/../lib/gcc/arm-none-eabi/6.2.1/thumb/v6-m/libgcc.a(_clzsi2.o)
                0x0000000008002ffc                __clzsi2
 *(.text*)
 .text.als_Init
                0x0000000008003038       0x40 build/als.o
                0x0000000008003038                als_Init
 .text.als_StartReading
                0x0000000008003078       0x30 build/als.o
                0x0000000008003078                als_StartReading
 .text.als_GetLux
                0x00000000080030a8       0xa0 build/als.o
                0x00000000080030a8                als_GetLux
 .text._ADCConfig
                0x0000000008003148       0xb4 build/als.o
 .text.beacon_Init
                0x00000000080031fc        0xe build/beacon.o
                0x00000000080031fc                beacon_Init
 *fill*         0x000000000800320a        0x2 
 .text.beacon_Send
                0x000000000800320c       0x44 build/beacon.o
                0x000000000800320c                beacon_Send
 .text.beacon_HaveReceived
                0x0000000008003250       0xa0 build/beacon.o
                0x0000000008003250                beacon_HaveReceived
 .text.bid_GetID
                0x00000000080032f0       0x38 build/board_id.o
                0x00000000080032f0                bid_GetID
 .text.bid_GetIDCrc
                0x0000000008003328       0x24 build/board_id.o
                0x0000000008003328                bid_GetIDCrc
 .text.color_HSV2RGB
                0x000000000800334c      0x66c build/color.o
                0x000000000800334c                color_HSV2RGB
 .text.color_CIECorrect
                0x00000000080039b8       0x40 build/color.o
                0x00000000080039b8                color_CIECorrect
 .text.crc_CRC8
                0x00000000080039f8       0x9c build/crc.o
                0x00000000080039f8                crc_CRC8
 .text.iputc    0x0000000008003a94       0x28 build/iprintf.o
 .text.change   0x0000000008003abc       0x1c build/iprintf.o
 .text.iprintf  0x0000000008003ad8      0x1ce build/iprintf.o
                0x0000000008003ad8                iprintf
 *fill*         0x0000000008003ca6        0x2 
 .text.TIM3_Init
                0x0000000008003ca8       0x7c build/ir.o
 .text.TIM17_Init
                0x0000000008003d24      0x110 build/ir.o
 .text.delayTicks
                0x0000000008003e34       0x64 build/ir.o
 .text.startIRPulseTimer
                0x0000000008003e98       0x2c build/ir.o
 .text.stopIRPulseTimer
                0x0000000008003ec4       0x18 build/ir.o
 .text.HAL_TIM_PeriodElapsedCallback
                0x0000000008003edc       0x4c build/ir.o
                0x0000000008003edc                HAL_TIM_PeriodElapsedCallback
 .text.IRInit   0x0000000008003f28       0x74 build/ir.o
                0x0000000008003f28                IRInit
 .text.ir_TestInit
                0x0000000008003f9c       0x3c build/ir.o
                0x0000000008003f9c                ir_TestInit
 .text.ir_TestSetEnableTX
                0x0000000008003fd8       0x40 build/ir.o
                0x0000000008003fd8                ir_TestSetEnableTX
 .text.IRStartStop
                0x0000000008004018       0x38 build/ir.o
 .text.IRZero   0x0000000008004050       0x38 build/ir.o
 .text.IROne    0x0000000008004088       0x38 build/ir.o
 .text.IRTxByte
                0x00000000080040c0       0x40 build/ir.o
 .text.IRTxBuff
                0x0000000008004100       0xa8 build/ir.o
                0x0000000008004100                IRTxBuff
 .text.IRRxBit  0x00000000080041a8       0xd0 build/ir.o
 .text.IRBytesAvailable
                0x0000000008004278       0x38 build/ir.o
                0x0000000008004278                IRBytesAvailable
 .text.IRStartRx
                0x00000000080042b0       0x5c build/ir.o
 .text.IRStopRX
                0x000000000800430c       0x40 build/ir.o
 .text.IRDataReady
                0x000000000800434c       0x40 build/ir.o
                0x000000000800434c                IRDataReady
 .text.IRGetBuff
                0x000000000800438c       0x3c build/ir.o
                0x000000000800438c                IRGetBuff
 .text.IRStateMachine
                0x00000000080043c8      0x1c8 build/ir.o
 .text.HAL_GPIO_EXTI_Callback
                0x0000000008004590       0x2c build/ir.o
                0x0000000008004590                HAL_GPIO_EXTI_Callback
 .text.crc_update
                0x00000000080045bc       0xa8 build/ir.o
 .text.crc_init
                0x0000000008004664        0xc build/ir.o
 .text.crc_finalize
                0x0000000008004670       0x18 build/ir.o
 .text.led_Init
                0x0000000008004688       0x20 build/led.o
                0x0000000008004688                led_Init
 .text.led_TestInit
                0x00000000080046a8        0xe build/led.o
                0x00000000080046a8                led_TestInit
 *fill*         0x00000000080046b6        0x2 
 .text._ConfigureLEDController
                0x00000000080046b8       0xd0 build/led.o
 .text.led_ClearDisplay
                0x0000000008004788       0x20 build/led.o
                0x0000000008004788                led_ClearDisplay
 .text.led_SetGlobalBrightness
                0x00000000080047a8       0x8c build/led.o
                0x00000000080047a8                led_SetGlobalBrightness
 .text.led_Pause
                0x0000000008004834        0xe build/led.o
                0x0000000008004834                led_Pause
 .text.led_Resume
                0x0000000008004842        0xe build/led.o
                0x0000000008004842                led_Resume
 .text.led_DrawPixelLinear
                0x0000000008004850       0xa8 build/led.o
                0x0000000008004850                led_DrawPixelLinear
 .text.led_UpdateDisplay
                0x00000000080048f8      0x13c build/led.o
                0x00000000080048f8                led_UpdateDisplay
 .text.HAL_I2C_MasterTxCpltCallback
                0x0000000008004a34       0x1c build/led.o
                0x0000000008004a34                HAL_I2C_MasterTxCpltCallback
 .text.led_TestExEnableBank
                0x0000000008004a50       0x6c build/led.o
                0x0000000008004a50                led_TestExEnableBank
 .text.led_TestDrawPixel
                0x0000000008004abc       0xc0 build/led.o
                0x0000000008004abc                led_TestDrawPixel
 .text._WriteRow
                0x0000000008004b7c       0x88 build/led.o
 .text._EnableChannel
                0x0000000008004c04       0x8c build/led.o
 .text.led_TestRefresh
                0x0000000008004c90       0x22 build/led.o
                0x0000000008004c90                led_TestRefresh
 *fill*         0x0000000008004cb2        0x2 
 .text._ForceUpdateRow
                0x0000000008004cb4       0x5c build/led.o
 .text._ConfigureFrameClock
                0x0000000008004d10       0x48 build/led.o
 .text._configureMapping
                0x0000000008004d58      0x150 build/led.o
 .text.led_MatrixStart
                0x0000000008004ea8       0x18 build/led.o
                0x0000000008004ea8                led_MatrixStart
 .text.led_MatrixStop
                0x0000000008004ec0       0x18 build/led.o
                0x0000000008004ec0                led_MatrixStop
 .text.lighting_Init
                0x0000000008004ed8       0x28 build/lighting.o
                0x0000000008004ed8                lighting_Init
 .text.lighting_Timeslice
                0x0000000008004f00       0xa0 build/lighting.o
                0x0000000008004f00                lighting_Timeslice
 .text.lighting_DrawPixelLinear
                0x0000000008004fa0       0xc0 build/lighting.o
                0x0000000008004fa0                lighting_DrawPixelLinear
 .text.lighting_DrawRing
                0x0000000008005060       0x94 build/lighting.o
                0x0000000008005060                lighting_DrawRing
 .text.setupYABI
                0x00000000080050f4       0x64 build/lighting.o
 .text._yabiHwInit
                0x0000000008005158       0x20 build/lighting.o
 .text._yabiSetChannelCB
                0x0000000008005178       0x3c build/lighting.o
 .text._rolloverInterpolator
                0x00000000080051b4      0x11c build/lighting.o
 .text.main     0x00000000080052d0       0xac build/main.o
                0x00000000080052d0                main
 .text.main_DoButton
                0x000000000800537c       0x64 build/main.o
                0x000000000800537c                main_DoButton
 .text.pattern_Init
                0x00000000080053e0       0x68 build/pattern.o
                0x00000000080053e0                pattern_Init
 .text.pattern_DoSendBeacon
                0x0000000008005448       0x18 build/pattern.o
                0x0000000008005448                pattern_DoSendBeacon
 .text.pattern_Timeslice
                0x0000000008005460       0xa4 build/pattern.o
                0x0000000008005460                pattern_Timeslice
 .text.applyFrameLengthChanges
                0x0000000008005504       0xb0 build/pattern.o
 .text.applyJitterChanges
                0x00000000080055b4       0xa4 build/pattern.o
 .text.applyAnimationFrame
                0x0000000008005658       0xd8 build/pattern.o
 .text.handleAnimationFrame
                0x0000000008005730       0x70 build/pattern.o
 .text.getAnimationClockPeriod
                0x00000000080057a0       0x38 build/pattern.o
 .text.applyRampState
                0x00000000080057d8      0x118 build/pattern.o
 .text.platformHW_Init
                0x00000000080058f0       0x26 build/platform_hw.o
                0x00000000080058f0                platformHW_Init
 .text.setKeepAlivePin
                0x0000000008005916       0x30 build/platform_hw.o
 .text.SystemClock_Config
                0x0000000008005946       0xdc build/platform_hw.o
 *fill*         0x0000000008005a22        0x2 
 .text.MX_USART1_UART_Init
                0x0000000008005a24       0x60 build/platform_hw.o
 .text.MX_USART2_UART_Init
                0x0000000008005a84       0x60 build/platform_hw.o
 .text.MX_I2C1_Init
                0x0000000008005ae4       0x70 build/platform_hw.o
 .text.MX_GPIO_Init
                0x0000000008005b54      0x1a8 build/platform_hw.o
 .text.Error_Handler
                0x0000000008005cfc       0x28 build/platform_hw.o
 .text.HAL_MspInit
                0x0000000008005d24       0x54 build/stm32f0xx_hal_msp.o
                0x0000000008005d24                HAL_MspInit
 .text.HAL_UART_MspInit
                0x0000000008005d78       0xdc build/stm32f0xx_hal_msp.o
                0x0000000008005d78                HAL_UART_MspInit
 .text.HAL_I2C_MspInit
                0x0000000008005e54       0x88 build/stm32f0xx_hal_msp.o
                0x0000000008005e54                HAL_I2C_MspInit
 .text.HAL_TIM_Base_MspInit
                0x0000000008005edc      0x154 build/stm32f0xx_hal_msp.o
                0x0000000008005edc                HAL_TIM_Base_MspInit
 .text.SysTick_Handler
                0x0000000008006030       0x12 build/stm32f0xx_it.o
                0x0000000008006030                SysTick_Handler
 *fill*         0x0000000008006042        0x2 
 .text.EXTI0_1_IRQHandler
                0x0000000008006044       0x48 build/stm32f0xx_it.o
                0x0000000008006044                EXTI0_1_IRQHandler
 .text.EXTI4_15_IRQHandler
                0x000000000800608c       0x54 build/stm32f0xx_it.o
                0x000000000800608c                EXTI4_15_IRQHandler
 .text.I2C1_IRQHandler
                0x00000000080060e0       0x30 build/stm32f0xx_it.o
                0x00000000080060e0                I2C1_IRQHandler
 .text.TIM14_IRQHandler
                0x0000000008006110       0x1c build/stm32f0xx_it.o
                0x0000000008006110                TIM14_IRQHandler
 .text.EXTI2_3_IRQHandler
                0x000000000800612c       0x30 build/stm32f0xx_it.o
                0x000000000800612c                EXTI2_3_IRQHandler
 .text.TIM3_IRQHandler
                0x000000000800615c       0x18 build/stm32f0xx_it.o
                0x000000000800615c                TIM3_IRQHandler
 .text.SystemInit
                0x0000000008006174       0x88 build/system_stm32f0xx.o
                0x0000000008006174                SystemInit
 .text.ttimer_Set
                0x00000000080061fc       0x48 build/terrible_timer.o
                0x00000000080061fc                ttimer_Set
 .text.ttimer_Adjust
                0x0000000008006244       0x1e build/terrible_timer.o
                0x0000000008006244                ttimer_Adjust
 .text.ttimer_Restart
                0x0000000008006262       0x20 build/terrible_timer.o
                0x0000000008006262                ttimer_Restart
 .text.ttimer_HasElapsed
                0x0000000008006282       0x4c build/terrible_timer.o
                0x0000000008006282                ttimer_HasElapsed
 *fill*         0x00000000080062ce        0x2 
 .text.test_EnterTestMode
                0x00000000080062d0       0x38 build/test.o
                0x00000000080062d0                test_EnterTestMode
 .text._getModeIRPinState
                0x0000000008006308       0x64 build/test.o
 .text._TestIRTXRX
                0x000000000800636c      0x12c build/test.o
 .text._ShowColorOnBank
                0x0000000008006498       0x48 build/test.o
 .text._TestLED_R
                0x00000000080064e0       0x38 build/test.o
 .text._TestLED_G
                0x0000000008006518       0x38 build/test.o
 .text._TestLED_B
                0x0000000008006550       0x38 build/test.o
 .text._ResetState
                0x0000000008006588       0x3c build/test.o
 .text.test_DoTests
                0x00000000080065c4      0x188 build/test.o
                0x00000000080065c4                test_DoTests
 .text.test_UserButton
                0x000000000800674c       0x44 build/test.o
                0x000000000800674c                test_UserButton
 .text.test_DoTPButton
                0x0000000008006790       0x54 build/test.o
                0x0000000008006790                test_DoTPButton
 .text._SetTestStatusLEDs
                0x00000000080067e4       0x92 build/test.o
 *fill*         0x0000000008006876        0x2 
 .text._SetTestpoint
                0x0000000008006878       0x70 build/test.o
 .text.TestPatterns_Button
                0x00000000080068e8       0x20 build/test_patterns.o
                0x00000000080068e8                TestPatterns_Button
 .text.HAL_Init
                0x0000000008006908       0x28 build/stm32f0xx_hal.o
                0x0000000008006908                HAL_Init
 .text.HAL_InitTick
                0x0000000008006930       0x38 build/stm32f0xx_hal.o
                0x0000000008006930                HAL_InitTick
 .text.HAL_IncTick
                0x0000000008006968       0x18 build/stm32f0xx_hal.o
                0x0000000008006968                HAL_IncTick
 .text.HAL_GetTick
                0x0000000008006980       0x14 build/stm32f0xx_hal.o
                0x0000000008006980                HAL_GetTick
 .text.HAL_Delay
                0x0000000008006994       0x2e build/stm32f0xx_hal.o
                0x0000000008006994                HAL_Delay
 *fill*         0x00000000080069c2        0x2 
 .text.HAL_ADC_Init
                0x00000000080069c4      0x27c build/stm32f0xx_hal_adc.o
                0x00000000080069c4                HAL_ADC_Init
 .text.HAL_ADC_MspInit
                0x0000000008006c40       0x10 build/stm32f0xx_hal_adc.o
                0x0000000008006c40                HAL_ADC_MspInit
 .text.HAL_ADC_Start
                0x0000000008006c50       0xa8 build/stm32f0xx_hal_adc.o
                0x0000000008006c50                HAL_ADC_Start
 .text.HAL_ADC_Stop
                0x0000000008006cf8       0x84 build/stm32f0xx_hal_adc.o
                0x0000000008006cf8                HAL_ADC_Stop
 .text.HAL_ADC_PollForConversion
                0x0000000008006d7c      0x120 build/stm32f0xx_hal_adc.o
                0x0000000008006d7c                HAL_ADC_PollForConversion
 .text.HAL_ADC_GetValue
                0x0000000008006e9c       0x16 build/stm32f0xx_hal_adc.o
                0x0000000008006e9c                HAL_ADC_GetValue
 *fill*         0x0000000008006eb2        0x2 
 .text.HAL_ADC_ConfigChannel
                0x0000000008006eb4      0x21c build/stm32f0xx_hal_adc.o
                0x0000000008006eb4                HAL_ADC_ConfigChannel
 .text.ADC_Enable
                0x00000000080070d0       0xf8 build/stm32f0xx_hal_adc.o
 .text.ADC_Disable
                0x00000000080071c8       0xd2 build/stm32f0xx_hal_adc.o
 .text.ADC_ConversionStop
                0x000000000800729a       0x8a build/stm32f0xx_hal_adc.o
 .text.NVIC_EnableIRQ
                0x0000000008007324       0x2c build/stm32f0xx_hal_cortex.o
 .text.NVIC_DisableIRQ
                0x0000000008007350       0x30 build/stm32f0xx_hal_cortex.o
 .text.NVIC_SetPriority
                0x0000000008007380       0xdc build/stm32f0xx_hal_cortex.o
 .text.SysTick_Config
                0x000000000800745c       0x48 build/stm32f0xx_hal_cortex.o
 .text.HAL_NVIC_SetPriority
                0x00000000080074a4       0x2c build/stm32f0xx_hal_cortex.o
                0x00000000080074a4                HAL_NVIC_SetPriority
 .text.HAL_NVIC_EnableIRQ
                0x00000000080074d0       0x20 build/stm32f0xx_hal_cortex.o
                0x00000000080074d0                HAL_NVIC_EnableIRQ
 .text.HAL_NVIC_DisableIRQ
                0x00000000080074f0       0x20 build/stm32f0xx_hal_cortex.o
                0x00000000080074f0                HAL_NVIC_DisableIRQ
 .text.HAL_SYSTICK_Config
                0x0000000008007510       0x1a build/stm32f0xx_hal_cortex.o
                0x0000000008007510                HAL_SYSTICK_Config
 *fill*         0x000000000800752a        0x2 
 .text.HAL_SYSTICK_CLKSourceConfig
                0x000000000800752c       0x34 build/stm32f0xx_hal_cortex.o
                0x000000000800752c                HAL_SYSTICK_CLKSourceConfig
 .text.HAL_SYSTICK_IRQHandler
                0x0000000008007560        0xe build/stm32f0xx_hal_cortex.o
                0x0000000008007560                HAL_SYSTICK_IRQHandler
 .text.HAL_SYSTICK_Callback
                0x000000000800756e        0xa build/stm32f0xx_hal_cortex.o
                0x000000000800756e                HAL_SYSTICK_Callback
 .text.HAL_DMA_Abort_IT
                0x0000000008007578       0x8c build/stm32f0xx_hal_dma.o
                0x0000000008007578                HAL_DMA_Abort_IT
 .text.HAL_GPIO_Init
                0x0000000008007604      0x2e8 build/stm32f0xx_hal_gpio.o
                0x0000000008007604                HAL_GPIO_Init
 .text.HAL_GPIO_ReadPin
                0x00000000080078ec       0x3a build/stm32f0xx_hal_gpio.o
                0x00000000080078ec                HAL_GPIO_ReadPin
 .text.HAL_GPIO_WritePin
                0x0000000008007926       0x3a build/stm32f0xx_hal_gpio.o
                0x0000000008007926                HAL_GPIO_WritePin
 .text.HAL_GPIO_EXTI_IRQHandler
                0x0000000008007960       0x38 build/stm32f0xx_hal_gpio.o
                0x0000000008007960                HAL_GPIO_EXTI_IRQHandler
 .text.HAL_I2C_Init
                0x0000000008007998      0x12c build/stm32f0xx_hal_i2c.o
                0x0000000008007998                HAL_I2C_Init
 .text.HAL_I2C_Master_Transmit
                0x0000000008007ac4      0x228 build/stm32f0xx_hal_i2c.o
                0x0000000008007ac4                HAL_I2C_Master_Transmit
 .text.HAL_I2C_Master_Transmit_IT
                0x0000000008007cec       0xfc build/stm32f0xx_hal_i2c.o
                0x0000000008007cec                HAL_I2C_Master_Transmit_IT
 .text.HAL_I2C_EV_IRQHandler
                0x0000000008007de8       0x34 build/stm32f0xx_hal_i2c.o
                0x0000000008007de8                HAL_I2C_EV_IRQHandler
 .text.HAL_I2C_ER_IRQHandler
                0x0000000008007e1c       0xb0 build/stm32f0xx_hal_i2c.o
                0x0000000008007e1c                HAL_I2C_ER_IRQHandler
 .text.HAL_I2C_MasterRxCpltCallback
                0x0000000008007ecc       0x10 build/stm32f0xx_hal_i2c.o
                0x0000000008007ecc                HAL_I2C_MasterRxCpltCallback
 .text.HAL_I2C_SlaveTxCpltCallback
                0x0000000008007edc       0x10 build/stm32f0xx_hal_i2c.o
                0x0000000008007edc                HAL_I2C_SlaveTxCpltCallback
 .text.HAL_I2C_SlaveRxCpltCallback
                0x0000000008007eec       0x10 build/stm32f0xx_hal_i2c.o
                0x0000000008007eec                HAL_I2C_SlaveRxCpltCallback
 .text.HAL_I2C_AddrCallback
                0x0000000008007efc       0x20 build/stm32f0xx_hal_i2c.o
                0x0000000008007efc                HAL_I2C_AddrCallback
 .text.HAL_I2C_ListenCpltCallback
                0x0000000008007f1c       0x10 build/stm32f0xx_hal_i2c.o
                0x0000000008007f1c                HAL_I2C_ListenCpltCallback
 .text.HAL_I2C_MemTxCpltCallback
                0x0000000008007f2c       0x10 build/stm32f0xx_hal_i2c.o
                0x0000000008007f2c                HAL_I2C_MemTxCpltCallback
 .text.HAL_I2C_MemRxCpltCallback
                0x0000000008007f3c       0x10 build/stm32f0xx_hal_i2c.o
                0x0000000008007f3c                HAL_I2C_MemRxCpltCallback
 .text.HAL_I2C_ErrorCallback
                0x0000000008007f4c       0x10 build/stm32f0xx_hal_i2c.o
                0x0000000008007f4c                HAL_I2C_ErrorCallback
 .text.HAL_I2C_AbortCpltCallback
                0x0000000008007f5c       0x10 build/stm32f0xx_hal_i2c.o
                0x0000000008007f5c                HAL_I2C_AbortCpltCallback
 .text.I2C_Master_ISR_IT
                0x0000000008007f6c      0x24c build/stm32f0xx_hal_i2c.o
 .text.I2C_Slave_ISR_IT
                0x00000000080081b8      0x1e0 build/stm32f0xx_hal_i2c.o
 .text.I2C_Master_ISR_DMA
                0x0000000008008398      0x164 build/stm32f0xx_hal_i2c.o
 .text.I2C_Slave_ISR_DMA
                0x00000000080084fc       0xc8 build/stm32f0xx_hal_i2c.o
 .text.I2C_ITAddrCplt
                0x00000000080085c4      0x16c build/stm32f0xx_hal_i2c.o
 .text.I2C_ITMasterSequentialCplt
                0x0000000008008730       0x82 build/stm32f0xx_hal_i2c.o
 .text.I2C_ITSlaveSequentialCplt
                0x00000000080087b2       0x82 build/stm32f0xx_hal_i2c.o
 .text.I2C_ITMasterCplt
                0x0000000008008834      0x13c build/stm32f0xx_hal_i2c.o
 .text.I2C_ITSlaveCplt
                0x0000000008008970      0x1b8 build/stm32f0xx_hal_i2c.o
 .text.I2C_ITListenCplt
                0x0000000008008b28       0xa4 build/stm32f0xx_hal_i2c.o
 .text.I2C_ITError
                0x0000000008008bcc      0x190 build/stm32f0xx_hal_i2c.o
 .text.I2C_Flush_TXDR
                0x0000000008008d5c       0x44 build/stm32f0xx_hal_i2c.o
 .text.I2C_DMAAbort
                0x0000000008008da0       0x5e build/stm32f0xx_hal_i2c.o
 .text.I2C_WaitOnFlagUntilTimeout
                0x0000000008008dfe       0x72 build/stm32f0xx_hal_i2c.o
 .text.I2C_WaitOnTXISFlagUntilTimeout
                0x0000000008008e70       0x7e build/stm32f0xx_hal_i2c.o
 .text.I2C_WaitOnSTOPFlagUntilTimeout
                0x0000000008008eee       0x78 build/stm32f0xx_hal_i2c.o
 *fill*         0x0000000008008f66        0x2 
 .text.I2C_IsAcknowledgeFailed
                0x0000000008008f68       0xbc build/stm32f0xx_hal_i2c.o
 .text.I2C_TransferConfig
                0x0000000008009024       0x70 build/stm32f0xx_hal_i2c.o
 .text.I2C_Enable_IRQ
                0x0000000008009094       0xe4 build/stm32f0xx_hal_i2c.o
 .text.I2C_Disable_IRQ
                0x0000000008009178       0xd4 build/stm32f0xx_hal_i2c.o
 .text.HAL_I2CEx_ConfigAnalogFilter
                0x000000000800924c       0x98 build/stm32f0xx_hal_i2c_ex.o
                0x000000000800924c                HAL_I2CEx_ConfigAnalogFilter
 .text.HAL_RCC_OscConfig
                0x00000000080092e4      0x5e8 build/stm32f0xx_hal_rcc.o
                0x00000000080092e4                HAL_RCC_OscConfig
 .text.HAL_RCC_ClockConfig
                0x00000000080098cc      0x1cc build/stm32f0xx_hal_rcc.o
                0x00000000080098cc                HAL_RCC_ClockConfig
 .text.HAL_RCC_GetSysClockFreq
                0x0000000008009a98       0xc8 build/stm32f0xx_hal_rcc.o
                0x0000000008009a98                HAL_RCC_GetSysClockFreq
 .text.HAL_RCC_GetHCLKFreq
                0x0000000008009b60       0x14 build/stm32f0xx_hal_rcc.o
                0x0000000008009b60                HAL_RCC_GetHCLKFreq
 .text.HAL_RCC_GetPCLK1Freq
                0x0000000008009b74       0x2c build/stm32f0xx_hal_rcc.o
                0x0000000008009b74                HAL_RCC_GetPCLK1Freq
 .text.HAL_RCCEx_PeriphCLKConfig
                0x0000000008009ba0      0x1bc build/stm32f0xx_hal_rcc_ex.o
                0x0000000008009ba0                HAL_RCCEx_PeriphCLKConfig
 .text.HAL_TIM_Base_Init
                0x0000000008009d5c       0x58 build/stm32f0xx_hal_tim.o
                0x0000000008009d5c                HAL_TIM_Base_Init
 .text.HAL_TIM_Base_Start_IT
                0x0000000008009db4       0x32 build/stm32f0xx_hal_tim.o
                0x0000000008009db4                HAL_TIM_Base_Start_IT
 *fill*         0x0000000008009de6        0x2 
 .text.HAL_TIM_Base_Stop_IT
                0x0000000008009de8       0x54 build/stm32f0xx_hal_tim.o
                0x0000000008009de8                HAL_TIM_Base_Stop_IT
 .text.HAL_TIM_PWM_Init
                0x0000000008009e3c       0x58 build/stm32f0xx_hal_tim.o
                0x0000000008009e3c                HAL_TIM_PWM_Init
 .text.HAL_TIM_PWM_MspInit
                0x0000000008009e94       0x10 build/stm32f0xx_hal_tim.o
                0x0000000008009e94                HAL_TIM_PWM_MspInit
 .text.HAL_TIM_PWM_Start
                0x0000000008009ea4       0x88 build/stm32f0xx_hal_tim.o
                0x0000000008009ea4                HAL_TIM_PWM_Start
 .text.HAL_TIM_PWM_Stop
                0x0000000008009f2c       0xc8 build/stm32f0xx_hal_tim.o
                0x0000000008009f2c                HAL_TIM_PWM_Stop
 .text.HAL_TIM_IRQHandler
                0x0000000008009ff4      0x22c build/stm32f0xx_hal_tim.o
                0x0000000008009ff4                HAL_TIM_IRQHandler
 .text.HAL_TIM_PWM_ConfigChannel
                0x000000000800a220      0x170 build/stm32f0xx_hal_tim.o
                0x000000000800a220                HAL_TIM_PWM_ConfigChannel
 .text.HAL_TIM_ConfigClockSource
                0x000000000800a390      0x1c0 build/stm32f0xx_hal_tim.o
                0x000000000800a390                HAL_TIM_ConfigClockSource
 .text.HAL_TIM_OC_DelayElapsedCallback
                0x000000000800a550       0x10 build/stm32f0xx_hal_tim.o
                0x000000000800a550                HAL_TIM_OC_DelayElapsedCallback
 .text.HAL_TIM_IC_CaptureCallback
                0x000000000800a560       0x10 build/stm32f0xx_hal_tim.o
                0x000000000800a560                HAL_TIM_IC_CaptureCallback
 .text.HAL_TIM_PWM_PulseFinishedCallback
                0x000000000800a570       0x10 build/stm32f0xx_hal_tim.o
                0x000000000800a570                HAL_TIM_PWM_PulseFinishedCallback
 .text.HAL_TIM_TriggerCallback
                0x000000000800a580       0x10 build/stm32f0xx_hal_tim.o
                0x000000000800a580                HAL_TIM_TriggerCallback
 .text.TIM_Base_SetConfig
                0x000000000800a590      0x104 build/stm32f0xx_hal_tim.o
                0x000000000800a590                TIM_Base_SetConfig
 .text.TIM_OC1_SetConfig
                0x000000000800a694      0x11c build/stm32f0xx_hal_tim.o
 .text.TIM_OC2_SetConfig
                0x000000000800a7b0      0x114 build/stm32f0xx_hal_tim.o
                0x000000000800a7b0                TIM_OC2_SetConfig
 .text.TIM_OC3_SetConfig
                0x000000000800a8c4      0x118 build/stm32f0xx_hal_tim.o
 .text.TIM_OC4_SetConfig
                0x000000000800a9dc       0xe0 build/stm32f0xx_hal_tim.o
 .text.TIM_TI1_ConfigInputStage
                0x000000000800aabc       0x64 build/stm32f0xx_hal_tim.o
 .text.TIM_TI2_ConfigInputStage
                0x000000000800ab20       0x6c build/stm32f0xx_hal_tim.o
 .text.TIM_ITRx_SetConfig
                0x000000000800ab8c       0x40 build/stm32f0xx_hal_tim.o
 .text.TIM_ETR_SetConfig
                0x000000000800abcc       0x44 build/stm32f0xx_hal_tim.o
                0x000000000800abcc                TIM_ETR_SetConfig
 .text.TIM_CCxChannelCmd
                0x000000000800ac10       0x42 build/stm32f0xx_hal_tim.o
                0x000000000800ac10                TIM_CCxChannelCmd
 *fill*         0x000000000800ac52        0x2 
 .text.HAL_TIMEx_ConfigBreakDeadTime
                0x000000000800ac54       0xdc build/stm32f0xx_hal_tim_ex.o
                0x000000000800ac54                HAL_TIMEx_ConfigBreakDeadTime
 .text.HAL_TIMEx_CommutationCallback
                0x000000000800ad30       0x10 build/stm32f0xx_hal_tim_ex.o
                0x000000000800ad30                HAL_TIMEx_CommutationCallback
 .text.HAL_TIMEx_BreakCallback
                0x000000000800ad40       0x10 build/stm32f0xx_hal_tim_ex.o
                0x000000000800ad40                HAL_TIMEx_BreakCallback
 .text.HAL_UART_Init
                0x000000000800ad50       0xb0 build/stm32f0xx_hal_uart.o
                0x000000000800ad50                HAL_UART_Init
 .text.HAL_UART_Transmit
                0x000000000800ae00      0x146 build/stm32f0xx_hal_uart.o
                0x000000000800ae00                HAL_UART_Transmit
 *fill*         0x000000000800af46        0x2 
 .text.UART_SetConfig
                0x000000000800af48      0x2ec build/stm32f0xx_hal_uart.o
                0x000000000800af48                UART_SetConfig
 .text.UART_AdvFeatureConfig
                0x000000000800b234      0x158 build/stm32f0xx_hal_uart.o
                0x000000000800b234                UART_AdvFeatureConfig
 .text.UART_CheckIdleState
                0x000000000800b38c       0xa4 build/stm32f0xx_hal_uart.o
                0x000000000800b38c                UART_CheckIdleState
 .text.UART_WaitOnFlagUntilTimeout
                0x000000000800b430       0x98 build/stm32f0xx_hal_uart.o
                0x000000000800b430                UART_WaitOnFlagUntilTimeout
 .text.yabi_init
                0x000000000800b4c8       0xac build/yabi.o
                0x000000000800b4c8                yabi_init
 .text.yabi_giveTime
                0x000000000800b574      0x158 build/yabi.o
                0x000000000800b574                yabi_giveTime
 .text.yabi_setStarted
                0x000000000800b6cc       0x70 build/yabi.o
                0x000000000800b6cc                yabi_setStarted
 .text.yabi_setChannel
                0x000000000800b73c       0x64 build/yabi.o
                0x000000000800b73c                yabi_setChannel
 .text.yabi_DefaultInterpolator
                0x000000000800b7a0       0x98 build/yabi.o
 .text.Reset_Handler
                0x000000000800b838       0x50 build/startup_stm32f051x8.o
                0x000000000800b838                Reset_Handler
 .text.Default_Handler
                0x000000000800b888        0x2 build/startup_stm32f051x8.o
                0x000000000800b888                TIM1_BRK_UP_TRG_COM_IRQHandler
                0x000000000800b888                TSC_IRQHandler
                0x000000000800b888                HardFault_Handler
                0x000000000800b888                ADC1_COMP_IRQHandler
                0x000000000800b888                PVD_IRQHandler
                0x000000000800b888                PendSV_Handler
                0x000000000800b888                NMI_Handler
                0x000000000800b888                RCC_CRS_IRQHandler
                0x000000000800b888                SPI1_IRQHandler
                0x000000000800b888                TIM6_DAC_IRQHandler
                0x000000000800b888                I2C2_IRQHandler
                0x000000000800b888                TIM17_IRQHandler
                0x000000000800b888                CEC_CAN_IRQHandler
                0x000000000800b888                RTC_IRQHandler
                0x000000000800b888                TIM16_IRQHandler
                0x000000000800b888                DMA1_Channel1_IRQHandler
                0x000000000800b888                Default_Handler
                0x000000000800b888                DMA1_Channel4_5_IRQHandler
                0x000000000800b888                TIM15_IRQHandler
                0x000000000800b888                SPI2_IRQHandler
                0x000000000800b888                SVC_Handler
                0x000000000800b888                WWDG_IRQHandler
                0x000000000800b888                TIM2_IRQHandler
                0x000000000800b888                DMA1_Channel2_3_IRQHandler
                0x000000000800b888                USART2_IRQHandler
                0x000000000800b888                FLASH_IRQHandler
                0x000000000800b888                USART1_IRQHandler
                0x000000000800b888                TIM1_CC_IRQHandler
 *fill*         0x000000000800b88a        0x2 
 .text.__libc_init_array
                0x000000000800b88c       0x48 /usr/local/gcc-arm-none-eabi-6_2-2016q4/bin/../lib/gcc/arm-none-eabi/6.2.1/../../../../arm-none-eabi/lib/thumb/v6-m/libc_nano.a(lib_a-init.o)
                0x000000000800b88c                __libc_init_array
 .text.memcpy   0x000000000800b8d4       0x12 /usr/local/gcc-arm-none-eabi-6_2-2016q4/bin/../lib/gcc/arm-none-eabi/6.2.1/../../../../arm-none-eabi/lib/thumb/v6-m/libc_nano.a(lib_a-memcpy-stub.o)
                0x000000000800b8d4                memcpy
 .text.memset   0x000000000800b8e6       0x10 /usr/local/gcc-arm-none-eabi-6_2-2016q4/bin/../lib/gcc/arm-none-eabi/6.2.1/../../../../arm-none-eabi/lib/thumb/v6-m/libc_nano.a(lib_a-memset.o)
                0x000000000800b8e6                memset
 *fill*         0x000000000800b8f6        0x2 
 .text.srand    0x000000000800b8f8       0x5c /usr/local/gcc-arm-none-eabi-6_2-2016q4/bin/../lib/gcc/arm-none-eabi/6.2.1/../../../../arm-none-eabi/lib/thumb/v6-m/libc_nano.a(lib_a-rand.o)
                0x000000000800b8f8                srand
 .text.rand     0x000000000800b954       0x78 /usr/local/gcc-arm-none-eabi-6_2-2016q4/bin/../lib/gcc/arm-none-eabi/6.2.1/../../../../arm-none-eabi/lib/thumb/v6-m/libc_nano.a(lib_a-rand.o)
                0x000000000800b954                rand
 .text.snprintf
                0x000000000800b9cc       0x64 /usr/local/gcc-arm-none-eabi-6_2-2016q4/bin/../lib/gcc/arm-none-eabi/6.2.1/../../../../arm-none-eabi/lib/thumb/v6-m/libc_nano.a(lib_a-snprintf.o)
                0x000000000800b9cc                snprintf
                0x000000000800b9cc                sniprintf
 .text.malloc   0x000000000800ba30       0x14 /usr/local/gcc-arm-none-eabi-6_2-2016q4/bin/../lib/gcc/arm-none-eabi/6.2.1/../../../../arm-none-eabi/lib/thumb/v6-m/libc_nano.a(lib_a-malloc.o)
                0x000000000800ba30                malloc
 .text._free_r  0x000000000800ba44       0x94 /usr/local/gcc-arm-none-eabi-6_2-2016q4/bin/../lib/gcc/arm-none-eabi/6.2.1/../../../../arm-none-eabi/lib/thumb/v6-m/libc_nano.a(lib_a-nano-freer.o)
                0x000000000800ba44                _free_r
 .text._malloc_r
                0x000000000800bad8       0xbc /usr/local/gcc-arm-none-eabi-6_2-2016q4/bin/../lib/gcc/arm-none-eabi/6.2.1/../../../../arm-none-eabi/lib/thumb/v6-m/libc_nano.a(lib_a-nano-mallocr.o)
                0x000000000800bad8                _malloc_r
 .text.__ssputs_r
                0x000000000800bb94       0xc4 /usr/local/gcc-arm-none-eabi-6_2-2016q4/bin/../lib/gcc/arm-none-eabi/6.2.1/../../../../arm-none-eabi/lib/thumb/v6-m/libc_nano.a(lib_a-nano-svfprintf.o)
                0x000000000800bb94                __ssputs_r
 .text._svfprintf_r
                0x000000000800bc58      0x208 /usr/local/gcc-arm-none-eabi-6_2-2016q4/bin/../lib/gcc/arm-none-eabi/6.2.1/../../../../arm-none-eabi/lib/thumb/v6-m/libc_nano.a(lib_a-nano-svfprintf.o)
                0x000000000800bc58                _svfprintf_r
                0x000000000800bc58                _svfiprintf_r
 .text._printf_common
                0x000000000800be60       0xda /usr/local/gcc-arm-none-eabi-6_2-2016q4/bin/../lib/gcc/arm-none-eabi/6.2.1/../../../../arm-none-eabi/lib/thumb/v6-m/libc_nano.a(lib_a-nano-vfprintf_i.o)
                0x000000000800be60                _printf_common
 *fill*         0x000000000800bf3a        0x2 
 .text._printf_i
                0x000000000800bf3c      0x234 /usr/local/gcc-arm-none-eabi-6_2-2016q4/bin/../lib/gcc/arm-none-eabi/6.2.1/../../../../arm-none-eabi/lib/thumb/v6-m/libc_nano.a(lib_a-nano-vfprintf_i.o)
                0x000000000800bf3c                _printf_i
 .text._sbrk_r  0x000000000800c170       0x24 /usr/local/gcc-arm-none-eabi-6_2-2016q4/bin/../lib/gcc/arm-none-eabi/6.2.1/../../../../arm-none-eabi/lib/thumb/v6-m/libc_nano.a(lib_a-sbrkr.o)
                0x000000000800c170                _sbrk_r
 .text.memchr   0x000000000800c194       0x16 /usr/local/gcc-arm-none-eabi-6_2-2016q4/bin/../lib/gcc/arm-none-eabi/6.2.1/../../../../arm-none-eabi/lib/thumb/v6-m/libc_nano.a(lib_a-memchr-stub.o)
                0x000000000800c194                memchr
 .text.memmove  0x000000000800c1aa       0x24 /usr/local/gcc-arm-none-eabi-6_2-2016q4/bin/../lib/gcc/arm-none-eabi/6.2.1/../../../../arm-none-eabi/lib/thumb/v6-m/libc_nano.a(lib_a-memmove.o)
                0x000000000800c1aa                memmove
 .text.__malloc_lock
                0x000000000800c1ce        0x2 /usr/local/gcc-arm-none-eabi-6_2-2016q4/bin/../lib/gcc/arm-none-eabi/6.2.1/../../../../arm-none-eabi/lib/thumb/v6-m/libc_nano.a(lib_a-mlock.o)
                0x000000000800c1ce                __malloc_lock
 .text.__malloc_unlock
                0x000000000800c1d0        0x2 /usr/local/gcc-arm-none-eabi-6_2-2016q4/bin/../lib/gcc/arm-none-eabi/6.2.1/../../../../arm-none-eabi/lib/thumb/v6-m/libc_nano.a(lib_a-mlock.o)
                0x000000000800c1d0                __malloc_unlock
 .text._realloc_r
                0x000000000800c1d2       0x4c /usr/local/gcc-arm-none-eabi-6_2-2016q4/bin/../lib/gcc/arm-none-eabi/6.2.1/../../../../arm-none-eabi/lib/thumb/v6-m/libc_nano.a(lib_a-nano-reallocr.o)
                0x000000000800c1d2                _realloc_r
 .text._malloc_usable_size_r
                0x000000000800c21e       0x10 /usr/local/gcc-arm-none-eabi-6_2-2016q4/bin/../lib/gcc/arm-none-eabi/6.2.1/../../../../arm-none-eabi/lib/thumb/v6-m/libc_nano.a(lib_a-nano-msizer.o)
                0x000000000800c21e                _malloc_usable_size_r
 *fill*         0x000000000800c22e        0x2 
 .text._sbrk    0x000000000800c230       0x1c /usr/local/gcc-arm-none-eabi-6_2-2016q4/bin/../lib/gcc/arm-none-eabi/6.2.1/../../../../arm-none-eabi/lib/thumb/v6-m/libnosys.a(sbrk.o)
                0x000000000800c230                _sbrk
 .text.floor    0x000000000800c24c      0x130 /usr/local/gcc-arm-none-eabi-6_2-2016q4/bin/../lib/gcc/arm-none-eabi/6.2.1/../../../../arm-none-eabi/lib/thumb/v6-m/libm.a(lib_a-s_floor.o)
                0x000000000800c24c                floor
 .text.round    0x000000000800c37c       0xac /usr/local/gcc-arm-none-eabi-6_2-2016q4/bin/../lib/gcc/arm-none-eabi/6.2.1/../../../../arm-none-eabi/lib/thumb/v6-m/libm.a(lib_a-s_round.o)
                0x000000000800c37c                round
 *(.glue_7)
 .glue_7        0x000000000800c428        0x0 linker stubs
 *(.glue_7t)
 .glue_7t       0x000000000800c428        0x0 linker stubs
 *(.eh_frame)
 .eh_frame      0x000000000800c428        0x0 /usr/local/gcc-arm-none-eabi-6_2-2016q4/bin/../lib/gcc/arm-none-eabi/6.2.1/thumb/v6-m/crtbegin.o
 *(.init)
 .init          0x000000000800c428        0x4 /usr/local/gcc-arm-none-eabi-6_2-2016q4/bin/../lib/gcc/arm-none-eabi/6.2.1/thumb/v6-m/crti.o
                0x000000000800c428                _init
 .init          0x000000000800c42c        0x8 /usr/local/gcc-arm-none-eabi-6_2-2016q4/bin/../lib/gcc/arm-none-eabi/6.2.1/thumb/v6-m/crtn.o
 *(.fini)
 .fini          0x000000000800c434        0x4 /usr/local/gcc-arm-none-eabi-6_2-2016q4/bin/../lib/gcc/arm-none-eabi/6.2.1/thumb/v6-m/crti.o
                0x000000000800c434                _fini
 .fini          0x000000000800c438        0x8 /usr/local/gcc-arm-none-eabi-6_2-2016q4/bin/../lib/gcc/arm-none-eabi/6.2.1/thumb/v6-m/crtn.o
                0x000000000800c440                . = ALIGN (0x4)
                0x000000000800c440                _etext = .

.vfp11_veneer   0x000000000800c440        0x0
 .vfp11_veneer  0x000000000800c440        0x0 linker stubs

.v4_bx          0x000000000800c440        0x0
 .v4_bx         0x000000000800c440        0x0 linker stubs

.iplt           0x000000000800c440        0x0
 .iplt          0x000000000800c440        0x0 /usr/local/gcc-arm-none-eabi-6_2-2016q4/bin/../lib/gcc/arm-none-eabi/6.2.1/thumb/v6-m/crtbegin.o

.rodata         0x000000000800c440     0x1900
                0x000000000800c440                . = ALIGN (0x4)
 *(.rodata)
 .rodata        0x000000000800c440       0x3e build/als.o
 *fill*         0x000000000800c47e        0x2 
 .rodata        0x000000000800c480       0x9d build/beacon.o
 *fill*         0x000000000800c51d        0x3 
 .rodata        0x000000000800c520       0x1c build/color.o
 .rodata        0x000000000800c53c       0x11 build/iprintf.o
 *fill*         0x000000000800c54d        0x3 
 .rodata        0x000000000800c550       0x88 build/ir.o
 .rodata        0x000000000800c5d8      0x906 build/led.o
 *fill*         0x000000000800cede        0x2 
 .rodata        0x000000000800cee0      0x850 build/lighting.o
 .rodata        0x000000000800d730       0x5c build/main.o
 .rodata        0x000000000800d78c      0x10f build/pattern.o
 *fill*         0x000000000800d89b        0x1 
 .rodata        0x000000000800d89c        0xf build/platform_hw.o
 *fill*         0x000000000800d8ab        0x1 
 .rodata        0x000000000800d8ac       0x18 build/system_stm32f0xx.o
                0x000000000800d8ac                AHBPrescTable
                0x000000000800d8bc                APBPrescTable
 .rodata        0x000000000800d8c4      0x164 build/tables.o
                0x000000000800d8c4                CosTable
                0x000000000800d920                CosTableSize
                0x000000000800d924                CIETable
                0x000000000800da24                CIETableSize
 .rodata        0x000000000800da28      0x180 build/test.o
 .rodata        0x000000000800dba8        0x4 build/version.o
                0x000000000800dba8                FW_VERSION
 .rodata        0x000000000800dbac       0x20 build/stm32f0xx_hal_rcc.o
 .rodata        0x000000000800dbcc       0x80 /usr/local/gcc-arm-none-eabi-6_2-2016q4/bin/../lib/gcc/arm-none-eabi/6.2.1/thumb/v6-m/libgcc.a(divsf3.o)
 .rodata        0x000000000800dc4c       0x40 /usr/local/gcc-arm-none-eabi-6_2-2016q4/bin/../lib/gcc/arm-none-eabi/6.2.1/thumb/v6-m/libgcc.a(mulsf3.o)
 .rodata        0x000000000800dc8c       0x40 /usr/local/gcc-arm-none-eabi-6_2-2016q4/bin/../lib/gcc/arm-none-eabi/6.2.1/thumb/v6-m/libgcc.a(divdf3.o)
 .rodata        0x000000000800dccc       0x40 /usr/local/gcc-arm-none-eabi-6_2-2016q4/bin/../lib/gcc/arm-none-eabi/6.2.1/thumb/v6-m/libgcc.a(muldf3.o)
 *(.rodata*)
 .rodata._svfprintf_r.str1.1
                0x000000000800dd0c       0x11 /usr/local/gcc-arm-none-eabi-6_2-2016q4/bin/../lib/gcc/arm-none-eabi/6.2.1/../../../../arm-none-eabi/lib/thumb/v6-m/libc_nano.a(lib_a-nano-svfprintf.o)
 .rodata._printf_i.str1.1
                0x000000000800dd1d       0x22 /usr/local/gcc-arm-none-eabi-6_2-2016q4/bin/../lib/gcc/arm-none-eabi/6.2.1/../../../../arm-none-eabi/lib/thumb/v6-m/libc_nano.a(lib_a-nano-vfprintf_i.o)
                0x000000000800dd40                . = ALIGN (0x4)
 *fill*         0x000000000800dd3f        0x1 

.rel.dyn        0x000000000800dd40        0x0
 .rel.iplt      0x000000000800dd40        0x0 /usr/local/gcc-arm-none-eabi-6_2-2016q4/bin/../lib/gcc/arm-none-eabi/6.2.1/thumb/v6-m/crtbegin.o

.ARM.extab
 *(.ARM.extab* .gnu.linkonce.armextab.*)

.ARM            0x000000000800dd40        0x0
                0x000000000800dd40                __exidx_start = .
 *(.ARM.exidx*)
                0x000000000800dd40                __exidx_end = .

.preinit_array  0x000000000800dd40        0x0
                0x000000000800dd40                PROVIDE (__preinit_array_start, .)
 *(.preinit_array*)
                0x000000000800dd40                PROVIDE (__preinit_array_end, .)

.init_array     0x000000000800dd40        0x4
                0x000000000800dd40                PROVIDE (__init_array_start, .)
 *(SORT(.init_array.*))
 *(.init_array*)
 .init_array    0x000000000800dd40        0x4 /usr/local/gcc-arm-none-eabi-6_2-2016q4/bin/../lib/gcc/arm-none-eabi/6.2.1/thumb/v6-m/crtbegin.o
                0x000000000800dd44                PROVIDE (__init_array_end, .)

.fini_array     0x000000000800dd44        0x4
                [!provide]                        PROVIDE (__fini_array_start, .)
 *(SORT(.fini_array.*))
 *(.fini_array*)
 .fini_array    0x000000000800dd44        0x4 /usr/local/gcc-arm-none-eabi-6_2-2016q4/bin/../lib/gcc/arm-none-eabi/6.2.1/thumb/v6-m/crtbegin.o
                [!provide]                        PROVIDE (__fini_array_end, .)
                0x000000000800dd48                _sidata = LOADADDR (.data)

.data           0x0000000020000000       0x68 load address 0x000000000800dd48
                0x0000000020000000                . = ALIGN (0x4)
                0x0000000020000000                _sdata = .
 *(.data)
 .data          0x0000000020000000        0x4 build/system_stm32f0xx.o
                0x0000000020000000                SystemCoreClock
 *(.data*)
 .data._impure_ptr
                0x0000000020000004        0x4 /usr/local/gcc-arm-none-eabi-6_2-2016q4/bin/../lib/gcc/arm-none-eabi/6.2.1/../../../../arm-none-eabi/lib/thumb/v6-m/libc_nano.a(lib_a-impure.o)
                0x0000000020000004                _impure_ptr
 .data.impure_data
                0x0000000020000008       0x60 /usr/local/gcc-arm-none-eabi-6_2-2016q4/bin/../lib/gcc/arm-none-eabi/6.2.1/../../../../arm-none-eabi/lib/thumb/v6-m/libc_nano.a(lib_a-impure.o)
                0x0000000020000068                . = ALIGN (0x4)
                0x0000000020000068                _edata = .

.jcr            0x0000000020000068        0x0 load address 0x000000000800ddb0
 .jcr           0x0000000020000068        0x0 /usr/local/gcc-arm-none-eabi-6_2-2016q4/bin/../lib/gcc/arm-none-eabi/6.2.1/thumb/v6-m/crtbegin.o

.igot.plt       0x0000000020000068        0x0 load address 0x000000000800ddb0
 .igot.plt      0x0000000020000068        0x0 /usr/local/gcc-arm-none-eabi-6_2-2016q4/bin/../lib/gcc/arm-none-eabi/6.2.1/thumb/v6-m/crtbegin.o
                0x0000000020000068                . = ALIGN (0x4)

.bss            0x0000000020000068      0xe84 load address 0x000000000800ddb0
                0x0000000020000068                _sbss = .
                0x0000000020000068                __bss_start__ = _sbss
 *(.bss)
 .bss           0x0000000020000068       0x1c /usr/local/gcc-arm-none-eabi-6_2-2016q4/bin/../lib/gcc/arm-none-eabi/6.2.1/thumb/v6-m/crtbegin.o
 .bss           0x0000000020000084       0x4d build/als.o
 *fill*         0x00000000200000d1        0x3 
 .bss           0x00000000200000d4      0x14c build/ir.o
 .bss           0x0000000020000220      0x5f8 build/led.o
 .bss           0x0000000020000818      0x48c build/lighting.o
 .bss           0x0000000020000ca4        0x6 build/main.o
 *fill*         0x0000000020000caa        0x2 
 .bss           0x0000000020000cac       0x38 build/pattern.o
 .bss           0x0000000020000ce4        0xc build/test.o
                0x0000000020000ce4                events
 .bss           0x0000000020000cf0        0x4 build/test_patterns.o
 .bss           0x0000000020000cf4       0x38 build/yabi.o
 *(.bss*)
 .bss.__malloc_free_list
                0x0000000020000d2c        0x4 /usr/local/gcc-arm-none-eabi-6_2-2016q4/bin/../lib/gcc/arm-none-eabi/6.2.1/../../../../arm-none-eabi/lib/thumb/v6-m/libc_nano.a(lib_a-nano-mallocr.o)
                0x0000000020000d2c                __malloc_free_list
 .bss.__malloc_sbrk_start
                0x0000000020000d30        0x4 /usr/local/gcc-arm-none-eabi-6_2-2016q4/bin/../lib/gcc/arm-none-eabi/6.2.1/../../../../arm-none-eabi/lib/thumb/v6-m/libc_nano.a(lib_a-nano-mallocr.o)
                0x0000000020000d30                __malloc_sbrk_start
 .bss.heap_end.4116
                0x0000000020000d34        0x4 /usr/local/gcc-arm-none-eabi-6_2-2016q4/bin/../lib/gcc/arm-none-eabi/6.2.1/../../../../arm-none-eabi/lib/thumb/v6-m/libnosys.a(sbrk.o)
 *(COMMON)
 COMMON         0x0000000020000d38       0x40 build/ir.o
                0x0000000020000d38                htim3
 COMMON         0x0000000020000d78       0x40 build/led.o
                0x0000000020000d78                htim14
 COMMON         0x0000000020000db8      0x12c build/platform_hw.o
                0x0000000020000db8                hi2c1
                0x0000000020000e04                huart1
                0x0000000020000e74                huart2
 COMMON         0x0000000020000ee4        0x4 build/stm32f0xx_hal.o
                0x0000000020000ee4                uwTick
 COMMON         0x0000000020000ee8        0x4 /usr/local/gcc-arm-none-eabi-6_2-2016q4/bin/../lib/gcc/arm-none-eabi/6.2.1/../../../../arm-none-eabi/lib/thumb/v6-m/libc_nano.a(lib_a-reent.o)
                0x0000000020000ee8                errno
                0x0000000020000eec                . = ALIGN (0x4)
                0x0000000020000eec                _ebss = .
                0x0000000020000eec                __bss_end__ = _ebss

._user_heap_stack
                0x0000000020000eec      0x604 load address 0x000000000800ddb0
                0x0000000020000ef0                . = ALIGN (0x8)
 *fill*         0x0000000020000eec        0x4 
                0x0000000020000ef0                PROVIDE (end, .)
                [!provide]                        PROVIDE (_end, .)
                0x00000000200010f0                . = (. + _Min_Heap_Size)
 *fill*         0x0000000020000ef0      0x200 
                0x00000000200014f0                . = (. + _Min_Stack_Size)
 *fill*         0x00000000200010f0      0x400 
                0x00000000200014f0                . = ALIGN (0x8)

/DISCARD/
 libc.a(*)
 libm.a(*)
 libgcc.a(*)

.ARM.attributes
                0x0000000000000000       0x28
 *(.ARM.attributes)
 .ARM.attributes
                0x0000000000000000       0x1e /usr/local/gcc-arm-none-eabi-6_2-2016q4/bin/../lib/gcc/arm-none-eabi/6.2.1/thumb/v6-m/crti.o
 .ARM.attributes
                0x000000000000001e       0x2c /usr/local/gcc-arm-none-eabi-6_2-2016q4/bin/../lib/gcc/arm-none-eabi/6.2.1/thumb/v6-m/crtbegin.o
 .ARM.attributes
                0x000000000000004a       0x31 build/als.o
 .ARM.attributes
                0x000000000000007b       0x31 build/beacon.o
 .ARM.attributes
                0x00000000000000ac       0x31 build/board_id.o
 .ARM.attributes
                0x00000000000000dd       0x31 build/color.o
 .ARM.attributes
                0x000000000000010e       0x31 build/crc.o
 .ARM.attributes
                0x000000000000013f       0x31 build/iprintf.o
 .ARM.attributes
                0x0000000000000170       0x31 build/ir.o
 .ARM.attributes
                0x00000000000001a1       0x31 build/led.o
 .ARM.attributes
                0x00000000000001d2       0x31 build/lighting.o
 .ARM.attributes
                0x0000000000000203       0x31 build/main.o
 .ARM.attributes
                0x0000000000000234       0x31 build/pattern.o
 .ARM.attributes
                0x0000000000000265       0x31 build/platform_hw.o
 .ARM.attributes
                0x0000000000000296       0x31 build/stm32f0xx_hal_msp.o
 .ARM.attributes
                0x00000000000002c7       0x31 build/stm32f0xx_it.o
 .ARM.attributes
                0x00000000000002f8       0x31 build/system_stm32f0xx.o
 .ARM.attributes
                0x0000000000000329       0x31 build/tables.o
 .ARM.attributes
                0x000000000000035a       0x31 build/terrible_timer.o
 .ARM.attributes
                0x000000000000038b       0x31 build/test.o
 .ARM.attributes
                0x00000000000003bc       0x31 build/test_patterns.o
 .ARM.attributes
                0x00000000000003ed       0x31 build/version.o
 .ARM.attributes
                0x000000000000041e       0x31 build/stm32f0xx_hal.o
 .ARM.attributes
                0x000000000000044f       0x31 build/stm32f0xx_hal_adc.o
 .ARM.attributes
                0x0000000000000480       0x31 build/stm32f0xx_hal_cortex.o
 .ARM.attributes
                0x00000000000004b1       0x31 build/stm32f0xx_hal_dma.o
 .ARM.attributes
                0x00000000000004e2       0x31 build/stm32f0xx_hal_gpio.o
 .ARM.attributes
                0x0000000000000513       0x31 build/stm32f0xx_hal_i2c.o
 .ARM.attributes
                0x0000000000000544       0x31 build/stm32f0xx_hal_i2c_ex.o
 .ARM.attributes
                0x0000000000000575       0x31 build/stm32f0xx_hal_rcc.o
 .ARM.attributes
                0x00000000000005a6       0x31 build/stm32f0xx_hal_rcc_ex.o
 .ARM.attributes
                0x00000000000005d7       0x31 build/stm32f0xx_hal_tim.o
 .ARM.attributes
                0x0000000000000608       0x31 build/stm32f0xx_hal_tim_ex.o
 .ARM.attributes
                0x0000000000000639       0x31 build/stm32f0xx_hal_uart.o
 .ARM.attributes
                0x000000000000066a       0x31 build/yabi.o
 .ARM.attributes
                0x000000000000069b       0x21 build/startup_stm32f051x8.o
 .ARM.attributes
                0x00000000000006bc       0x2c /usr/local/gcc-arm-none-eabi-6_2-2016q4/bin/../lib/gcc/arm-none-eabi/6.2.1/../../../../arm-none-eabi/lib/thumb/v6-m/libc_nano.a(lib_a-impure.o)
 .ARM.attributes
                0x00000000000006e8       0x2c /usr/local/gcc-arm-none-eabi-6_2-2016q4/bin/../lib/gcc/arm-none-eabi/6.2.1/../../../../arm-none-eabi/lib/thumb/v6-m/libc_nano.a(lib_a-init.o)
 .ARM.attributes
                0x0000000000000714       0x2c /usr/local/gcc-arm-none-eabi-6_2-2016q4/bin/../lib/gcc/arm-none-eabi/6.2.1/../../../../arm-none-eabi/lib/thumb/v6-m/libc_nano.a(lib_a-memcpy-stub.o)
 .ARM.attributes
                0x0000000000000740       0x2c /usr/local/gcc-arm-none-eabi-6_2-2016q4/bin/../lib/gcc/arm-none-eabi/6.2.1/../../../../arm-none-eabi/lib/thumb/v6-m/libc_nano.a(lib_a-memset.o)
 .ARM.attributes
                0x000000000000076c       0x2c /usr/local/gcc-arm-none-eabi-6_2-2016q4/bin/../lib/gcc/arm-none-eabi/6.2.1/../../../../arm-none-eabi/lib/thumb/v6-m/libc_nano.a(lib_a-rand.o)
 .ARM.attributes
                0x0000000000000798       0x2c /usr/local/gcc-arm-none-eabi-6_2-2016q4/bin/../lib/gcc/arm-none-eabi/6.2.1/../../../../arm-none-eabi/lib/thumb/v6-m/libc_nano.a(lib_a-snprintf.o)
 .ARM.attributes
                0x00000000000007c4       0x2c /usr/local/gcc-arm-none-eabi-6_2-2016q4/bin/../lib/gcc/arm-none-eabi/6.2.1/../../../../arm-none-eabi/lib/thumb/v6-m/libc_nano.a(lib_a-malloc.o)
 .ARM.attributes
                0x00000000000007f0       0x2c /usr/local/gcc-arm-none-eabi-6_2-2016q4/bin/../lib/gcc/arm-none-eabi/6.2.1/../../../../arm-none-eabi/lib/thumb/v6-m/libc_nano.a(lib_a-nano-freer.o)
 .ARM.attributes
                0x000000000000081c       0x2c /usr/local/gcc-arm-none-eabi-6_2-2016q4/bin/../lib/gcc/arm-none-eabi/6.2.1/../../../../arm-none-eabi/lib/thumb/v6-m/libc_nano.a(lib_a-nano-mallocr.o)
 .ARM.attributes
                0x0000000000000848       0x2c /usr/local/gcc-arm-none-eabi-6_2-2016q4/bin/../lib/gcc/arm-none-eabi/6.2.1/../../../../arm-none-eabi/lib/thumb/v6-m/libc_nano.a(lib_a-nano-svfprintf.o)
 .ARM.attributes
                0x0000000000000874       0x2c /usr/local/gcc-arm-none-eabi-6_2-2016q4/bin/../lib/gcc/arm-none-eabi/6.2.1/../../../../arm-none-eabi/lib/thumb/v6-m/libc_nano.a(lib_a-nano-vfprintf_i.o)
 .ARM.attributes
                0x00000000000008a0       0x2c /usr/local/gcc-arm-none-eabi-6_2-2016q4/bin/../lib/gcc/arm-none-eabi/6.2.1/../../../../arm-none-eabi/lib/thumb/v6-m/libc_nano.a(lib_a-sbrkr.o)
 .ARM.attributes
                0x00000000000008cc       0x2c /usr/local/gcc-arm-none-eabi-6_2-2016q4/bin/../lib/gcc/arm-none-eabi/6.2.1/../../../../arm-none-eabi/lib/thumb/v6-m/libc_nano.a(lib_a-memchr-stub.o)
 .ARM.attributes
                0x00000000000008f8       0x2c /usr/local/gcc-arm-none-eabi-6_2-2016q4/bin/../lib/gcc/arm-none-eabi/6.2.1/../../../../arm-none-eabi/lib/thumb/v6-m/libc_nano.a(lib_a-memmove.o)
 .ARM.attributes
                0x0000000000000924       0x2c /usr/local/gcc-arm-none-eabi-6_2-2016q4/bin/../lib/gcc/arm-none-eabi/6.2.1/../../../../arm-none-eabi/lib/thumb/v6-m/libc_nano.a(lib_a-mlock.o)
 .ARM.attributes
                0x0000000000000950       0x2c /usr/local/gcc-arm-none-eabi-6_2-2016q4/bin/../lib/gcc/arm-none-eabi/6.2.1/../../../../arm-none-eabi/lib/thumb/v6-m/libc_nano.a(lib_a-nano-reallocr.o)
 .ARM.attributes
                0x000000000000097c       0x2c /usr/local/gcc-arm-none-eabi-6_2-2016q4/bin/../lib/gcc/arm-none-eabi/6.2.1/../../../../arm-none-eabi/lib/thumb/v6-m/libc_nano.a(lib_a-reent.o)
 .ARM.attributes
                0x00000000000009a8       0x2c /usr/local/gcc-arm-none-eabi-6_2-2016q4/bin/../lib/gcc/arm-none-eabi/6.2.1/../../../../arm-none-eabi/lib/thumb/v6-m/libc_nano.a(lib_a-nano-msizer.o)
 .ARM.attributes
                0x00000000000009d4       0x2c /usr/local/gcc-arm-none-eabi-6_2-2016q4/bin/../lib/gcc/arm-none-eabi/6.2.1/../../../../arm-none-eabi/lib/thumb/v6-m/libnosys.a(sbrk.o)
 .ARM.attributes
                0x0000000000000a00       0x2c /usr/local/gcc-arm-none-eabi-6_2-2016q4/bin/../lib/gcc/arm-none-eabi/6.2.1/../../../../arm-none-eabi/lib/thumb/v6-m/libm.a(lib_a-s_floor.o)
 .ARM.attributes
                0x0000000000000a2c       0x2c /usr/local/gcc-arm-none-eabi-6_2-2016q4/bin/../lib/gcc/arm-none-eabi/6.2.1/../../../../arm-none-eabi/lib/thumb/v6-m/libm.a(lib_a-s_round.o)
 .ARM.attributes
                0x0000000000000a58       0x1e /usr/local/gcc-arm-none-eabi-6_2-2016q4/bin/../lib/gcc/arm-none-eabi/6.2.1/thumb/v6-m/libgcc.a(_udivsi3.o)
 .ARM.attributes
                0x0000000000000a76       0x1e /usr/local/gcc-arm-none-eabi-6_2-2016q4/bin/../lib/gcc/arm-none-eabi/6.2.1/thumb/v6-m/libgcc.a(_divsi3.o)
 .ARM.attributes
                0x0000000000000a94       0x1e /usr/local/gcc-arm-none-eabi-6_2-2016q4/bin/../lib/gcc/arm-none-eabi/6.2.1/thumb/v6-m/libgcc.a(_dvmd_tls.o)
 .ARM.attributes
                0x0000000000000ab2       0x1e /usr/local/gcc-arm-none-eabi-6_2-2016q4/bin/../lib/gcc/arm-none-eabi/6.2.1/thumb/v6-m/libgcc.a(_arm_cmpdf2.o)
 .ARM.attributes
                0x0000000000000ad0       0x1e /usr/local/gcc-arm-none-eabi-6_2-2016q4/bin/../lib/gcc/arm-none-eabi/6.2.1/thumb/v6-m/libgcc.a(_arm_cmpsf2.o)
 .ARM.attributes
                0x0000000000000aee       0x2c /usr/local/gcc-arm-none-eabi-6_2-2016q4/bin/../lib/gcc/arm-none-eabi/6.2.1/thumb/v6-m/libgcc.a(_muldi3.o)
 .ARM.attributes
                0x0000000000000b1a       0x2c /usr/local/gcc-arm-none-eabi-6_2-2016q4/bin/../lib/gcc/arm-none-eabi/6.2.1/thumb/v6-m/libgcc.a(_fixunssfsi.o)
 .ARM.attributes
                0x0000000000000b46       0x2c /usr/local/gcc-arm-none-eabi-6_2-2016q4/bin/../lib/gcc/arm-none-eabi/6.2.1/thumb/v6-m/libgcc.a(_fixunsdfsi.o)
 .ARM.attributes
                0x0000000000000b72       0x2c /usr/local/gcc-arm-none-eabi-6_2-2016q4/bin/../lib/gcc/arm-none-eabi/6.2.1/thumb/v6-m/libgcc.a(addsf3.o)
 .ARM.attributes
                0x0000000000000b9e       0x2c /usr/local/gcc-arm-none-eabi-6_2-2016q4/bin/../lib/gcc/arm-none-eabi/6.2.1/thumb/v6-m/libgcc.a(divsf3.o)
 .ARM.attributes
                0x0000000000000bca       0x2c /usr/local/gcc-arm-none-eabi-6_2-2016q4/bin/../lib/gcc/arm-none-eabi/6.2.1/thumb/v6-m/libgcc.a(eqsf2.o)
 .ARM.attributes
                0x0000000000000bf6       0x2c /usr/local/gcc-arm-none-eabi-6_2-2016q4/bin/../lib/gcc/arm-none-eabi/6.2.1/thumb/v6-m/libgcc.a(gesf2.o)
 .ARM.attributes
                0x0000000000000c22       0x2c /usr/local/gcc-arm-none-eabi-6_2-2016q4/bin/../lib/gcc/arm-none-eabi/6.2.1/thumb/v6-m/libgcc.a(lesf2.o)
 .ARM.attributes
                0x0000000000000c4e       0x2c /usr/local/gcc-arm-none-eabi-6_2-2016q4/bin/../lib/gcc/arm-none-eabi/6.2.1/thumb/v6-m/libgcc.a(mulsf3.o)
 .ARM.attributes
                0x0000000000000c7a       0x2c /usr/local/gcc-arm-none-eabi-6_2-2016q4/bin/../lib/gcc/arm-none-eabi/6.2.1/thumb/v6-m/libgcc.a(subsf3.o)
 .ARM.attributes
                0x0000000000000ca6       0x2c /usr/local/gcc-arm-none-eabi-6_2-2016q4/bin/../lib/gcc/arm-none-eabi/6.2.1/thumb/v6-m/libgcc.a(fixsfsi.o)
 .ARM.attributes
                0x0000000000000cd2       0x2c /usr/local/gcc-arm-none-eabi-6_2-2016q4/bin/../lib/gcc/arm-none-eabi/6.2.1/thumb/v6-m/libgcc.a(floatsisf.o)
 .ARM.attributes
                0x0000000000000cfe       0x2c /usr/local/gcc-arm-none-eabi-6_2-2016q4/bin/../lib/gcc/arm-none-eabi/6.2.1/thumb/v6-m/libgcc.a(floatunsisf.o)
 .ARM.attributes
                0x0000000000000d2a       0x2c /usr/local/gcc-arm-none-eabi-6_2-2016q4/bin/../lib/gcc/arm-none-eabi/6.2.1/thumb/v6-m/libgcc.a(adddf3.o)
 .ARM.attributes
                0x0000000000000d56       0x2c /usr/local/gcc-arm-none-eabi-6_2-2016q4/bin/../lib/gcc/arm-none-eabi/6.2.1/thumb/v6-m/libgcc.a(divdf3.o)
 .ARM.attributes
                0x0000000000000d82       0x2c /usr/local/gcc-arm-none-eabi-6_2-2016q4/bin/../lib/gcc/arm-none-eabi/6.2.1/thumb/v6-m/libgcc.a(eqdf2.o)
 .ARM.attributes
                0x0000000000000dae       0x2c /usr/local/gcc-arm-none-eabi-6_2-2016q4/bin/../lib/gcc/arm-none-eabi/6.2.1/thumb/v6-m/libgcc.a(gedf2.o)
 .ARM.attributes
                0x0000000000000dda       0x2c /usr/local/gcc-arm-none-eabi-6_2-2016q4/bin/../lib/gcc/arm-none-eabi/6.2.1/thumb/v6-m/libgcc.a(ledf2.o)
 .ARM.attributes
                0x0000000000000e06       0x2c /usr/local/gcc-arm-none-eabi-6_2-2016q4/bin/../lib/gcc/arm-none-eabi/6.2.1/thumb/v6-m/libgcc.a(muldf3.o)
 .ARM.attributes
                0x0000000000000e32       0x2c /usr/local/gcc-arm-none-eabi-6_2-2016q4/bin/../lib/gcc/arm-none-eabi/6.2.1/thumb/v6-m/libgcc.a(subdf3.o)
 .ARM.attributes
                0x0000000000000e5e       0x2c /usr/local/gcc-arm-none-eabi-6_2-2016q4/bin/../lib/gcc/arm-none-eabi/6.2.1/thumb/v6-m/libgcc.a(fixdfsi.o)
 .ARM.attributes
                0x0000000000000e8a       0x2c /usr/local/gcc-arm-none-eabi-6_2-2016q4/bin/../lib/gcc/arm-none-eabi/6.2.1/thumb/v6-m/libgcc.a(floatsidf.o)
 .ARM.attributes
                0x0000000000000eb6       0x2c /usr/local/gcc-arm-none-eabi-6_2-2016q4/bin/../lib/gcc/arm-none-eabi/6.2.1/thumb/v6-m/libgcc.a(extendsfdf2.o)
 .ARM.attributes
                0x0000000000000ee2       0x2c /usr/local/gcc-arm-none-eabi-6_2-2016q4/bin/../lib/gcc/arm-none-eabi/6.2.1/thumb/v6-m/libgcc.a(truncdfsf2.o)
 .ARM.attributes
                0x0000000000000f0e       0x1e /usr/local/gcc-arm-none-eabi-6_2-2016q4/bin/../lib/gcc/arm-none-eabi/6.2.1/thumb/v6-m/libgcc.a(_clzsi2.o)
 .ARM.attributes
                0x0000000000000f2c       0x1e /usr/local/gcc-arm-none-eabi-6_2-2016q4/bin/../lib/gcc/arm-none-eabi/6.2.1/thumb/v6-m/crtn.o
OUTPUT(build/sympetrum-v3.elf elf32-littlearm)

.debug_info     0x0000000000000000    0x233e4
 .debug_info    0x0000000000000000     0x1259 build/als.o
 .debug_info    0x0000000000001259      0xa8f build/beacon.o
 .debug_info    0x0000000000001ce8       0xf3 build/board_id.o
 .debug_info    0x0000000000001ddb      0xc04 build/color.o
 .debug_info    0x00000000000029df      0x10f build/crc.o
 .debug_info    0x0000000000002aee     0x109e build/iprintf.o
 .debug_info    0x0000000000003b8c     0x1a7d build/ir.o
 .debug_info    0x0000000000005609     0x1c4a build/led.o
 .debug_info    0x0000000000007253     0x119e build/lighting.o
 .debug_info    0x00000000000083f1      0xadb build/main.o
 .debug_info    0x0000000000008ecc      0xe7f build/pattern.o
 .debug_info    0x0000000000009d4b     0x18b4 build/platform_hw.o
 .debug_info    0x000000000000b5ff     0x1a6e build/stm32f0xx_hal_msp.o
 .debug_info    0x000000000000d06d     0x14ee build/stm32f0xx_it.o
 .debug_info    0x000000000000e55b      0xb70 build/system_stm32f0xx.o
 .debug_info    0x000000000000f0cb       0xfd build/tables.o
 .debug_info    0x000000000000f1c8      0xb5c build/terrible_timer.o
 .debug_info    0x000000000000fd24     0x10e4 build/test.o
 .debug_info    0x0000000000010e08      0xc08 build/test_patterns.o
 .debug_info    0x0000000000011a10       0x99 build/version.o
 .debug_info    0x0000000000011aa9      0xf06 build/stm32f0xx_hal.o
 .debug_info    0x00000000000129af     0x1641 build/stm32f0xx_hal_adc.o
 .debug_info    0x0000000000013ff0     0x10a4 build/stm32f0xx_hal_cortex.o
 .debug_info    0x0000000000015094     0x10ba build/stm32f0xx_hal_dma.o
 .debug_info    0x000000000001614e      0xfaf build/stm32f0xx_hal_gpio.o
 .debug_info    0x00000000000170fd     0x265a build/stm32f0xx_hal_i2c.o
 .debug_info    0x0000000000019757     0x121d build/stm32f0xx_hal_i2c_ex.o
 .debug_info    0x000000000001a974     0x1135 build/stm32f0xx_hal_rcc.o
 .debug_info    0x000000000001baa9      0xcb6 build/stm32f0xx_hal_rcc_ex.o
 .debug_info    0x000000000001c75f     0x2d5c build/stm32f0xx_hal_tim.o
 .debug_info    0x000000000001f4bb     0x1a84 build/stm32f0xx_hal_tim_ex.o
 .debug_info    0x0000000000020f3f     0x1df0 build/stm32f0xx_hal_uart.o
 .debug_info    0x0000000000022d2f      0x617 build/yabi.o
 .debug_info    0x0000000000023346       0x9e build/startup_stm32f051x8.o

.debug_abbrev   0x0000000000000000     0x47f9
 .debug_abbrev  0x0000000000000000      0x250 build/als.o
 .debug_abbrev  0x0000000000000250      0x1f1 build/beacon.o
 .debug_abbrev  0x0000000000000441       0x8e build/board_id.o
 .debug_abbrev  0x00000000000004cf      0x1ed build/color.o
 .debug_abbrev  0x00000000000006bc       0x9b build/crc.o
 .debug_abbrev  0x0000000000000757      0x22c build/iprintf.o
 .debug_abbrev  0x0000000000000983      0x429 build/ir.o
 .debug_abbrev  0x0000000000000dac      0x331 build/led.o
 .debug_abbrev  0x00000000000010dd      0x266 build/lighting.o
 .debug_abbrev  0x0000000000001343      0x1c5 build/main.o
 .debug_abbrev  0x0000000000001508      0x259 build/pattern.o
 .debug_abbrev  0x0000000000001761      0x244 build/platform_hw.o
 .debug_abbrev  0x00000000000019a5      0x21d build/stm32f0xx_hal_msp.o
 .debug_abbrev  0x0000000000001bc2      0x21a build/stm32f0xx_it.o
 .debug_abbrev  0x0000000000001ddc      0x1e6 build/system_stm32f0xx.o
 .debug_abbrev  0x0000000000001fc2       0x5d build/tables.o
 .debug_abbrev  0x000000000000201f      0x1f9 build/terrible_timer.o
 .debug_abbrev  0x0000000000002218      0x32a build/test.o
 .debug_abbrev  0x0000000000002542      0x21d build/test_patterns.o
 .debug_abbrev  0x000000000000275f       0x58 build/version.o
 .debug_abbrev  0x00000000000027b7      0x282 build/stm32f0xx_hal.o
 .debug_abbrev  0x0000000000002a39      0x280 build/stm32f0xx_hal_adc.o
 .debug_abbrev  0x0000000000002cb9      0x30d build/stm32f0xx_hal_cortex.o
 .debug_abbrev  0x0000000000002fc6      0x29e build/stm32f0xx_hal_dma.o
 .debug_abbrev  0x0000000000003264      0x268 build/stm32f0xx_hal_gpio.o
 .debug_abbrev  0x00000000000034cc      0x2c1 build/stm32f0xx_hal_i2c.o
 .debug_abbrev  0x000000000000378d      0x236 build/stm32f0xx_hal_i2c_ex.o
 .debug_abbrev  0x00000000000039c3      0x29d build/stm32f0xx_hal_rcc.o
 .debug_abbrev  0x0000000000003c60      0x23f build/stm32f0xx_hal_rcc_ex.o
 .debug_abbrev  0x0000000000003e9f      0x2c7 build/stm32f0xx_hal_tim.o
 .debug_abbrev  0x0000000000004166      0x2a4 build/stm32f0xx_hal_tim_ex.o
 .debug_abbrev  0x000000000000440a      0x28d build/stm32f0xx_hal_uart.o
 .debug_abbrev  0x0000000000004697      0x150 build/yabi.o
 .debug_abbrev  0x00000000000047e7       0x12 build/startup_stm32f051x8.o

.debug_loc      0x0000000000000000     0x6f33
 .debug_loc     0x0000000000000000       0xd4 build/als.o
 .debug_loc     0x00000000000000d4       0x9c build/beacon.o
 .debug_loc     0x0000000000000170       0x64 build/board_id.o
 .debug_loc     0x00000000000001d4       0x72 build/color.o
 .debug_loc     0x0000000000000246       0x38 build/crc.o
 .debug_loc     0x000000000000027e       0xb6 build/iprintf.o
 .debug_loc     0x0000000000000334      0x59e build/ir.o
 .debug_loc     0x00000000000008d2      0x4d6 build/led.o
 .debug_loc     0x0000000000000da8      0x1aa build/lighting.o
 .debug_loc     0x0000000000000f52       0x64 build/main.o
 .debug_loc     0x0000000000000fb6      0x1e0 build/pattern.o
 .debug_loc     0x0000000000001196      0x186 build/platform_hw.o
 .debug_loc     0x000000000000131c      0x188 build/stm32f0xx_hal_msp.o
 .debug_loc     0x00000000000014a4      0x14c build/stm32f0xx_it.o
 .debug_loc     0x00000000000015f0       0x64 build/system_stm32f0xx.o
 .debug_loc     0x0000000000001654      0x118 build/terrible_timer.o
 .debug_loc     0x000000000000176c      0x33c build/test.o
 .debug_loc     0x0000000000001aa8       0x9c build/test_patterns.o
 .debug_loc     0x0000000000001b44      0x304 build/stm32f0xx_hal.o
 .debug_loc     0x0000000000001e48      0x620 build/stm32f0xx_hal_adc.o
 .debug_loc     0x0000000000002468      0x468 build/stm32f0xx_hal_cortex.o
 .debug_loc     0x00000000000028d0      0x310 build/stm32f0xx_hal_dma.o
 .debug_loc     0x0000000000002be0      0x1c0 build/stm32f0xx_hal_gpio.o
 .debug_loc     0x0000000000002da0      0xff8 build/stm32f0xx_hal_i2c.o
 .debug_loc     0x0000000000003d98      0x150 build/stm32f0xx_hal_i2c_ex.o
 .debug_loc     0x0000000000003ee8      0x286 build/stm32f0xx_hal_rcc.o
 .debug_loc     0x000000000000416e       0xa8 build/stm32f0xx_hal_rcc_ex.o
 .debug_loc     0x0000000000004216     0x1730 build/stm32f0xx_hal_tim.o
 .debug_loc     0x0000000000005946      0x850 build/stm32f0xx_hal_tim_ex.o
 .debug_loc     0x0000000000006196      0xc40 build/stm32f0xx_hal_uart.o
 .debug_loc     0x0000000000006dd6      0x15d build/yabi.o

.debug_aranges  0x0000000000000000     0x1390
 .debug_aranges
                0x0000000000000000       0x38 build/als.o
 .debug_aranges
                0x0000000000000038       0x30 build/beacon.o
 .debug_aranges
                0x0000000000000068       0x28 build/board_id.o
 .debug_aranges
                0x0000000000000090       0x28 build/color.o
 .debug_aranges
                0x00000000000000b8       0x20 build/crc.o
 .debug_aranges
                0x00000000000000d8       0x30 build/iprintf.o
 .debug_aranges
                0x0000000000000108       0xf8 build/ir.o
 .debug_aranges
                0x0000000000000200       0xd8 build/led.o
 .debug_aranges
                0x00000000000002d8       0x58 build/lighting.o
 .debug_aranges
                0x0000000000000330       0x28 build/main.o
 .debug_aranges
                0x0000000000000358       0x60 build/pattern.o
 .debug_aranges
                0x00000000000003b8       0x58 build/platform_hw.o
 .debug_aranges
                0x0000000000000410       0x50 build/stm32f0xx_hal_msp.o
 .debug_aranges
                0x0000000000000460       0x50 build/stm32f0xx_it.o
 .debug_aranges
                0x00000000000004b0       0x28 build/system_stm32f0xx.o
 .debug_aranges
                0x00000000000004d8       0x18 build/tables.o
 .debug_aranges
                0x00000000000004f0       0x40 build/terrible_timer.o
 .debug_aranges
                0x0000000000000530       0x90 build/test.o
 .debug_aranges
                0x00000000000005c0       0x30 build/test_patterns.o
 .debug_aranges
                0x00000000000005f0       0x18 build/version.o
 .debug_aranges
                0x0000000000000608       0xa0 build/stm32f0xx_hal.o
 .debug_aranges
                0x00000000000006a8       0xf8 build/stm32f0xx_hal_adc.o
 .debug_aranges
                0x00000000000007a0       0xc0 build/stm32f0xx_hal_cortex.o
 .debug_aranges
                0x0000000000000860       0x88 build/stm32f0xx_hal_dma.o
 .debug_aranges
                0x00000000000008e8       0x58 build/stm32f0xx_hal_gpio.o
 .debug_aranges
                0x0000000000000940      0x260 build/stm32f0xx_hal_i2c.o
 .debug_aranges
                0x0000000000000ba0       0x48 build/stm32f0xx_hal_i2c_ex.o
 .debug_aranges
                0x0000000000000be8       0x80 build/stm32f0xx_hal_rcc.o
 .debug_aranges
                0x0000000000000c68       0x30 build/stm32f0xx_hal_rcc_ex.o
 .debug_aranges
                0x0000000000000c98      0x368 build/stm32f0xx_hal_tim.o
 .debug_aranges
                0x0000000000001000      0x148 build/stm32f0xx_hal_tim_ex.o
 .debug_aranges
                0x0000000000001148      0x1d8 build/stm32f0xx_hal_uart.o
 .debug_aranges
                0x0000000000001320       0x48 build/yabi.o
 .debug_aranges
                0x0000000000001368       0x28 build/startup_stm32f051x8.o

.debug_ranges   0x0000000000000000     0x1168
 .debug_ranges  0x0000000000000000       0x28 build/als.o
 .debug_ranges  0x0000000000000028       0x20 build/beacon.o
 .debug_ranges  0x0000000000000048       0x18 build/board_id.o
 .debug_ranges  0x0000000000000060       0x18 build/color.o
 .debug_ranges  0x0000000000000078       0x10 build/crc.o
 .debug_ranges  0x0000000000000088       0x20 build/iprintf.o
 .debug_ranges  0x00000000000000a8       0xe8 build/ir.o
 .debug_ranges  0x0000000000000190       0xc8 build/led.o
 .debug_ranges  0x0000000000000258       0x48 build/lighting.o
 .debug_ranges  0x00000000000002a0       0x18 build/main.o
 .debug_ranges  0x00000000000002b8       0x50 build/pattern.o
 .debug_ranges  0x0000000000000308       0x48 build/platform_hw.o
 .debug_ranges  0x0000000000000350       0x40 build/stm32f0xx_hal_msp.o
 .debug_ranges  0x0000000000000390       0x40 build/stm32f0xx_it.o
 .debug_ranges  0x00000000000003d0       0x18 build/system_stm32f0xx.o
 .debug_ranges  0x00000000000003e8       0x30 build/terrible_timer.o
 .debug_ranges  0x0000000000000418       0x80 build/test.o
 .debug_ranges  0x0000000000000498       0x20 build/test_patterns.o
 .debug_ranges  0x00000000000004b8       0x90 build/stm32f0xx_hal.o
 .debug_ranges  0x0000000000000548       0xe8 build/stm32f0xx_hal_adc.o
 .debug_ranges  0x0000000000000630       0xb0 build/stm32f0xx_hal_cortex.o
 .debug_ranges  0x00000000000006e0       0x78 build/stm32f0xx_hal_dma.o
 .debug_ranges  0x0000000000000758       0x48 build/stm32f0xx_hal_gpio.o
 .debug_ranges  0x00000000000007a0      0x250 build/stm32f0xx_hal_i2c.o
 .debug_ranges  0x00000000000009f0       0x38 build/stm32f0xx_hal_i2c_ex.o
 .debug_ranges  0x0000000000000a28       0x70 build/stm32f0xx_hal_rcc.o
 .debug_ranges  0x0000000000000a98       0x20 build/stm32f0xx_hal_rcc_ex.o
 .debug_ranges  0x0000000000000ab8      0x358 build/stm32f0xx_hal_tim.o
 .debug_ranges  0x0000000000000e10      0x138 build/stm32f0xx_hal_tim_ex.o
 .debug_ranges  0x0000000000000f48      0x1c8 build/stm32f0xx_hal_uart.o
 .debug_ranges  0x0000000000001110       0x38 build/yabi.o
 .debug_ranges  0x0000000000001148       0x20 build/startup_stm32f051x8.o

.debug_line     0x0000000000000000     0x9436
 .debug_line    0x0000000000000000      0x2af build/als.o
 .debug_line    0x00000000000002af      0x1b0 build/beacon.o
 .debug_line    0x000000000000045f      0x103 build/board_id.o
 .debug_line    0x0000000000000562      0x237 build/color.o
 .debug_line    0x0000000000000799      0x106 build/crc.o
 .debug_line    0x000000000000089f      0x29e build/iprintf.o
 .debug_line    0x0000000000000b3d      0x5ac build/ir.o
 .debug_line    0x00000000000010e9      0x556 build/led.o
 .debug_line    0x000000000000163f      0x2c5 build/lighting.o
 .debug_line    0x0000000000001904      0x1fb build/main.o
 .debug_line    0x0000000000001aff      0x295 build/pattern.o
 .debug_line    0x0000000000001d94      0x361 build/platform_hw.o
 .debug_line    0x00000000000020f5      0x340 build/stm32f0xx_hal_msp.o
 .debug_line    0x0000000000002435      0x2dc build/stm32f0xx_it.o
 .debug_line    0x0000000000002711      0x1ef build/system_stm32f0xx.o
 .debug_line    0x0000000000002900       0xd6 build/tables.o
 .debug_line    0x00000000000029d6      0x212 build/terrible_timer.o
 .debug_line    0x0000000000002be8      0x3c8 build/test.o
 .debug_line    0x0000000000002fb0      0x295 build/test_patterns.o
 .debug_line    0x0000000000003245       0xe8 build/version.o
 .debug_line    0x000000000000332d      0x365 build/stm32f0xx_hal.o
 .debug_line    0x0000000000003692      0x7cb build/stm32f0xx_hal_adc.o
 .debug_line    0x0000000000003e5d      0x3c6 build/stm32f0xx_hal_cortex.o
 .debug_line    0x0000000000004223      0x43b build/stm32f0xx_hal_dma.o
 .debug_line    0x000000000000465e      0x3a6 build/stm32f0xx_hal_gpio.o
 .debug_line    0x0000000000004a04     0x12f1 build/stm32f0xx_hal_i2c.o
 .debug_line    0x0000000000005cf5      0x378 build/stm32f0xx_hal_i2c_ex.o
 .debug_line    0x000000000000606d      0x497 build/stm32f0xx_hal_rcc.o
 .debug_line    0x0000000000006504      0x31b build/stm32f0xx_hal_rcc_ex.o
 .debug_line    0x000000000000681f     0x14f1 build/stm32f0xx_hal_tim.o
 .debug_line    0x0000000000007d10      0x8b8 build/stm32f0xx_hal_tim_ex.o
 .debug_line    0x00000000000085c8      0xbac build/stm32f0xx_hal_uart.o
 .debug_line    0x0000000000009174      0x213 build/yabi.o
 .debug_line    0x0000000000009387       0xaf build/startup_stm32f051x8.o

.debug_str      0x0000000000000000     0x5713
 .debug_str     0x0000000000000000      0xa02 build/als.o
                                        0xac6 (size before relaxing)
 .debug_str     0x0000000000000a02       0x8b build/beacon.o
                                        0x5dd (size before relaxing)
 .debug_str     0x0000000000000a8d       0x26 build/board_id.o
                                        0x18b (size before relaxing)
 .debug_str     0x0000000000000ab3       0x84 build/color.o
                                        0x5c9 (size before relaxing)
 .debug_str     0x0000000000000b37       0x1d build/crc.o
                                        0x16e (size before relaxing)
 .debug_str     0x0000000000000b54      0x2bb build/iprintf.o
                                        0xa49 (size before relaxing)
 .debug_str     0x0000000000000e0f      0x7c1 build/ir.o
                                       0x106e (size before relaxing)
 .debug_str     0x00000000000015d0      0x6e2 build/led.o
                                       0x10ff (size before relaxing)
 .debug_str     0x0000000000001cb2      0x37c build/lighting.o
                                        0xa89 (size before relaxing)
 .debug_str     0x000000000000202e       0x52 build/main.o
                                        0x60e (size before relaxing)
 .debug_str     0x0000000000002080      0x238 build/pattern.o
                                        0x821 (size before relaxing)
 .debug_str     0x00000000000022b8      0x245 build/platform_hw.o
                                       0x1198 (size before relaxing)
 .debug_str     0x00000000000024fd       0xa6 build/stm32f0xx_hal_msp.o
                                       0x11aa (size before relaxing)
 .debug_str     0x00000000000025a3       0xc1 build/stm32f0xx_it.o
                                        0xd85 (size before relaxing)
 .debug_str     0x0000000000002664       0x57 build/system_stm32f0xx.o
                                        0x628 (size before relaxing)
 .debug_str     0x00000000000026bb       0x1a build/tables.o
                                        0x193 (size before relaxing)
 .debug_str     0x00000000000026d5       0x82 build/terrible_timer.o
                                        0x650 (size before relaxing)
 .debug_str     0x0000000000002757      0x257 build/test.o
                                        0x8f1 (size before relaxing)
 .debug_str     0x00000000000029ae       0xa4 build/test_patterns.o
                                        0x690 (size before relaxing)
 .debug_str     0x0000000000002a52        0xe build/version.o
                                        0x16c (size before relaxing)
 .debug_str     0x0000000000002a60      0x1cc build/stm32f0xx_hal.o
                                        0x99f (size before relaxing)
 .debug_str     0x0000000000002c2c      0x31f build/stm32f0xx_hal_adc.o
                                        0xc7d (size before relaxing)
 .debug_str     0x0000000000002f4b      0x1e5 build/stm32f0xx_hal_cortex.o
                                        0xa0f (size before relaxing)
 .debug_str     0x0000000000003130      0x24f build/stm32f0xx_hal_dma.o
                                        0xa05 (size before relaxing)
 .debug_str     0x000000000000337f       0xed build/stm32f0xx_hal_gpio.o
                                        0x802 (size before relaxing)
 .debug_str     0x000000000000346c      0x772 build/stm32f0xx_hal_i2c.o
                                       0x1237 (size before relaxing)
 .debug_str     0x0000000000003bde       0xf0 build/stm32f0xx_hal_i2c_ex.o
                                        0xbcb (size before relaxing)
 .debug_str     0x0000000000003cce      0x1cc build/stm32f0xx_hal_rcc.o
                                        0x9b4 (size before relaxing)
 .debug_str     0x0000000000003e9a       0xae build/stm32f0xx_hal_rcc_ex.o
                                        0x77b (size before relaxing)
 .debug_str     0x0000000000003f48      0xbfe build/stm32f0xx_hal_tim.o
                                       0x16dc (size before relaxing)
 .debug_str     0x0000000000004b46      0x4b8 build/stm32f0xx_hal_tim_ex.o
                                       0x103d (size before relaxing)
 .debug_str     0x0000000000004ffe      0x5c9 build/stm32f0xx_hal_uart.o
                                       0x10e7 (size before relaxing)
 .debug_str     0x00000000000055c7      0x14c build/yabi.o
                                        0x537 (size before relaxing)

.comment        0x0000000000000000       0x6e
 .comment       0x0000000000000000       0x6e build/als.o
                                         0x6f (size before relaxing)
 .comment       0x000000000000006e       0x6f build/beacon.o
 .comment       0x000000000000006e       0x6f build/board_id.o
 .comment       0x000000000000006e       0x6f build/color.o
 .comment       0x000000000000006e       0x6f build/crc.o
 .comment       0x000000000000006e       0x6f build/iprintf.o
 .comment       0x000000000000006e       0x6f build/ir.o
 .comment       0x000000000000006e       0x6f build/led.o
 .comment       0x000000000000006e       0x6f build/lighting.o
 .comment       0x000000000000006e       0x6f build/main.o
 .comment       0x000000000000006e       0x6f build/pattern.o
 .comment       0x000000000000006e       0x6f build/platform_hw.o
 .comment       0x000000000000006e       0x6f build/stm32f0xx_hal_msp.o
 .comment       0x000000000000006e       0x6f build/stm32f0xx_it.o
 .comment       0x000000000000006e       0x6f build/system_stm32f0xx.o
 .comment       0x000000000000006e       0x6f build/tables.o